Archive member included to satisfy reference by file (symbol)

git/libcmake_git_version_tracking.a(git.c.obj)
                              CMakeFiles/main_standalone.dir/core/main.c.obj (git_IsPopulated)
/usr/lib/gcc/arm-none-eabi/10.3.1/thumb/v6-m/nofp/libgcc.a(_dvmd_tls.o)
                              CMakeFiles/main_standalone.dir/home/runner/work/firmware/firmware/lib/pico-sdk/src/rp2_common/pico_divider/divider.S.obj (__aeabi_idiv0)
/usr/lib/gcc/arm-none-eabi/10.3.1/../../../arm-none-eabi/lib/thumb/v6-m/nofp/libg.a(lib_a-atexit.o)
                              /usr/lib/gcc/arm-none-eabi/10.3.1/../../../arm-none-eabi/lib/thumb/v6-m/nofp/crt0.o (atexit)
/usr/lib/gcc/arm-none-eabi/10.3.1/../../../arm-none-eabi/lib/thumb/v6-m/nofp/libg.a(lib_a-calloc.o)
                              CMakeFiles/main_standalone.dir/home/runner/work/firmware/firmware/lib/pico-sdk/src/rp2_common/pico_malloc/pico_malloc.c.obj (calloc)
/usr/lib/gcc/arm-none-eabi/10.3.1/../../../arm-none-eabi/lib/thumb/v6-m/nofp/libg.a(lib_a-callocr.o)
                              /usr/lib/gcc/arm-none-eabi/10.3.1/../../../arm-none-eabi/lib/thumb/v6-m/nofp/libg.a(lib_a-calloc.o) (_calloc_r)
/usr/lib/gcc/arm-none-eabi/10.3.1/../../../arm-none-eabi/lib/thumb/v6-m/nofp/libg.a(lib_a-fini.o)
                              /usr/lib/gcc/arm-none-eabi/10.3.1/../../../arm-none-eabi/lib/thumb/v6-m/nofp/crt0.o (__libc_fini_array)
/usr/lib/gcc/arm-none-eabi/10.3.1/../../../arm-none-eabi/lib/thumb/v6-m/nofp/libg.a(lib_a-impure.o)
                              /usr/lib/gcc/arm-none-eabi/10.3.1/../../../arm-none-eabi/lib/thumb/v6-m/nofp/libg.a(lib_a-calloc.o) (_impure_ptr)
/usr/lib/gcc/arm-none-eabi/10.3.1/../../../arm-none-eabi/lib/thumb/v6-m/nofp/libg.a(lib_a-init.o)
                              /usr/lib/gcc/arm-none-eabi/10.3.1/../../../arm-none-eabi/lib/thumb/v6-m/nofp/crt0.o (__libc_init_array)
/usr/lib/gcc/arm-none-eabi/10.3.1/../../../arm-none-eabi/lib/thumb/v6-m/nofp/libg.a(lib_a-malloc.o)
                              CMakeFiles/main_standalone.dir/home/runner/work/firmware/firmware/lib/pico-sdk/src/rp2_common/pico_malloc/pico_malloc.c.obj (malloc)
/usr/lib/gcc/arm-none-eabi/10.3.1/../../../arm-none-eabi/lib/thumb/v6-m/nofp/libg.a(lib_a-mallocr.o)
                              /usr/lib/gcc/arm-none-eabi/10.3.1/../../../arm-none-eabi/lib/thumb/v6-m/nofp/libg.a(lib_a-callocr.o) (_malloc_r)
/usr/lib/gcc/arm-none-eabi/10.3.1/../../../arm-none-eabi/lib/thumb/v6-m/nofp/libg.a(lib_a-mlock.o)
                              /usr/lib/gcc/arm-none-eabi/10.3.1/../../../arm-none-eabi/lib/thumb/v6-m/nofp/libg.a(lib_a-mallocr.o) (__malloc_lock)
/usr/lib/gcc/arm-none-eabi/10.3.1/../../../arm-none-eabi/lib/thumb/v6-m/nofp/libg.a(lib_a-realloc.o)
                              CMakeFiles/main_standalone.dir/home/runner/work/firmware/firmware/lib/pico-sdk/src/rp2_common/pico_malloc/pico_malloc.c.obj (realloc)
/usr/lib/gcc/arm-none-eabi/10.3.1/../../../arm-none-eabi/lib/thumb/v6-m/nofp/libg.a(lib_a-reallocr.o)
                              /usr/lib/gcc/arm-none-eabi/10.3.1/../../../arm-none-eabi/lib/thumb/v6-m/nofp/libg.a(lib_a-realloc.o) (_realloc_r)
/usr/lib/gcc/arm-none-eabi/10.3.1/../../../arm-none-eabi/lib/thumb/v6-m/nofp/libg.a(lib_a-sbrkr.o)
                              /usr/lib/gcc/arm-none-eabi/10.3.1/../../../arm-none-eabi/lib/thumb/v6-m/nofp/libg.a(lib_a-mallocr.o) (_sbrk_r)
/usr/lib/gcc/arm-none-eabi/10.3.1/../../../arm-none-eabi/lib/thumb/v6-m/nofp/libg.a(lib_a-strcpy.o)
                              CMakeFiles/main_standalone.dir/core/usb/vendor_request.c.obj (strcpy)
/usr/lib/gcc/arm-none-eabi/10.3.1/../../../arm-none-eabi/lib/thumb/v6-m/nofp/libg.a(lib_a-strlen-stub.o)
                              CMakeFiles/main_standalone.dir/core/tinyusb-config/usb_descriptors.c.obj (strlen)
/usr/lib/gcc/arm-none-eabi/10.3.1/../../../arm-none-eabi/lib/thumb/v6-m/nofp/libg.a(lib_a-__atexit.o)
                              /usr/lib/gcc/arm-none-eabi/10.3.1/../../../arm-none-eabi/lib/thumb/v6-m/nofp/libg.a(lib_a-atexit.o) (__register_exitproc)
/usr/lib/gcc/arm-none-eabi/10.3.1/../../../arm-none-eabi/lib/thumb/v6-m/nofp/libg.a(lib_a-freer.o)
                              /usr/lib/gcc/arm-none-eabi/10.3.1/../../../arm-none-eabi/lib/thumb/v6-m/nofp/libg.a(lib_a-malloc.o) (_free_r)
/usr/lib/gcc/arm-none-eabi/10.3.1/../../../arm-none-eabi/lib/thumb/v6-m/nofp/libg.a(lib_a-memmove.o)
                              /usr/lib/gcc/arm-none-eabi/10.3.1/../../../arm-none-eabi/lib/thumb/v6-m/nofp/libg.a(lib_a-reallocr.o) (memmove)
/usr/lib/gcc/arm-none-eabi/10.3.1/../../../arm-none-eabi/lib/thumb/v6-m/nofp/libg.a(lib_a-reent.o)
                              /usr/lib/gcc/arm-none-eabi/10.3.1/../../../arm-none-eabi/lib/thumb/v6-m/nofp/libg.a(lib_a-sbrkr.o) (errno)

Discarded input sections

 .text          0x0000000000000000        0x0 /usr/lib/gcc/arm-none-eabi/10.3.1/thumb/v6-m/nofp/crti.o
[...]
Memory Configuration

Name             Origin             Length             Attributes
FLASH            0x0000000010000000 0x0000000000200000 xr
RAM              0x0000000020000000 0x0000000000040000 xrw
SCRATCH_X        0x0000000020040000 0x0000000000001000 xrw
SCRATCH_Y        0x0000000020041000 0x0000000000001000 xrw
*default*        0x0000000000000000 0xffffffffffffffff

Linker script and memory map

LOAD /usr/lib/gcc/arm-none-eabi/10.3.1/thumb/v6-m/nofp/crti.o
LOAD /usr/lib/gcc/arm-none-eabi/10.3.1/thumb/v6-m/nofp/crtbegin.o
LOAD /usr/lib/gcc/arm-none-eabi/10.3.1/../../../arm-none-eabi/lib/thumb/v6-m/nofp/crt0.o
                0x0000000000000000                __BUILD_INCLUDES_FLASHLOADER = 0x0

.flash_begin    0x0000000010000000        0x0
                0x0000000010000000                __flash_binary_start = .

.boot2          0x0000000010000000      0x100
                0x0000000010000000                __boot2_start__ = .
 *(.boot2)
 .boot2         0x0000000010000000      0x100 /tmp/ccWSXJ8P.o
                0x0000000010000100                __boot2_end__ = .
                0x0000000000000001                ASSERT (((__boot2_end__ - __boot2_start__) == 0x100), ERROR: Pico second stage bootloader must be 256 bytes in size)

.text           0x0000000010000100     0xb9f8
                0x0000000010000100                __logical_binary_start = .
 *(.vectors)
 .vectors       0x0000000010000100       0xd4 CMakeFiles/main_standalone.dir/home/runner/work/firmware/firmware/lib/pico-sdk/src/rp2_common/pico_standard_link/crt0.S.obj
                0x0000000010000100                __vectors
                0x0000000010000100                __VECTOR_TABLE
                0x00000000100001c0                isr_invalid
                0x00000000100001c0                __default_isrs_start
                0x00000000100001c2                isr_nmi
                0x00000000100001c4                isr_hardfault
                0x00000000100001c6                isr_svcall
                0x00000000100001c8                isr_pendsv
                0x00000000100001ca                isr_systick
                0x00000000100001cc                isr_irq30
                0x00000000100001cc                __unhandled_user_irq
                0x00000000100001cc                isr_irq13
                0x00000000100001cc                isr_irq27
                0x00000000100001cc                isr_irq31
                0x00000000100001cc                isr_irq5
                0x00000000100001cc                isr_irq11
                0x00000000100001cc                isr_irq23
                0x00000000100001cc                isr_irq18
                0x00000000100001cc                isr_irq28
                0x00000000100001cc                isr_irq19
                0x00000000100001cc                isr_irq0
                0x00000000100001cc                isr_irq6
                0x00000000100001cc                isr_irq22
                0x00000000100001cc                isr_irq17
                0x00000000100001cc                isr_irq14
                0x00000000100001cc                isr_irq2
                0x00000000100001cc                isr_irq10
                0x00000000100001cc                isr_irq8
                0x00000000100001cc                isr_irq24
                0x00000000100001cc                isr_irq1
                0x00000000100001cc                isr_irq7
                0x00000000100001cc                isr_irq21
                0x00000000100001cc                isr_irq20
                0x00000000100001cc                isr_irq15
                0x00000000100001cc                isr_irq25
                0x00000000100001cc                isr_irq4
                0x00000000100001cc                isr_irq16
                0x00000000100001cc                isr_irq29
                0x00000000100001cc                isr_irq26
                0x00000000100001cc                __default_isrs_end
                0x00000000100001cc                isr_irq3
                0x00000000100001cc                isr_irq12
                0x00000000100001cc                isr_irq9
                0x00000000100001d2                unhandled_user_irq_num_in_r0
 *(.binary_info_header)
 .binary_info_header
                0x00000000100001d4       0x14 CMakeFiles/main_standalone.dir/home/runner/work/firmware/firmware/lib/pico-sdk/src/rp2_common/pico_standard_link/crt0.S.obj
                0x00000000100001e8                __binary_info_header_end = .
 *(.reset)
 .reset         0x00000000100001e8       0xa0 CMakeFiles/main_standalone.dir/home/runner/work/firmware/firmware/lib/pico-sdk/src/rp2_common/pico_standard_link/crt0.S.obj
                0x00000000100001e8                _entry_point
 .reset         0x0000000010000288       0x30 CMakeFiles/main_standalone.dir/home/runner/work/firmware/firmware/lib/pico-sdk/src/rp2_common/pico_standard_link/binary_info.c.obj
 *(.init)
 .init          0x00000000100002b8        0x4 /usr/lib/gcc/arm-none-eabi/10.3.1/thumb/v6-m/nofp/crti.o
                0x00000000100002b8                _init
 *(EXCLUDE_FILE(*libm.a: *libc.a:*lib_a-mem*.o *libgcc.a:) .text*)
 .text          0x00000000100002bc       0x98 /usr/lib/gcc/arm-none-eabi/10.3.1/thumb/v6-m/nofp/crtbegin.o
 .text.prvSetupHardware
                0x0000000010000354        0x8 CMakeFiles/main_standalone.dir/core/main.c.obj
 .text.prvSerialDisplaySystemInfo
                0x000000001000035c       0x64 CMakeFiles/main_standalone.dir/core/main.c.obj
                0x000000001000035c                prvSerialDisplaySystemInfo
 .text.main     0x00000000100003c0      0x138 CMakeFiles/main_standalone.dir/core/main.c.obj
                0x00000000100003c0                main
 .text.getFeatureSet
                0x00000000100004f8       0x1c CMakeFiles/main_standalone.dir/core/feature_set.c.obj
                0x00000000100004f8                getFeatureSet
 .text.pvCreateSemaphores
                0x0000000010000514       0x14 CMakeFiles/main_standalone.dir/core/semaphores.c.obj
                0x0000000010000514                pvCreateSemaphores
 .text.initGPIO
                0x0000000010000528       0x1e CMakeFiles/main_standalone.dir/core/determine_device_type.c.obj
                0x0000000010000528                initGPIO
 .text.setBitPosition
                0x0000000010000546        0xc CMakeFiles/main_standalone.dir/core/determine_device_type.c.obj
                0x0000000010000546                setBitPosition
 .text.determineDevice
                0x0000000010000552       0x42 CMakeFiles/main_standalone.dir/core/determine_device_type.c.obj
                0x0000000010000552                determineDevice
 .text.usb_device_task
                0x0000000010000594       0x1a CMakeFiles/main_standalone.dir/core/usb/tasks.c.obj
                0x0000000010000594                usb_device_task
 .text.cdc_task
                0x00000000100005ae       0x28 CMakeFiles/main_standalone.dir/core/usb/tasks.c.obj
                0x00000000100005ae                cdc_task
 *fill*         0x00000000100005d6        0x2 
 .text.pvCreateUsbTasks
                0x00000000100005d8       0x48 CMakeFiles/main_standalone.dir/core/usb/tasks.c.obj
                0x00000000100005d8                pvCreateUsbTasks
 .text.handle_custom_vendor_req
                0x0000000010000620      0x118 CMakeFiles/main_standalone.dir/core/usb/vendor_request.c.obj
                0x0000000010000620                handle_custom_vendor_req
 .text.tud_vendor_control_xfer_cb
                0x0000000010000738       0xa4 CMakeFiles/main_standalone.dir/core/usb/webusb.c.obj
                0x0000000010000738                tud_vendor_control_xfer_cb
 .text.tud_descriptor_device_cb
                0x00000000100007dc        0x8 CMakeFiles/main_standalone.dir/core/tinyusb-config/usb_descriptors.c.obj
                0x00000000100007dc                tud_descriptor_device_cb
 .text.tud_descriptor_configuration_cb
                0x00000000100007e4        0x8 CMakeFiles/main_standalone.dir/core/tinyusb-config/usb_descriptors.c.obj
                0x00000000100007e4                tud_descriptor_configuration_cb
 .text.tud_descriptor_bos_cb
                0x00000000100007ec        0x8 CMakeFiles/main_standalone.dir/core/tinyusb-config/usb_descriptors.c.obj
                0x00000000100007ec                tud_descriptor_bos_cb
 .text.tud_descriptor_string_cb
                0x00000000100007f4       0x60 CMakeFiles/main_standalone.dir/core/tinyusb-config/usb_descriptors.c.obj
                0x00000000100007f4                tud_descriptor_string_cb
 .text.bulk_queue_task
                0x0000000010000854       0x30 CMakeFiles/main_standalone.dir/core/tasks/bulk.c.obj
                0x0000000010000854                bulk_queue_task
 .text.pvRegisterBulkQueueTask
                0x0000000010000884       0x28 CMakeFiles/main_standalone.dir/core/tasks/bulk.c.obj
                0x0000000010000884                pvRegisterBulkQueueTask
 .text.getQueueHandle
                0x00000000100008ac        0xc CMakeFiles/main_standalone.dir/core/tasks/bulk.c.obj
                0x00000000100008ac                getQueueHandle
 .text.pvCreateBulkQueue
                0x00000000100008b8       0x2c CMakeFiles/main_standalone.dir/core/tasks/bulk.c.obj
                0x00000000100008b8                pvCreateBulkQueue
 .text.mcu_temp_task
                0x00000000100008e4       0xa4 CMakeFiles/main_standalone.dir/core/tasks/mcu_temperature.c.obj
                0x00000000100008e4                mcu_temp_task
 .text.pvRegisterMcuTempTask
                0x0000000010000988       0x28 CMakeFiles/main_standalone.dir/core/tasks/mcu_temperature.c.obj
                0x0000000010000988                pvRegisterMcuTempTask
 .text.mcp3008_init_hardware
                0x00000000100009b0       0x72 CMakeFiles/main_standalone.dir/core/mcp3008/hardware/mcp3008_hardware.c.obj
                0x00000000100009b0                mcp3008_init_hardware
 *fill*         0x0000000010000a22        0x2 
 .text.mcp3008_read_hardware
                0x0000000010000a24       0x90 CMakeFiles/main_standalone.dir/core/mcp3008/hardware/mcp3008_hardware.c.obj
                0x0000000010000a24                mcp3008_read_hardware
 .text.mcp3008_init_pio
                0x0000000010000ab4      0x244 CMakeFiles/main_standalone.dir/core/mcp3008/pio/mcp3008_pio.c.obj
                0x0000000010000ab4                mcp3008_init_pio
 .text.mcp3008_read_pio
                0x0000000010000cf8       0x8c CMakeFiles/main_standalone.dir/core/mcp3008/pio/mcp3008_pio.c.obj
                0x0000000010000cf8                mcp3008_read_pio
 .text.spi_set_baudrate
                0x0000000010000d84       0xcc CMakeFiles/main_standalone.dir/home/runner/work/firmware/firmware/lib/pico-sdk/src/rp2_common/hardware_spi/spi.c.obj
                0x0000000010000d84                spi_set_baudrate
 .text.spi_init
                0x0000000010000e50       0x74 CMakeFiles/main_standalone.dir/home/runner/work/firmware/firmware/lib/pico-sdk/src/rp2_common/hardware_spi/spi.c.obj
                0x0000000010000e50                spi_init
 .text.running_on_fpga
                0x0000000010000ec4       0x14 CMakeFiles/main_standalone.dir/home/runner/work/firmware/firmware/lib/pico-sdk/src/rp2_common/pico_platform/platform.c.obj
                0x0000000010000ec4                running_on_fpga
 .text.hw_claim_lock
                0x0000000010000ed8       0x18 CMakeFiles/main_standalone.dir/home/runner/work/firmware/firmware/lib/pico-sdk/src/rp2_common/hardware_claim/claim.c.obj
                0x0000000010000ed8                hw_claim_lock
 .text.hw_claim_unlock
                0x0000000010000ef0       0x14 CMakeFiles/main_standalone.dir/home/runner/work/firmware/firmware/lib/pico-sdk/src/rp2_common/hardware_claim/claim.c.obj
                0x0000000010000ef0                hw_claim_unlock
 .text.hw_claim_or_assert
                0x0000000010000f04       0x32 CMakeFiles/main_standalone.dir/home/runner/work/firmware/firmware/lib/pico-sdk/src/rp2_common/hardware_claim/claim.c.obj
                0x0000000010000f04                hw_claim_or_assert
 .text.hw_claim_unused_from_range
                0x0000000010000f36       0x50 CMakeFiles/main_standalone.dir/home/runner/work/firmware/firmware/lib/pico-sdk/src/rp2_common/hardware_claim/claim.c.obj
                0x0000000010000f36                hw_claim_unused_from_range
 *fill*         0x0000000010000f86        0x2 
 .text.spin_locks_reset
                0x0000000010000f88       0x20 CMakeFiles/main_standalone.dir/home/runner/work/firmware/firmware/lib/pico-sdk/src/rp2_common/hardware_sync/sync.c.obj
                0x0000000010000f88                spin_locks_reset
 .text.next_striped_spin_lock_num
                0x0000000010000fa8       0x1c CMakeFiles/main_standalone.dir/home/runner/work/firmware/firmware/lib/pico-sdk/src/rp2_common/hardware_sync/sync.c.obj
                0x0000000010000fa8                next_striped_spin_lock_num
 .text.spin_lock_claim
                0x0000000010000fc4       0x18 CMakeFiles/main_standalone.dir/home/runner/work/firmware/firmware/lib/pico-sdk/src/rp2_common/hardware_sync/sync.c.obj
                0x0000000010000fc4                spin_lock_claim
 .text.spin_lock_claim_unused
                0x0000000010000fdc       0x20 CMakeFiles/main_standalone.dir/home/runner/work/firmware/firmware/lib/pico-sdk/src/rp2_common/hardware_sync/sync.c.obj
                0x0000000010000fdc                spin_lock_claim_unused
 .text.clock_configure
                0x0000000010000ffc      0x108 CMakeFiles/main_standalone.dir/home/runner/work/firmware/firmware/lib/pico-sdk/src/rp2_common/hardware_clocks/clocks.c.obj
                0x0000000010000ffc                clock_configure
 .text.clocks_init
                0x0000000010001104      0x100 CMakeFiles/main_standalone.dir/home/runner/work/firmware/firmware/lib/pico-sdk/src/rp2_common/hardware_clocks/clocks.c.obj
                0x0000000010001104                clocks_init
 .text.clock_get_hz
                0x0000000010001204        0xc CMakeFiles/main_standalone.dir/home/runner/work/firmware/firmware/lib/pico-sdk/src/rp2_common/hardware_clocks/clocks.c.obj
                0x0000000010001204                clock_get_hz
 .text.gpio_set_function
                0x0000000010001210       0x30 CMakeFiles/main_standalone.dir/home/runner/work/firmware/firmware/lib/pico-sdk/src/rp2_common/hardware_gpio/gpio.c.obj
                0x0000000010001210                gpio_set_function
 .text.gpio_set_pulls
                0x0000000010001240       0x34 CMakeFiles/main_standalone.dir/home/runner/work/firmware/firmware/lib/pico-sdk/src/rp2_common/hardware_gpio/gpio.c.obj
                0x0000000010001240                gpio_set_pulls
 .text.gpio_set_outover
                0x0000000010001274       0x24 CMakeFiles/main_standalone.dir/home/runner/work/firmware/firmware/lib/pico-sdk/src/rp2_common/hardware_gpio/gpio.c.obj
                0x0000000010001274                gpio_set_outover
 .text.gpio_init
                0x0000000010001298       0x16 CMakeFiles/main_standalone.dir/home/runner/work/firmware/firmware/lib/pico-sdk/src/rp2_common/hardware_gpio/gpio.c.obj
                0x0000000010001298                gpio_init
 *fill*         0x00000000100012ae        0x2 
 .text.set_raw_irq_handler_and_unlock
                0x00000000100012b0       0x28 CMakeFiles/main_standalone.dir/home/runner/work/firmware/firmware/lib/pico-sdk/src/rp2_common/hardware_irq/irq.c.obj
 .text.make_branch
                0x00000000100012d8       0x48 CMakeFiles/main_standalone.dir/home/runner/work/firmware/firmware/lib/pico-sdk/src/rp2_common/hardware_irq/irq.c.obj
 .text.insert_branch_and_link
                0x0000000010001320       0x40 CMakeFiles/main_standalone.dir/home/runner/work/firmware/firmware/lib/pico-sdk/src/rp2_common/hardware_irq/irq.c.obj
 .text.irq_is_enabled
                0x0000000010001360       0x18 CMakeFiles/main_standalone.dir/home/runner/work/firmware/firmware/lib/pico-sdk/src/rp2_common/hardware_irq/irq.c.obj
                0x0000000010001360                irq_is_enabled
 .text.irq_set_mask_enabled
                0x0000000010001378       0x20 CMakeFiles/main_standalone.dir/home/runner/work/firmware/firmware/lib/pico-sdk/src/rp2_common/hardware_irq/irq.c.obj
                0x0000000010001378                irq_set_mask_enabled
 .text.irq_set_enabled
                0x0000000010001398        0xe CMakeFiles/main_standalone.dir/home/runner/work/firmware/firmware/lib/pico-sdk/src/rp2_common/hardware_irq/irq.c.obj
                0x0000000010001398                irq_set_enabled
 *fill*         0x00000000100013a6        0x2 
 .text.irq_get_vtable_handler
                0x00000000100013a8       0x10 CMakeFiles/main_standalone.dir/home/runner/work/firmware/firmware/lib/pico-sdk/src/rp2_common/hardware_irq/irq.c.obj
                0x00000000100013a8                irq_get_vtable_handler
 .text.irq_set_exclusive_handler
                0x00000000100013b8       0x54 CMakeFiles/main_standalone.dir/home/runner/work/firmware/firmware/lib/pico-sdk/src/rp2_common/hardware_irq/irq.c.obj
                0x00000000100013b8                irq_set_exclusive_handler
 .text.irq_add_shared_handler
                0x000000001000140c      0x234 CMakeFiles/main_standalone.dir/home/runner/work/firmware/firmware/lib/pico-sdk/src/rp2_common/hardware_irq/irq.c.obj
                0x000000001000140c                irq_add_shared_handler
 .text.irq_remove_handler
                0x0000000010001640      0x1ac CMakeFiles/main_standalone.dir/home/runner/work/firmware/firmware/lib/pico-sdk/src/rp2_common/hardware_irq/irq.c.obj
                0x0000000010001640                irq_remove_handler
 .text.irq_set_priority
                0x00000000100017ec       0x28 CMakeFiles/main_standalone.dir/home/runner/work/firmware/firmware/lib/pico-sdk/src/rp2_common/hardware_irq/irq.c.obj
                0x00000000100017ec                irq_set_priority
 .text.irq_add_tail_to_free_list
                0x0000000010001814       0xf0 CMakeFiles/main_standalone.dir/home/runner/work/firmware/firmware/lib/pico-sdk/src/rp2_common/hardware_irq/irq.c.obj
                0x0000000010001814                irq_add_tail_to_free_list
 .text.irq_init_priorities
                0x0000000010001904       0x1c CMakeFiles/main_standalone.dir/home/runner/work/firmware/firmware/lib/pico-sdk/src/rp2_common/hardware_irq/irq.c.obj
                0x0000000010001904                irq_init_priorities
 .text.lock_init
                0x0000000010001920       0x10 CMakeFiles/main_standalone.dir/home/runner/work/firmware/firmware/lib/pico-sdk/src/common/pico_sync/lock_core.c.obj
                0x0000000010001920                lock_init
 .text.mutex_init
                0x0000000010001930       0x1c CMakeFiles/main_standalone.dir/home/runner/work/firmware/firmware/lib/pico-sdk/src/common/pico_sync/mutex.c.obj
                0x0000000010001930                mutex_init
 .text.recursive_mutex_init
                0x000000001000194c       0x20 CMakeFiles/main_standalone.dir/home/runner/work/firmware/firmware/lib/pico-sdk/src/common/pico_sync/mutex.c.obj
                0x000000001000194c                recursive_mutex_init
 .text.critical_section_init_with_lock_num
                0x000000001000196c       0x14 CMakeFiles/main_standalone.dir/home/runner/work/firmware/firmware/lib/pico-sdk/src/common/pico_sync/critical_section.c.obj
                0x000000001000196c                critical_section_init_with_lock_num
 .text.critical_section_init
                0x0000000010001980       0x14 CMakeFiles/main_standalone.dir/home/runner/work/firmware/firmware/lib/pico-sdk/src/common/pico_sync/critical_section.c.obj
                0x0000000010001980                critical_section_init
 .text.alarm_pool_post_alloc_init
                0x0000000010001994       0x40 CMakeFiles/main_standalone.dir/home/runner/work/firmware/firmware/lib/pico-sdk/src/common/pico_time/time.c.obj
 .text.sleep_until_callback
                0x00000000100019d4       0x28 CMakeFiles/main_standalone.dir/home/runner/work/firmware/firmware/lib/pico-sdk/src/common/pico_time/time.c.obj
 .text.timer_pool_entry_comparator
                0x00000000100019fc       0x7c CMakeFiles/main_standalone.dir/home/runner/work/firmware/firmware/lib/pico-sdk/src/common/pico_time/time.c.obj
                0x00000000100019fc                timer_pool_entry_comparator
 .text.ph_add_child_node
                0x0000000010001a78       0xa4 CMakeFiles/main_standalone.dir/home/runner/work/firmware/firmware/lib/pico-sdk/src/common/pico_time/time.c.obj
 .text.ph_merge_nodes
                0x0000000010001b1c       0x3e CMakeFiles/main_standalone.dir/home/runner/work/firmware/firmware/lib/pico-sdk/src/common/pico_time/time.c.obj
 *fill*         0x0000000010001b5a        0x2 
 .text.add_alarm_under_lock
                0x0000000010001b5c      0x174 CMakeFiles/main_standalone.dir/home/runner/work/firmware/firmware/lib/pico-sdk/src/common/pico_time/time.c.obj
 .text.alarm_pool_alarm_callback
                0x0000000010001cd0      0x33c CMakeFiles/main_standalone.dir/home/runner/work/firmware/firmware/lib/pico-sdk/src/common/pico_time/time.c.obj
 .text.alarm_pool_init_default
                0x000000001000200c       0x40 CMakeFiles/main_standalone.dir/home/runner/work/firmware/firmware/lib/pico-sdk/src/common/pico_time/time.c.obj
                0x000000001000200c                alarm_pool_init_default
 .text.alarm_pool_get_default
                0x000000001000204c       0x2c CMakeFiles/main_standalone.dir/home/runner/work/firmware/firmware/lib/pico-sdk/src/common/pico_time/time.c.obj
                0x000000001000204c                alarm_pool_get_default
 .text.alarm_pool_add_alarm_at
                0x0000000010002078      0x168 CMakeFiles/main_standalone.dir/home/runner/work/firmware/firmware/lib/pico-sdk/src/common/pico_time/time.c.obj
                0x0000000010002078                alarm_pool_add_alarm_at
 .text.alarm_pool_cancel_alarm
                0x00000000100021e0       0xf8 CMakeFiles/main_standalone.dir/home/runner/work/firmware/firmware/lib/pico-sdk/src/common/pico_time/time.c.obj
                0x00000000100021e0                alarm_pool_cancel_alarm
 .text.best_effort_wfe_or_timeout
                0x00000000100022d8       0xac CMakeFiles/main_standalone.dir/home/runner/work/firmware/firmware/lib/pico-sdk/src/common/pico_time/time.c.obj
                0x00000000100022d8                best_effort_wfe_or_timeout
 .text.hardware_alarm_irq_handler
                0x0000000010002384       0x90 CMakeFiles/main_standalone.dir/home/runner/work/firmware/firmware/lib/pico-sdk/src/rp2_common/hardware_timer/timer.c.obj
 .text.hardware_alarm_claim
                0x0000000010002414       0x18 CMakeFiles/main_standalone.dir/home/runner/work/firmware/firmware/lib/pico-sdk/src/rp2_common/hardware_timer/timer.c.obj
                0x0000000010002414                hardware_alarm_claim
 .text.time_us_64
                0x000000001000242c       0x18 CMakeFiles/main_standalone.dir/home/runner/work/firmware/firmware/lib/pico-sdk/src/rp2_common/hardware_timer/timer.c.obj
                0x000000001000242c                time_us_64
 .text.busy_wait_until
                0x0000000010002444       0x28 CMakeFiles/main_standalone.dir/home/runner/work/firmware/firmware/lib/pico-sdk/src/rp2_common/hardware_timer/timer.c.obj
                0x0000000010002444                busy_wait_until
 .text.busy_wait_us
                0x000000001000246c       0x48 CMakeFiles/main_standalone.dir/home/runner/work/firmware/firmware/lib/pico-sdk/src/rp2_common/hardware_timer/timer.c.obj
                0x000000001000246c                busy_wait_us
 .text.hardware_alarm_set_callback
                0x00000000100024b4       0x90 CMakeFiles/main_standalone.dir/home/runner/work/firmware/firmware/lib/pico-sdk/src/rp2_common/hardware_timer/timer.c.obj
                0x00000000100024b4                hardware_alarm_set_callback
 .text.hardware_alarm_set_target
                0x0000000010002544       0xe8 CMakeFiles/main_standalone.dir/home/runner/work/firmware/firmware/lib/pico-sdk/src/rp2_common/hardware_timer/timer.c.obj
                0x0000000010002544                hardware_alarm_set_target
 .text.hardware_alarm_cancel
                0x000000001000262c       0x40 CMakeFiles/main_standalone.dir/home/runner/work/firmware/firmware/lib/pico-sdk/src/rp2_common/hardware_timer/timer.c.obj
                0x000000001000262c                hardware_alarm_cancel
 .text.ph_add_child_node
                0x000000001000266c       0xa4 CMakeFiles/main_standalone.dir/home/runner/work/firmware/firmware/lib/pico-sdk/src/common/pico_util/pheap.c.obj
 .text.ph_merge_nodes
                0x0000000010002710       0x3e CMakeFiles/main_standalone.dir/home/runner/work/firmware/firmware/lib/pico-sdk/src/common/pico_util/pheap.c.obj
 *fill*         0x000000001000274e        0x2 
 .text.ph_clear
                0x0000000010002750       0x70 CMakeFiles/main_standalone.dir/home/runner/work/firmware/firmware/lib/pico-sdk/src/common/pico_util/pheap.c.obj
                0x0000000010002750                ph_clear
 .text.ph_post_alloc_init
                0x00000000100027c0        0xe CMakeFiles/main_standalone.dir/home/runner/work/firmware/firmware/lib/pico-sdk/src/common/pico_util/pheap.c.obj
                0x00000000100027c0                ph_post_alloc_init
 *fill*         0x00000000100027ce        0x2 
 .text.ph_merge_two_pass
                0x00000000100027d0       0xa8 CMakeFiles/main_standalone.dir/home/runner/work/firmware/firmware/lib/pico-sdk/src/common/pico_util/pheap.c.obj
                0x00000000100027d0                ph_merge_two_pass
 .text.ph_remove_any_head
                0x0000000010002878      0x128 CMakeFiles/main_standalone.dir/home/runner/work/firmware/firmware/lib/pico-sdk/src/common/pico_util/pheap.c.obj
 .text.ph_remove_head
                0x00000000100029a0       0x14 CMakeFiles/main_standalone.dir/home/runner/work/firmware/firmware/lib/pico-sdk/src/common/pico_util/pheap.c.obj
                0x00000000100029a0                ph_remove_head
 .text.ph_remove_and_free_node
                0x00000000100029b4       0xf8 CMakeFiles/main_standalone.dir/home/runner/work/firmware/firmware/lib/pico-sdk/src/common/pico_util/pheap.c.obj
                0x00000000100029b4                ph_remove_and_free_node
 .text.pll_init
                0x0000000010002aac      0x120 CMakeFiles/main_standalone.dir/home/runner/work/firmware/firmware/lib/pico-sdk/src/rp2_common/hardware_pll/pll.c.obj
                0x0000000010002aac                pll_init
 .text.watchdog_start_tick
                0x0000000010002bcc       0x10 CMakeFiles/main_standalone.dir/home/runner/work/firmware/firmware/lib/pico-sdk/src/rp2_common/hardware_watchdog/watchdog.c.obj
                0x0000000010002bcc                watchdog_start_tick
 .text.xosc_init
                0x0000000010002bdc       0x28 CMakeFiles/main_standalone.dir/home/runner/work/firmware/firmware/lib/pico-sdk/src/rp2_common/hardware_xosc/xosc.c.obj
                0x0000000010002bdc                xosc_init
 .text._pio_can_add_program_at_offset
                0x0000000010002c04       0x3c CMakeFiles/main_standalone.dir/home/runner/work/firmware/firmware/lib/pico-sdk/src/rp2_common/hardware_pio/pio.c.obj
 .text._pio_find_offset_for_program
                0x0000000010002c40       0x7c CMakeFiles/main_standalone.dir/home/runner/work/firmware/firmware/lib/pico-sdk/src/rp2_common/hardware_pio/pio.c.obj
 .text._pio_add_program_at_offset
                0x0000000010002cbc       0x78 CMakeFiles/main_standalone.dir/home/runner/work/firmware/firmware/lib/pico-sdk/src/rp2_common/hardware_pio/pio.c.obj
 .text.pio_claim_unused_sm
                0x0000000010002d34       0x3c CMakeFiles/main_standalone.dir/home/runner/work/firmware/firmware/lib/pico-sdk/src/rp2_common/hardware_pio/pio.c.obj
                0x0000000010002d34                pio_claim_unused_sm
 .text.pio_add_program
                0x0000000010002d70       0x38 CMakeFiles/main_standalone.dir/home/runner/work/firmware/firmware/lib/pico-sdk/src/rp2_common/hardware_pio/pio.c.obj
                0x0000000010002d70                pio_add_program
 .text.pio_sm_set_pins_with_mask
                0x0000000010002da8       0x9a CMakeFiles/main_standalone.dir/home/runner/work/firmware/firmware/lib/pico-sdk/src/rp2_common/hardware_pio/pio.c.obj
                0x0000000010002da8                pio_sm_set_pins_with_mask
 *fill*         0x0000000010002e42        0x2 
 .text.pio_sm_set_pindirs_with_mask
                0x0000000010002e44       0x9c CMakeFiles/main_standalone.dir/home/runner/work/firmware/firmware/lib/pico-sdk/src/rp2_common/hardware_pio/pio.c.obj
                0x0000000010002e44                pio_sm_set_pindirs_with_mask
 .text.pio_sm_init
                0x0000000010002ee0       0xe4 CMakeFiles/main_standalone.dir/home/runner/work/firmware/firmware/lib/pico-sdk/src/rp2_common/hardware_pio/pio.c.obj
                0x0000000010002ee0                pio_sm_init
 .text.uart_disable_before_lcr_write
                0x0000000010002fc4       0x48 CMakeFiles/main_standalone.dir/home/runner/work/firmware/firmware/lib/pico-sdk/src/rp2_common/hardware_uart/uart.c.obj
 .text.uart_write_lcr_bits_masked
                0x000000001000300c       0x22 CMakeFiles/main_standalone.dir/home/runner/work/firmware/firmware/lib/pico-sdk/src/rp2_common/hardware_uart/uart.c.obj
 *fill*         0x000000001000302e        0x2 
 .text.uart_set_baudrate
                0x0000000010003030       0x5c CMakeFiles/main_standalone.dir/home/runner/work/firmware/firmware/lib/pico-sdk/src/rp2_common/hardware_uart/uart.c.obj
                0x0000000010003030                uart_set_baudrate
 .text.uart_set_format
                0x000000001000308c       0x2c CMakeFiles/main_standalone.dir/home/runner/work/firmware/firmware/lib/pico-sdk/src/rp2_common/hardware_uart/uart.c.obj
                0x000000001000308c                uart_set_format
 .text.uart_set_translate_crlf
                0x00000000100030b8       0x28 CMakeFiles/main_standalone.dir/home/runner/work/firmware/firmware/lib/pico-sdk/src/rp2_common/hardware_uart/uart.c.obj
                0x00000000100030b8                uart_set_translate_crlf
 .text.uart_init
                0x00000000100030e0       0x80 CMakeFiles/main_standalone.dir/home/runner/work/firmware/firmware/lib/pico-sdk/src/rp2_common/hardware_uart/uart.c.obj
                0x00000000100030e0                uart_init
 .text._exit    0x0000000010003160        0x4 CMakeFiles/main_standalone.dir/home/runner/work/firmware/firmware/lib/pico-sdk/src/rp2_common/pico_runtime/runtime.c.obj
                0x0000000010003160                _exit
 .text._sbrk    0x0000000010003164       0x38 CMakeFiles/main_standalone.dir/home/runner/work/firmware/firmware/lib/pico-sdk/src/rp2_common/pico_runtime/runtime.c.obj
                0x0000000010003164                _sbrk
 .text.exit     0x000000001000319c        0x6 CMakeFiles/main_standalone.dir/home/runner/work/firmware/firmware/lib/pico-sdk/src/rp2_common/pico_runtime/runtime.c.obj
                0x000000001000319c                exit
 *fill*         0x00000000100031a2        0x2 
 .text.__assert_func
                0x00000000100031a4       0x3c CMakeFiles/main_standalone.dir/home/runner/work/firmware/firmware/lib/pico-sdk/src/rp2_common/pico_runtime/runtime.c.obj
                0x00000000100031a4                __assert_func
 .text.runtime_init
                0x00000000100031e0       0xf8 CMakeFiles/main_standalone.dir/home/runner/work/firmware/firmware/lib/pico-sdk/src/rp2_common/pico_runtime/runtime.c.obj
                0x00000000100031e0                runtime_init
 .text.panic    0x00000000100032d8       0x30 CMakeFiles/main_standalone.dir/home/runner/work/firmware/firmware/lib/pico-sdk/src/rp2_common/pico_runtime/runtime.c.obj
                0x00000000100032d8                panic
 .text.panic_unsupported
                0x0000000010003308        0xc CMakeFiles/main_standalone.dir/home/runner/work/firmware/firmware/lib/pico-sdk/src/rp2_common/pico_runtime/runtime.c.obj
                0x0000000010003308                panic_unsupported
 .text._out_null
                0x0000000010003314        0x2 CMakeFiles/main_standalone.dir/home/runner/work/firmware/firmware/lib/pico-sdk/src/rp2_common/pico_printf/printf.c.obj
 .text._out_fct
                0x0000000010003316        0xe CMakeFiles/main_standalone.dir/home/runner/work/firmware/firmware/lib/pico-sdk/src/rp2_common/pico_printf/printf.c.obj
 .text._atoi    0x0000000010003324       0x24 CMakeFiles/main_standalone.dir/home/runner/work/firmware/firmware/lib/pico-sdk/src/rp2_common/pico_printf/printf.c.obj
 .text._out_rev
                0x0000000010003348       0xae CMakeFiles/main_standalone.dir/home/runner/work/firmware/firmware/lib/pico-sdk/src/rp2_common/pico_printf/printf.c.obj
 .text._ntoa_format
                0x00000000100033f6      0x112 CMakeFiles/main_standalone.dir/home/runner/work/firmware/firmware/lib/pico-sdk/src/rp2_common/pico_printf/printf.c.obj
 .text._ntoa_long
                0x0000000010003508       0xbc CMakeFiles/main_standalone.dir/home/runner/work/firmware/firmware/lib/pico-sdk/src/rp2_common/pico_printf/printf.c.obj
 .text._ntoa_long_long
                0x00000000100035c4       0xe2 CMakeFiles/main_standalone.dir/home/runner/work/firmware/firmware/lib/pico-sdk/src/rp2_common/pico_printf/printf.c.obj
 *fill*         0x00000000100036a6        0x2 
 .text._etoa    0x00000000100036a8      0x414 CMakeFiles/main_standalone.dir/home/runner/work/firmware/firmware/lib/pico-sdk/src/rp2_common/pico_printf/printf.c.obj
 .text._ftoa    0x0000000010003abc      0x354 CMakeFiles/main_standalone.dir/home/runner/work/firmware/firmware/lib/pico-sdk/src/rp2_common/pico_printf/printf.c.obj
 .text._vsnprintf
                0x0000000010003e10      0x624 CMakeFiles/main_standalone.dir/home/runner/work/firmware/firmware/lib/pico-sdk/src/rp2_common/pico_printf/printf.c.obj
 .text.vfctprintf
                0x0000000010004434       0x20 CMakeFiles/main_standalone.dir/home/runner/work/firmware/firmware/lib/pico-sdk/src/rp2_common/pico_printf/printf.c.obj
                0x0000000010004434                vfctprintf
 .text          0x0000000010004454       0x10 CMakeFiles/main_standalone.dir/home/runner/work/firmware/firmware/lib/pico-sdk/src/rp2_common/pico_bit_ops/bit_ops_aeabi.S.obj
 .text.clzsi    0x0000000010004464        0xc CMakeFiles/main_standalone.dir/home/runner/work/firmware/firmware/lib/pico-sdk/src/rp2_common/pico_bit_ops/bit_ops_aeabi.S.obj
                0x0000000010004464                __wrap___clz
                0x0000000010004464                __wrap___clzsi2
                0x0000000010004464                __wrap___clzl
 .text.ctzsi    0x0000000010004470        0xc CMakeFiles/main_standalone.dir/home/runner/work/firmware/firmware/lib/pico-sdk/src/rp2_common/pico_bit_ops/bit_ops_aeabi.S.obj
                0x0000000010004470                __wrap___ctzsi2
 .text.rom_func_lookup
                0x000000001000447c       0x10 CMakeFiles/main_standalone.dir/home/runner/work/firmware/firmware/lib/pico-sdk/src/rp2_common/pico_bootrom/bootrom.c.obj
                0x000000001000447c                rom_func_lookup
 .text.rom_data_lookup
                0x000000001000448c       0x10 CMakeFiles/main_standalone.dir/home/runner/work/firmware/firmware/lib/pico-sdk/src/rp2_common/pico_bootrom/bootrom.c.obj
                0x000000001000448c                rom_data_lookup
 .text.rom_funcs_lookup
                0x000000001000449c       0x36 CMakeFiles/main_standalone.dir/home/runner/work/firmware/firmware/lib/pico-sdk/src/rp2_common/pico_bootrom/bootrom.c.obj
                0x000000001000449c                rom_funcs_lookup
 *fill*         0x00000000100044d2        0x2 
 .text.__wrap___aeabi_idiv
                0x00000000100044d4       0x50 CMakeFiles/main_standalone.dir/home/runner/work/firmware/firmware/lib/pico-sdk/src/rp2_common/pico_divider/divider.S.obj
                0x00000000100044d4                __wrap___aeabi_idivmod
                0x00000000100044d4                divmod_s32s32
                0x00000000100044d4                div_s32s32
                0x00000000100044d4                __wrap___aeabi_idiv
                0x00000000100044dc                divmod_s32s32_unsafe
                0x0000000010004508                divmod_s32s32_savestate
 .text.__wrap___aeabi_uidiv
                0x0000000010004524       0x4c CMakeFiles/main_standalone.dir/home/runner/work/firmware/firmware/lib/pico-sdk/src/rp2_common/pico_divider/divider.S.obj
                0x0000000010004524                __wrap___aeabi_uidiv
                0x0000000010004524                __wrap___aeabi_uidivmod
                0x0000000010004524                div_u32u32
                0x0000000010004524                divmod_u32u32
                0x000000001000452c                divmod_u32u32_unsafe
                0x0000000010004554                divmod_u32u32_savestate
 .text.__wrap___aeabi_ldiv
                0x0000000010004570      0x424 CMakeFiles/main_standalone.dir/home/runner/work/firmware/firmware/lib/pico-sdk/src/rp2_common/pico_divider/divider.S.obj
                0x0000000010004570                div_s64s64
                0x0000000010004570                divmod_s64s64
                0x0000000010004570                __wrap___aeabi_ldivmod
                0x00000000100045a0                div_u64u64
                0x00000000100045a0                divmod_u64u64
                0x00000000100045a0                __wrap___aeabi_uldivmod
                0x00000000100045b0                divmod_u64u64_savestate
                0x00000000100045d0                divmod_s64s64_unsafe
                0x0000000010004658                divmod_u64u64_unsafe
 .text.__wrap___aeabi_darithmetic
                0x0000000010004994       0x80 CMakeFiles/main_standalone.dir/home/runner/work/firmware/firmware/lib/pico-sdk/src/rp2_common/pico_double/double_aeabi.S.obj
                0x0000000010004994                __wrap___aeabi_drsub
                0x000000001000499a                __wrap___aeabi_dsub
                0x00000000100049ac                __wrap___aeabi_dadd
                0x00000000100049be                __wrap___aeabi_ddiv
                0x00000000100049fa                __wrap___aeabi_dmul
 .text.__wrap___aeabi_cdcmple
                0x0000000010004a14       0x6c CMakeFiles/main_standalone.dir/home/runner/work/firmware/firmware/lib/pico-sdk/src/rp2_common/pico_double/double_aeabi.S.obj
                0x0000000010004a14                __wrap___aeabi_cdrcmple
                0x0000000010004a24                __wrap___aeabi_cdcmple
                0x0000000010004a24                __wrap___aeabi_cdcmpeq
 .text.__wrap___aeabi_dcmplt
                0x0000000010004a80        0xc CMakeFiles/main_standalone.dir/home/runner/work/firmware/firmware/lib/pico-sdk/src/rp2_common/pico_double/double_aeabi.S.obj
                0x0000000010004a80                __wrap___aeabi_dcmplt
 .text.__wrap___aeabi_dcmple
                0x0000000010004a8c       0x10 CMakeFiles/main_standalone.dir/home/runner/work/firmware/firmware/lib/pico-sdk/src/rp2_common/pico_double/double_aeabi.S.obj
                0x0000000010004a8c                __wrap___aeabi_dcmple
 .text.__wrap___aeabi_dcmpge
                0x0000000010004a9c       0x10 CMakeFiles/main_standalone.dir/home/runner/work/firmware/firmware/lib/pico-sdk/src/rp2_common/pico_double/double_aeabi.S.obj
                0x0000000010004a9c                __wrap___aeabi_dcmpge
 .text.__wrap___aeabi_dcmpgt
                0x0000000010004aac        0xa CMakeFiles/main_standalone.dir/home/runner/work/firmware/firmware/lib/pico-sdk/src/rp2_common/pico_double/double_aeabi.S.obj
                0x0000000010004aac                __wrap___aeabi_dcmpgt
 .text.__wrap___aeabi_dcmpun
                0x0000000010004ab6       0x1c CMakeFiles/main_standalone.dir/home/runner/work/firmware/firmware/lib/pico-sdk/src/rp2_common/pico_double/double_aeabi.S.obj
                0x0000000010004ab6                __wrap___aeabi_dcmpun
 *fill*         0x0000000010004ad2        0x2 
 .text.__wrap___aeabi_i2d
                0x0000000010004ad4       0x38 CMakeFiles/main_standalone.dir/home/runner/work/firmware/firmware/lib/pico-sdk/src/rp2_common/pico_double/double_aeabi.S.obj
                0x0000000010004ad4                __wrap___aeabi_ui2d
                0x0000000010004adc                __wrap___aeabi_i2d
 .text.__wrap___aeabi_d2iz
                0x0000000010004b0c       0x48 CMakeFiles/main_standalone.dir/home/runner/work/firmware/firmware/lib/pico-sdk/src/rp2_common/pico_double/double_aeabi.S.obj
                0x0000000010004b0c                __wrap___aeabi_d2iz
                0x0000000010004b0c                double2int_z
 .text.__wrap___aeabi_d2uiz
                0x0000000010004b54       0x18 CMakeFiles/main_standalone.dir/home/runner/work/firmware/firmware/lib/pico-sdk/src/rp2_common/pico_double/double_aeabi.S.obj
                0x0000000010004b54                double2uint
                0x0000000010004b54                __wrap___aeabi_d2uiz
 .text.__aeabi_double_init
                0x0000000010004b6c       0xc8 CMakeFiles/main_standalone.dir/home/runner/work/firmware/firmware/lib/pico-sdk/src/rp2_common/pico_double/double_init_rom.c.obj
                0x0000000010004b6c                __aeabi_double_init
 .text.double_table_shim_on_use_helper
                0x0000000010004c34       0x34 CMakeFiles/main_standalone.dir/home/runner/work/firmware/firmware/lib/pico-sdk/src/rp2_common/pico_double/double_v1_rom_shim.S.obj
                0x0000000010004c34                double_table_shim_on_use_helper
 .text.__wrap___aeabi_dsub
                0x0000000010004c68       0x10 CMakeFiles/main_standalone.dir/home/runner/work/firmware/firmware/lib/pico-sdk/src/rp2_common/pico_double/double_v1_rom_shim.S.obj
                0x0000000010004c68                drsub_shim
                0x0000000010004c6e                dsub_shim
 .text.dadd_shim
                0x0000000010004c78      0x15c CMakeFiles/main_standalone.dir/home/runner/work/firmware/firmware/lib/pico-sdk/src/rp2_common/pico_double/double_v1_rom_shim.S.obj
                0x0000000010004c78                dadd_shim
 .text.dmul_shim
                0x0000000010004dd4      0x15c CMakeFiles/main_standalone.dir/home/runner/work/firmware/firmware/lib/pico-sdk/src/rp2_common/pico_double/double_v1_rom_shim.S.obj
                0x0000000010004dd4                dmul_shim
 .text.ddiv_shim
                0x0000000010004f30      0x1b0 CMakeFiles/main_standalone.dir/home/runner/work/firmware/firmware/lib/pico-sdk/src/rp2_common/pico_double/double_v1_rom_shim.S.obj
                0x0000000010004f30                ddiv_shim
 .text.double2uint_shim
                0x00000000100050e0        0xe CMakeFiles/main_standalone.dir/home/runner/work/firmware/firmware/lib/pico-sdk/src/rp2_common/pico_double/double_v1_rom_shim.S.obj
                0x00000000100050e0                double2uint_shim
                0x00000000100050e2                double2ufix_shim
 *fill*         0x00000000100050ee        0x2 
 .text.double2uint64_shim
                0x00000000100050f0       0x70 CMakeFiles/main_standalone.dir/home/runner/work/firmware/firmware/lib/pico-sdk/src/rp2_common/pico_double/double_v1_rom_shim.S.obj
                0x00000000100050f0                double2uint64_shim
                0x00000000100050f2                double2ufix64_shim
                0x0000000010005112                d2fix_a
 .text.dunpacks
                0x0000000010005160       0x3c CMakeFiles/main_standalone.dir/home/runner/work/firmware/firmware/lib/pico-sdk/src/rp2_common/pico_double/double_v1_rom_shim.S.obj
                0x0000000010005160                dunpacks
 .text.__aeabi_lmul
                0x000000001000519c       0x32 CMakeFiles/main_standalone.dir/home/runner/work/firmware/firmware/lib/pico-sdk/src/rp2_common/pico_int64_ops/pico_int64_ops_aeabi.S.obj
                0x000000001000519c                __wrap___aeabi_lmul
 *fill*         0x00000000100051ce        0x2 
 .text.__wrap___aeabi_farithmetic
                0x00000000100051d0       0x58 CMakeFiles/main_standalone.dir/home/runner/work/firmware/firmware/lib/pico-sdk/src/rp2_common/pico_float/float_aeabi.S.obj
                0x00000000100051d0                __wrap___aeabi_frsub
                0x00000000100051d6                __wrap___aeabi_fsub
                0x00000000100051e0                __wrap___aeabi_fadd
                0x00000000100051ea                __wrap___aeabi_fdiv
                0x0000000010005216                __wrap___aeabi_fmul
 .text.__wrap___aeabi_ui2f
                0x0000000010005228        0xa CMakeFiles/main_standalone.dir/home/runner/work/firmware/firmware/lib/pico-sdk/src/rp2_common/pico_float/float_aeabi.S.obj
                0x0000000010005228                __wrap___aeabi_ui2f
 *fill*         0x0000000010005232        0x2 
 .text.__wrap___aeabi_i2f
                0x0000000010005234       0x44 CMakeFiles/main_standalone.dir/home/runner/work/firmware/firmware/lib/pico-sdk/src/rp2_common/pico_float/float_aeabi.S.obj
                0x0000000010005234                __wrap___aeabi_i2f
 .text.__wrap___aeabi_f2uiz
                0x0000000010005278       0x10 CMakeFiles/main_standalone.dir/home/runner/work/firmware/firmware/lib/pico-sdk/src/rp2_common/pico_float/float_aeabi.S.obj
                0x0000000010005278                __wrap___aeabi_f2uiz
 .text.__aeabi_float_init
                0x0000000010005288       0xfc CMakeFiles/main_standalone.dir/home/runner/work/firmware/firmware/lib/pico-sdk/src/rp2_common/pico_float/float_init_rom.c.obj
                0x0000000010005288                __aeabi_float_init
 .text.float_table_shim_on_use_helper
                0x0000000010005384       0x34 CMakeFiles/main_standalone.dir/home/runner/work/firmware/firmware/lib/pico-sdk/src/rp2_common/pico_float/float_v1_rom_shim.S.obj
                0x0000000010005384                float_table_shim_on_use_helper
 .text.__wrap_malloc
                0x00000000100053b8       0x3c CMakeFiles/main_standalone.dir/home/runner/work/firmware/firmware/lib/pico-sdk/src/rp2_common/pico_malloc/pico_malloc.c.obj
                0x00000000100053b8                __wrap_malloc
 .text.__wrap_free
                0x00000000100053f4       0x20 CMakeFiles/main_standalone.dir/home/runner/work/firmware/firmware/lib/pico-sdk/src/rp2_common/pico_malloc/pico_malloc.c.obj
                0x00000000100053f4                __wrap_free
 .text          0x0000000010005414       0x10 CMakeFiles/main_standalone.dir/home/runner/work/firmware/firmware/lib/pico-sdk/src/rp2_common/pico_mem_ops/mem_ops_aeabi.S.obj
                0x0000000010005414                __aeabi_mem_init
 .text.memset   0x0000000010005424        0xc CMakeFiles/main_standalone.dir/home/runner/work/firmware/firmware/lib/pico-sdk/src/rp2_common/pico_mem_ops/mem_ops_aeabi.S.obj
                0x0000000010005424                __wrap_memset
 .text.memcpy   0x0000000010005430        0xc CMakeFiles/main_standalone.dir/home/runner/work/firmware/firmware/lib/pico-sdk/src/rp2_common/pico_mem_ops/mem_ops_aeabi.S.obj
                0x0000000010005430                __wrap___aeabi_memcpy
                0x0000000010005430                __wrap_memcpy
 .text.stdio_out_chars_no_crlf
                0x000000001000543c        0xe CMakeFiles/main_standalone.dir/home/runner/work/firmware/firmware/lib/pico-sdk/src/rp2_common/pico_stdio/stdio.c.obj
 *fill*         0x000000001000544a        0x2 
 .text.stdio_out_chars_crlf
                0x000000001000544c       0x80 CMakeFiles/main_standalone.dir/home/runner/work/firmware/firmware/lib/pico-sdk/src/rp2_common/pico_stdio/stdio.c.obj
 .text.stdio_stack_buffer_flush
                0x00000000100054cc       0x44 CMakeFiles/main_standalone.dir/home/runner/work/firmware/firmware/lib/pico-sdk/src/rp2_common/pico_stdio/stdio.c.obj
 .text.stdio_buffered_printer
                0x0000000010005510       0x20 CMakeFiles/main_standalone.dir/home/runner/work/firmware/firmware/lib/pico-sdk/src/rp2_common/pico_stdio/stdio.c.obj
 .text.stdout_serialize_begin
                0x0000000010005530       0x5c CMakeFiles/main_standalone.dir/home/runner/work/firmware/firmware/lib/pico-sdk/src/rp2_common/pico_stdio/stdio.c.obj
                0x0000000010005530                stdout_serialize_begin
 .text.stdout_serialize_end
                0x000000001000558c       0x10 CMakeFiles/main_standalone.dir/home/runner/work/firmware/firmware/lib/pico-sdk/src/rp2_common/pico_stdio/stdio.c.obj
                0x000000001000558c                stdout_serialize_end
 .text.stdio_put_string
                0x000000001000559c       0x98 CMakeFiles/main_standalone.dir/home/runner/work/firmware/firmware/lib/pico-sdk/src/rp2_common/pico_stdio/stdio.c.obj
 .text.__wrap_putchar
                0x0000000010005634       0x1c CMakeFiles/main_standalone.dir/home/runner/work/firmware/firmware/lib/pico-sdk/src/rp2_common/pico_stdio/stdio.c.obj
                0x0000000010005634                __wrap_putchar
 .text.stdio_set_driver_enabled
                0x0000000010005650       0x2c CMakeFiles/main_standalone.dir/home/runner/work/firmware/firmware/lib/pico-sdk/src/rp2_common/pico_stdio/stdio.c.obj
                0x0000000010005650                stdio_set_driver_enabled
 .text.stdio_flush
                0x000000001000567c       0x20 CMakeFiles/main_standalone.dir/home/runner/work/firmware/firmware/lib/pico-sdk/src/rp2_common/pico_stdio/stdio.c.obj
                0x000000001000567c                stdio_flush
 .text.__wrap_puts
                0x000000001000569c       0x1e CMakeFiles/main_standalone.dir/home/runner/work/firmware/firmware/lib/pico-sdk/src/rp2_common/pico_stdio/stdio.c.obj
                0x000000001000569c                __wrap_puts
 *fill*         0x00000000100056ba        0x2 
 .text.__wrap_vprintf
                0x00000000100056bc       0x40 CMakeFiles/main_standalone.dir/home/runner/work/firmware/firmware/lib/pico-sdk/src/rp2_common/pico_stdio/stdio.c.obj
                0x00000000100056bc                __wrap_vprintf
 .text.__wrap_printf
                0x00000000100056fc       0x18 CMakeFiles/main_standalone.dir/home/runner/work/firmware/firmware/lib/pico-sdk/src/rp2_common/pico_stdio/stdio.c.obj
                0x00000000100056fc                __wrap_printf
 .text.stdio_init_all
                0x0000000010005714        0xa CMakeFiles/main_standalone.dir/home/runner/work/firmware/firmware/lib/pico-sdk/src/rp2_common/pico_stdio/stdio.c.obj
                0x0000000010005714                stdio_init_all
 *fill*         0x000000001000571e        0x2 
 .text.stdio_uart_out_chars
                0x0000000010005720       0x74 CMakeFiles/main_standalone.dir/home/runner/work/firmware/firmware/lib/pico-sdk/src/rp2_common/pico_stdio_uart/stdio_uart.c.obj
 .text.stdio_uart_in_chars
                0x0000000010005794       0x80 CMakeFiles/main_standalone.dir/home/runner/work/firmware/firmware/lib/pico-sdk/src/rp2_common/pico_stdio_uart/stdio_uart.c.obj
                0x0000000010005794                stdio_uart_in_chars
 .text.on_uart_rx
                0x0000000010005814       0x28 CMakeFiles/main_standalone.dir/home/runner/work/firmware/firmware/lib/pico-sdk/src/rp2_common/pico_stdio_uart/stdio_uart.c.obj
 .text.stdio_uart_set_chars_available_callback
                0x000000001000583c       0x8c CMakeFiles/main_standalone.dir/home/runner/work/firmware/firmware/lib/pico-sdk/src/rp2_common/pico_stdio_uart/stdio_uart.c.obj
 .text.stdio_uart_init_full
                0x00000000100058c8       0x44 CMakeFiles/main_standalone.dir/home/runner/work/firmware/firmware/lib/pico-sdk/src/rp2_common/pico_stdio_uart/stdio_uart.c.obj
                0x00000000100058c8                stdio_uart_init_full
 .text.stdio_uart_init
                0x000000001000590c       0x28 CMakeFiles/main_standalone.dir/home/runner/work/firmware/firmware/lib/pico-sdk/src/rp2_common/pico_stdio_uart/stdio_uart.c.obj
                0x000000001000590c                stdio_uart_init
 .text.adc_init
                0x0000000010005934       0x34 CMakeFiles/main_standalone.dir/home/runner/work/firmware/firmware/lib/pico-sdk/src/rp2_common/hardware_adc/adc.c.obj
                0x0000000010005934                adc_init
 .text._retrieve_unique_id_on_boot
                0x0000000010005968       0x10 CMakeFiles/main_standalone.dir/home/runner/work/firmware/firmware/lib/pico-sdk/src/rp2_common/pico_unique_id/unique_id.c.obj
 .text.pico_get_unique_board_id
                0x0000000010005978       0x10 CMakeFiles/main_standalone.dir/home/runner/work/firmware/firmware/lib/pico-sdk/src/rp2_common/pico_unique_id/unique_id.c.obj
                0x0000000010005978                pico_get_unique_board_id
 .text.flash_get_unique_id
                0x0000000010005988       0x46 CMakeFiles/main_standalone.dir/home/runner/work/firmware/firmware/lib/pico-sdk/src/rp2_common/hardware_flash/flash.c.obj
                0x0000000010005988                flash_get_unique_id
 .text.vPortSVCHandler
                0x00000000100059ce        0x2 CMakeFiles/main_standalone.dir/home/runner/work/firmware/firmware/lib/freertos-smp/portable/ThirdParty/GCC/RP2040/port.c.obj
                0x00000000100059ce                vPortSVCHandler
 .text.vPortStartFirstTask
                0x00000000100059d0       0x38 CMakeFiles/main_standalone.dir/home/runner/work/firmware/firmware/lib/freertos-smp/portable/ThirdParty/GCC/RP2040/port.c.obj
 .text.prvFIFOInterruptHandler
                0x0000000010005a08       0x28 CMakeFiles/main_standalone.dir/home/runner/work/firmware/firmware/lib/freertos-smp/portable/ThirdParty/GCC/RP2040/port.c.obj
 .text.xPortPendSVHandler
                0x0000000010005a30       0x78 CMakeFiles/main_standalone.dir/home/runner/work/firmware/firmware/lib/freertos-smp/portable/ThirdParty/GCC/RP2040/port.c.obj
                0x0000000010005a30                xPortPendSVHandler
 .text.prvTaskExitError
                0x0000000010005aa8        0x6 CMakeFiles/main_standalone.dir/home/runner/work/firmware/firmware/lib/freertos-smp/portable/ThirdParty/GCC/RP2040/port.c.obj
 *fill*         0x0000000010005aae        0x2 
 .text.xPortSysTickHandler
                0x0000000010005ab0       0x2c CMakeFiles/main_standalone.dir/home/runner/work/firmware/firmware/lib/freertos-smp/portable/ThirdParty/GCC/RP2040/port.c.obj
                0x0000000010005ab0                xPortSysTickHandler
 .text.prvGetTicksToWaitBefore
                0x0000000010005adc       0x58 CMakeFiles/main_standalone.dir/home/runner/work/firmware/firmware/lib/freertos-smp/portable/ThirdParty/GCC/RP2040/port.c.obj
 .text.pxPortInitialiseStack
                0x0000000010005b34       0x20 CMakeFiles/main_standalone.dir/home/runner/work/firmware/firmware/lib/freertos-smp/portable/ThirdParty/GCC/RP2040/port.c.obj
                0x0000000010005b34                pxPortInitialiseStack
 .text.vPortYield
                0x0000000010005b54       0x48 CMakeFiles/main_standalone.dir/home/runner/work/firmware/firmware/lib/freertos-smp/portable/ThirdParty/GCC/RP2040/port.c.obj
                0x0000000010005b54                vPortYield
 .text.vPortEnableInterrupts
                0x0000000010005b9c       0x34 CMakeFiles/main_standalone.dir/home/runner/work/firmware/firmware/lib/freertos-smp/portable/ThirdParty/GCC/RP2040/port.c.obj
                0x0000000010005b9c                vPortEnableInterrupts
 .text.vYieldCore
                0x0000000010005bd0       0x30 CMakeFiles/main_standalone.dir/home/runner/work/firmware/firmware/lib/freertos-smp/portable/ThirdParty/GCC/RP2040/port.c.obj
                0x0000000010005bd0                vYieldCore
 .text.vPortSetupTimerInterrupt
                0x0000000010005c00       0x34 CMakeFiles/main_standalone.dir/home/runner/work/firmware/firmware/lib/freertos-smp/portable/ThirdParty/GCC/RP2040/port.c.obj
                0x0000000010005c00                vPortSetupTimerInterrupt
 .text.xPortStartSchedulerOnCore
                0x0000000010005c34       0xac CMakeFiles/main_standalone.dir/home/runner/work/firmware/firmware/lib/freertos-smp/portable/ThirdParty/GCC/RP2040/port.c.obj
 .text.xPortStartScheduler
                0x0000000010005ce0       0x64 CMakeFiles/main_standalone.dir/home/runner/work/firmware/firmware/lib/freertos-smp/portable/ThirdParty/GCC/RP2040/port.c.obj
                0x0000000010005ce0                xPortStartScheduler
 .text.prvDisableInterruptsAndPortStartSchedulerOnCore
                0x0000000010005d44        0xc CMakeFiles/main_standalone.dir/home/runner/work/firmware/firmware/lib/freertos-smp/portable/ThirdParty/GCC/RP2040/port.c.obj
 .text.ulPortLockGetCurrentOwnerId
                0x0000000010005d50       0x30 CMakeFiles/main_standalone.dir/home/runner/work/firmware/firmware/lib/freertos-smp/portable/ThirdParty/GCC/RP2040/port.c.obj
                0x0000000010005d50                ulPortLockGetCurrentOwnerId
 .text.vPortLockInternalSpinUnlockWithWait
                0x0000000010005d80       0xc8 CMakeFiles/main_standalone.dir/home/runner/work/firmware/firmware/lib/freertos-smp/portable/ThirdParty/GCC/RP2040/port.c.obj
                0x0000000010005d80                vPortLockInternalSpinUnlockWithWait
 .text.vPortLockInternalSpinUnlockWithNotify
                0x0000000010005e48       0x88 CMakeFiles/main_standalone.dir/home/runner/work/firmware/firmware/lib/freertos-smp/portable/ThirdParty/GCC/RP2040/port.c.obj
                0x0000000010005e48                vPortLockInternalSpinUnlockWithNotify
 .text.xPortLockInternalSpinUnlockWithBestEffortWaitOrTimeout
                0x0000000010005ed0      0x128 CMakeFiles/main_standalone.dir/home/runner/work/firmware/firmware/lib/freertos-smp/portable/ThirdParty/GCC/RP2040/port.c.obj
                0x0000000010005ed0                xPortLockInternalSpinUnlockWithBestEffortWaitOrTimeout
 .text.prvRuntimeInitializer
                0x0000000010005ff8       0x10 CMakeFiles/main_standalone.dir/home/runner/work/firmware/firmware/lib/freertos-smp/portable/ThirdParty/GCC/RP2040/port.c.obj
 .text.prvTestWaitCondition
                0x0000000010006008       0x1e CMakeFiles/main_standalone.dir/home/runner/work/firmware/firmware/lib/freertos-smp/event_groups.c.obj
 .text.xEventGroupCreate
                0x0000000010006026       0x18 CMakeFiles/main_standalone.dir/home/runner/work/firmware/firmware/lib/freertos-smp/event_groups.c.obj
                0x0000000010006026                xEventGroupCreate
 *fill*         0x000000001000603e        0x2 
 .text.xEventGroupWaitBits
                0x0000000010006040      0x124 CMakeFiles/main_standalone.dir/home/runner/work/firmware/firmware/lib/freertos-smp/event_groups.c.obj
                0x0000000010006040                xEventGroupWaitBits
 .text.xEventGroupSetBits
                0x0000000010006164       0x98 CMakeFiles/main_standalone.dir/home/runner/work/firmware/firmware/lib/freertos-smp/event_groups.c.obj
                0x0000000010006164                xEventGroupSetBits
 .text.vEventGroupSetBitsCallback
                0x00000000100061fc        0x8 CMakeFiles/main_standalone.dir/home/runner/work/firmware/firmware/lib/freertos-smp/event_groups.c.obj
                0x00000000100061fc                vEventGroupSetBitsCallback
 .text.xEventGroupSetBitsFromISR
                0x0000000010006204       0x14 CMakeFiles/main_standalone.dir/home/runner/work/firmware/firmware/lib/freertos-smp/event_groups.c.obj
                0x0000000010006204                xEventGroupSetBitsFromISR
 .text.vListInitialise
                0x0000000010006218       0x16 CMakeFiles/main_standalone.dir/home/runner/work/firmware/firmware/lib/freertos-smp/list.c.obj
                0x0000000010006218                vListInitialise
 .text.vListInitialiseItem
                0x000000001000622e        0x6 CMakeFiles/main_standalone.dir/home/runner/work/firmware/firmware/lib/freertos-smp/list.c.obj
                0x000000001000622e                vListInitialiseItem
 .text.vListInsertEnd
                0x0000000010006234       0x16 CMakeFiles/main_standalone.dir/home/runner/work/firmware/firmware/lib/freertos-smp/list.c.obj
                0x0000000010006234                vListInsertEnd
 .text.vListInsert
                0x000000001000624a       0x2e CMakeFiles/main_standalone.dir/home/runner/work/firmware/firmware/lib/freertos-smp/list.c.obj
                0x000000001000624a                vListInsert
 .text.uxListRemove
                0x0000000010006278       0x26 CMakeFiles/main_standalone.dir/home/runner/work/firmware/firmware/lib/freertos-smp/list.c.obj
                0x0000000010006278                uxListRemove
 .text.prvGetDisinheritPriorityAfterTimeout
                0x000000001000629e       0x12 CMakeFiles/main_standalone.dir/home/runner/work/firmware/firmware/lib/freertos-smp/queue.c.obj
 .text.prvIsQueueFull
                0x00000000100062b0       0x1e CMakeFiles/main_standalone.dir/home/runner/work/firmware/firmware/lib/freertos-smp/queue.c.obj
 .text.prvIsQueueEmpty
                0x00000000100062ce       0x1c CMakeFiles/main_standalone.dir/home/runner/work/firmware/firmware/lib/freertos-smp/queue.c.obj
 .text.prvCopyDataToQueue
                0x00000000100062ea       0x82 CMakeFiles/main_standalone.dir/home/runner/work/firmware/firmware/lib/freertos-smp/queue.c.obj
 .text.prvNotifyQueueSetContainer
                0x000000001000636c       0xa0 CMakeFiles/main_standalone.dir/home/runner/work/firmware/firmware/lib/freertos-smp/queue.c.obj
 .text.prvCopyDataFromQueue
                0x000000001000640c       0x24 CMakeFiles/main_standalone.dir/home/runner/work/firmware/firmware/lib/freertos-smp/queue.c.obj
 .text.prvUnlockQueue
                0x0000000010006430       0x88 CMakeFiles/main_standalone.dir/home/runner/work/firmware/firmware/lib/freertos-smp/queue.c.obj
 .text.xQueueGenericReset
                0x00000000100064b8       0x84 CMakeFiles/main_standalone.dir/home/runner/work/firmware/firmware/lib/freertos-smp/queue.c.obj
                0x00000000100064b8                xQueueGenericReset
 .text.prvInitialiseNewQueue
                0x000000001000653c       0x26 CMakeFiles/main_standalone.dir/home/runner/work/firmware/firmware/lib/freertos-smp/queue.c.obj
 *fill*         0x0000000010006562        0x2 
 .text.xQueueGenericCreate
                0x0000000010006564       0x88 CMakeFiles/main_standalone.dir/home/runner/work/firmware/firmware/lib/freertos-smp/queue.c.obj
                0x0000000010006564                xQueueGenericCreate
 .text.xQueueGenericSend
                0x00000000100065ec      0x190 CMakeFiles/main_standalone.dir/home/runner/work/firmware/firmware/lib/freertos-smp/queue.c.obj
                0x00000000100065ec                xQueueGenericSend
 .text.prvInitialiseMutex
                0x000000001000677c       0x18 CMakeFiles/main_standalone.dir/home/runner/work/firmware/firmware/lib/freertos-smp/queue.c.obj
 .text.xQueueCreateMutex
                0x0000000010006794       0x16 CMakeFiles/main_standalone.dir/home/runner/work/firmware/firmware/lib/freertos-smp/queue.c.obj
                0x0000000010006794                xQueueCreateMutex
 *fill*         0x00000000100067aa        0x2 
 .text.xQueueGenericSendFromISR
                0x00000000100067ac      0x134 CMakeFiles/main_standalone.dir/home/runner/work/firmware/firmware/lib/freertos-smp/queue.c.obj
                0x00000000100067ac                xQueueGenericSendFromISR
 .text.xQueueReceive
                0x00000000100068e0      0x150 CMakeFiles/main_standalone.dir/home/runner/work/firmware/firmware/lib/freertos-smp/queue.c.obj
                0x00000000100068e0                xQueueReceive
 .text.xQueueSemaphoreTake
                0x0000000010006a30      0x1a0 CMakeFiles/main_standalone.dir/home/runner/work/firmware/firmware/lib/freertos-smp/queue.c.obj
                0x0000000010006a30                xQueueSemaphoreTake
 .text.vQueueAddToRegistry
                0x0000000010006bd0       0x5c CMakeFiles/main_standalone.dir/home/runner/work/firmware/firmware/lib/freertos-smp/queue.c.obj
                0x0000000010006bd0                vQueueAddToRegistry
 .text.vQueueWaitForMessageRestricted
                0x0000000010006c2c       0x50 CMakeFiles/main_standalone.dir/home/runner/work/firmware/firmware/lib/freertos-smp/queue.c.obj
                0x0000000010006c2c                vQueueWaitForMessageRestricted
 .text.prvGetCurrentYieldPending
                0x0000000010006c7c       0x1c CMakeFiles/main_standalone.dir/home/runner/work/firmware/firmware/lib/freertos-smp/tasks.c.obj
 .text.prvResetNextTaskUnblockTime
                0x0000000010006c98       0x2c CMakeFiles/main_standalone.dir/home/runner/work/firmware/firmware/lib/freertos-smp/tasks.c.obj
 .text.prvDeleteTCB
                0x0000000010006cc4       0x12 CMakeFiles/main_standalone.dir/home/runner/work/firmware/firmware/lib/freertos-smp/tasks.c.obj
 *fill*         0x0000000010006cd6        0x2 
 .text.prvInitialiseNewTask
                0x0000000010006cd8       0xf8 CMakeFiles/main_standalone.dir/home/runner/work/firmware/firmware/lib/freertos-smp/tasks.c.obj
 .text.prvMinimalIdleTask
                0x0000000010006dd0       0x18 CMakeFiles/main_standalone.dir/home/runner/work/firmware/firmware/lib/freertos-smp/tasks.c.obj
 .text.prvInitialiseTaskLists
                0x0000000010006de8       0x68 CMakeFiles/main_standalone.dir/home/runner/work/firmware/firmware/lib/freertos-smp/tasks.c.obj
 .text.prvYieldCore
                0x0000000010006e50       0x60 CMakeFiles/main_standalone.dir/home/runner/work/firmware/firmware/lib/freertos-smp/tasks.c.obj
 .text.prvSelectHighestPriorityTask
                0x0000000010006eb0      0x22c CMakeFiles/main_standalone.dir/home/runner/work/firmware/firmware/lib/freertos-smp/tasks.c.obj
 .text.xTaskGetTickCount
                0x00000000100070dc        0xc CMakeFiles/main_standalone.dir/home/runner/work/firmware/firmware/lib/freertos-smp/tasks.c.obj
                0x00000000100070dc                xTaskGetTickCount
 .text.vTaskInternalSetTimeOutState
                0x00000000100070e8       0x18 CMakeFiles/main_standalone.dir/home/runner/work/firmware/firmware/lib/freertos-smp/tasks.c.obj
                0x00000000100070e8                vTaskInternalSetTimeOutState
 .text.vTaskMissedYield
                0x0000000010007100       0x14 CMakeFiles/main_standalone.dir/home/runner/work/firmware/firmware/lib/freertos-smp/tasks.c.obj
                0x0000000010007100                vTaskMissedYield
 .text.xTaskGetCurrentTaskHandle
                0x0000000010007114       0x1c CMakeFiles/main_standalone.dir/home/runner/work/firmware/firmware/lib/freertos-smp/tasks.c.obj
                0x0000000010007114                xTaskGetCurrentTaskHandle
 .text.prvYieldForTask
                0x0000000010007130       0x8c CMakeFiles/main_standalone.dir/home/runner/work/firmware/firmware/lib/freertos-smp/tasks.c.obj
 .text.xTaskRemoveFromEventList
                0x00000000100071bc       0x98 CMakeFiles/main_standalone.dir/home/runner/work/firmware/firmware/lib/freertos-smp/tasks.c.obj
                0x00000000100071bc                xTaskRemoveFromEventList
 .text.prvAddCurrentTaskToDelayedList
                0x0000000010007254       0x8c CMakeFiles/main_standalone.dir/home/runner/work/firmware/firmware/lib/freertos-smp/tasks.c.obj
 .text.prvCheckForRunStateChange
                0x00000000100072e0      0x30c CMakeFiles/main_standalone.dir/home/runner/work/firmware/firmware/lib/freertos-smp/tasks.c.obj
 .text.vTaskSuspendAll
                0x00000000100075ec      0x17c CMakeFiles/main_standalone.dir/home/runner/work/firmware/firmware/lib/freertos-smp/tasks.c.obj
                0x00000000100075ec                vTaskSuspendAll
 .text.vTaskSwitchContext
                0x0000000010007768      0x1f4 CMakeFiles/main_standalone.dir/home/runner/work/firmware/firmware/lib/freertos-smp/tasks.c.obj
                0x0000000010007768                vTaskSwitchContext
 .text.vTaskPlaceOnEventList
                0x000000001000795c       0x40 CMakeFiles/main_standalone.dir/home/runner/work/firmware/firmware/lib/freertos-smp/tasks.c.obj
                0x000000001000795c                vTaskPlaceOnEventList
 .text.vTaskPlaceOnUnorderedEventList
                0x000000001000799c       0x6c CMakeFiles/main_standalone.dir/home/runner/work/firmware/firmware/lib/freertos-smp/tasks.c.obj
                0x000000001000799c                vTaskPlaceOnUnorderedEventList
 .text.vTaskPlaceOnEventListRestricted
                0x0000000010007a08       0x48 CMakeFiles/main_standalone.dir/home/runner/work/firmware/firmware/lib/freertos-smp/tasks.c.obj
                0x0000000010007a08                vTaskPlaceOnEventListRestricted
 .text.xTaskPriorityInherit
                0x0000000010007a50       0x98 CMakeFiles/main_standalone.dir/home/runner/work/firmware/firmware/lib/freertos-smp/tasks.c.obj
                0x0000000010007a50                xTaskPriorityInherit
 .text.xTaskPriorityDisinherit
                0x0000000010007ae8       0x9c CMakeFiles/main_standalone.dir/home/runner/work/firmware/firmware/lib/freertos-smp/tasks.c.obj
                0x0000000010007ae8                xTaskPriorityDisinherit
 .text.vTaskPriorityDisinheritAfterTimeout
                0x0000000010007b84       0xac CMakeFiles/main_standalone.dir/home/runner/work/firmware/firmware/lib/freertos-smp/tasks.c.obj
                0x0000000010007b84                vTaskPriorityDisinheritAfterTimeout
 .text.vTaskYieldWithinAPI
                0x0000000010007c30       0x28 CMakeFiles/main_standalone.dir/home/runner/work/firmware/firmware/lib/freertos-smp/tasks.c.obj
                0x0000000010007c30                vTaskYieldWithinAPI
 .text.vTaskEnterCritical
                0x0000000010007c58      0x13c CMakeFiles/main_standalone.dir/home/runner/work/firmware/firmware/lib/freertos-smp/tasks.c.obj
                0x0000000010007c58                vTaskEnterCritical
 .text.vTaskExitCritical
                0x0000000010007d94      0x124 CMakeFiles/main_standalone.dir/home/runner/work/firmware/firmware/lib/freertos-smp/tasks.c.obj
                0x0000000010007d94                vTaskExitCritical
 .text.prvCheckTasksWaitingTermination
                0x0000000010007eb8       0x58 CMakeFiles/main_standalone.dir/home/runner/work/firmware/firmware/lib/freertos-smp/tasks.c.obj
 .text.prvIdleTask
                0x0000000010007f10       0x1c CMakeFiles/main_standalone.dir/home/runner/work/firmware/firmware/lib/freertos-smp/tasks.c.obj
 .text.prvAddNewTaskToReadyList
                0x0000000010007f2c       0xa0 CMakeFiles/main_standalone.dir/home/runner/work/firmware/firmware/lib/freertos-smp/tasks.c.obj
 .text.xTaskCreateAffinitySet
                0x0000000010007fcc       0x64 CMakeFiles/main_standalone.dir/home/runner/work/firmware/firmware/lib/freertos-smp/tasks.c.obj
                0x0000000010007fcc                xTaskCreateAffinitySet
 .text.xTaskCreate
                0x0000000010008030       0x1a CMakeFiles/main_standalone.dir/home/runner/work/firmware/firmware/lib/freertos-smp/tasks.c.obj
                0x0000000010008030                xTaskCreate
 *fill*         0x000000001000804a        0x2 
 .text.prvCreateIdleTasks
                0x000000001000804c       0x8c CMakeFiles/main_standalone.dir/home/runner/work/firmware/firmware/lib/freertos-smp/tasks.c.obj
 .text.vTaskStartScheduler
                0x00000000100080d8       0x64 CMakeFiles/main_standalone.dir/home/runner/work/firmware/firmware/lib/freertos-smp/tasks.c.obj
                0x00000000100080d8                vTaskStartScheduler
 .text.xTaskIncrementTick
                0x000000001000813c      0x188 CMakeFiles/main_standalone.dir/home/runner/work/firmware/firmware/lib/freertos-smp/tasks.c.obj
                0x000000001000813c                xTaskIncrementTick
 .text.xTaskResumeAll
                0x00000000100082c4      0x16c CMakeFiles/main_standalone.dir/home/runner/work/firmware/firmware/lib/freertos-smp/tasks.c.obj
                0x00000000100082c4                xTaskResumeAll
 .text.vTaskDelay
                0x0000000010008430       0x48 CMakeFiles/main_standalone.dir/home/runner/work/firmware/firmware/lib/freertos-smp/tasks.c.obj
                0x0000000010008430                vTaskDelay
 .text.vTaskRemoveFromUnorderedEventList
                0x0000000010008478       0x94 CMakeFiles/main_standalone.dir/home/runner/work/firmware/firmware/lib/freertos-smp/tasks.c.obj
                0x0000000010008478                vTaskRemoveFromUnorderedEventList
 .text.xTaskCheckForTimeOut
                0x000000001000850c       0xb8 CMakeFiles/main_standalone.dir/home/runner/work/firmware/firmware/lib/freertos-smp/tasks.c.obj
                0x000000001000850c                xTaskCheckForTimeOut
 .text.xTaskGetSchedulerState
                0x00000000100085c4       0x30 CMakeFiles/main_standalone.dir/home/runner/work/firmware/firmware/lib/freertos-smp/tasks.c.obj
                0x00000000100085c4                xTaskGetSchedulerState
 .text.uxTaskResetEventItemValue
                0x00000000100085f4       0x1c CMakeFiles/main_standalone.dir/home/runner/work/firmware/firmware/lib/freertos-smp/tasks.c.obj
                0x00000000100085f4                uxTaskResetEventItemValue
 .text.pvTaskIncrementMutexHeldCount
                0x0000000010008610       0x1a CMakeFiles/main_standalone.dir/home/runner/work/firmware/firmware/lib/freertos-smp/tasks.c.obj
                0x0000000010008610                pvTaskIncrementMutexHeldCount
 *fill*         0x000000001000862a        0x2 
 .text.prvGetNextExpireTime
                0x000000001000862c       0x24 CMakeFiles/main_standalone.dir/home/runner/work/firmware/firmware/lib/freertos-smp/timers.c.obj
 .text.prvInsertTimerInActiveList
                0x0000000010008650       0x48 CMakeFiles/main_standalone.dir/home/runner/work/firmware/firmware/lib/freertos-smp/timers.c.obj
 .text.prvCheckForValidListAndQueue
                0x0000000010008698       0x60 CMakeFiles/main_standalone.dir/home/runner/work/firmware/firmware/lib/freertos-smp/timers.c.obj
 .text.xTimerCreateTimerTask
                0x00000000100086f8       0x58 CMakeFiles/main_standalone.dir/home/runner/work/firmware/firmware/lib/freertos-smp/timers.c.obj
                0x00000000100086f8                xTimerCreateTimerTask
 .text.xTimerGenericCommandFromTask
                0x0000000010008750       0x78 CMakeFiles/main_standalone.dir/home/runner/work/firmware/firmware/lib/freertos-smp/timers.c.obj
                0x0000000010008750                xTimerGenericCommandFromTask
 .text.prvSwitchTimerLists
                0x00000000100087c8       0x88 CMakeFiles/main_standalone.dir/home/runner/work/firmware/firmware/lib/freertos-smp/timers.c.obj
 .text.prvSampleTimeNow
                0x0000000010008850       0x2c CMakeFiles/main_standalone.dir/home/runner/work/firmware/firmware/lib/freertos-smp/timers.c.obj
 .text.prvProcessExpiredTimer
                0x000000001000887c       0x74 CMakeFiles/main_standalone.dir/home/runner/work/firmware/firmware/lib/freertos-smp/timers.c.obj
 .text.prvProcessTimerOrBlockTask
                0x00000000100088f0       0x70 CMakeFiles/main_standalone.dir/home/runner/work/firmware/firmware/lib/freertos-smp/timers.c.obj
 .text.prvProcessReceivedCommands
                0x0000000010008960      0x114 CMakeFiles/main_standalone.dir/home/runner/work/firmware/firmware/lib/freertos-smp/timers.c.obj
 .text.prvTimerTask
                0x0000000010008a74       0x16 CMakeFiles/main_standalone.dir/home/runner/work/firmware/firmware/lib/freertos-smp/timers.c.obj
 *fill*         0x0000000010008a8a        0x2 
 .text.xTimerPendFunctionCallFromISR
                0x0000000010008a8c       0x28 CMakeFiles/main_standalone.dir/home/runner/work/firmware/firmware/lib/freertos-smp/timers.c.obj
                0x0000000010008a8c                xTimerPendFunctionCallFromISR
 .text.exception_is_compile_time_default
                0x0000000010008ab4       0x20 CMakeFiles/main_standalone.dir/home/runner/work/firmware/firmware/lib/pico-sdk/src/rp2_common/hardware_exception/exception.c.obj
 .text.set_raw_exception_handler_and_restore_interrupts
                0x0000000010008ad4       0x18 CMakeFiles/main_standalone.dir/home/runner/work/firmware/firmware/lib/pico-sdk/src/rp2_common/hardware_exception/exception.c.obj
 .text.exception_get_vtable_handler
                0x0000000010008aec       0x10 CMakeFiles/main_standalone.dir/home/runner/work/firmware/firmware/lib/pico-sdk/src/rp2_common/hardware_exception/exception.c.obj
                0x0000000010008aec                exception_get_vtable_handler
 .text.exception_set_exclusive_handler
                0x0000000010008afc       0x44 CMakeFiles/main_standalone.dir/home/runner/work/firmware/firmware/lib/pico-sdk/src/rp2_common/hardware_exception/exception.c.obj
                0x0000000010008afc                exception_set_exclusive_handler
 .text.core1_trampoline
                0x0000000010008b40        0x2 CMakeFiles/main_standalone.dir/home/runner/work/firmware/firmware/lib/pico-sdk/src/rp2_common/pico_multicore/multicore.c.obj
 .text.core1_wrapper
                0x0000000010008b42        0xc CMakeFiles/main_standalone.dir/home/runner/work/firmware/firmware/lib/pico-sdk/src/rp2_common/pico_multicore/multicore.c.obj
                0x0000000010008b42                core1_wrapper
 .text.multicore_fifo_push_blocking
                0x0000000010008b4e       0x14 CMakeFiles/main_standalone.dir/home/runner/work/firmware/firmware/lib/pico-sdk/src/rp2_common/pico_multicore/multicore.c.obj
                0x0000000010008b4e                multicore_fifo_push_blocking
 .text.multicore_fifo_pop_blocking
                0x0000000010008b62       0x16 CMakeFiles/main_standalone.dir/home/runner/work/firmware/firmware/lib/pico-sdk/src/rp2_common/pico_multicore/multicore.c.obj
                0x0000000010008b62                multicore_fifo_pop_blocking
 .text.multicore_launch_core1_raw
                0x0000000010008b78       0x6e CMakeFiles/main_standalone.dir/home/runner/work/firmware/firmware/lib/pico-sdk/src/rp2_common/pico_multicore/multicore.c.obj
                0x0000000010008b78                multicore_launch_core1_raw
 *fill*         0x0000000010008be6        0x2 
 .text.multicore_launch_core1_with_stack
                0x0000000010008be8       0x50 CMakeFiles/main_standalone.dir/home/runner/work/firmware/firmware/lib/pico-sdk/src/rp2_common/pico_multicore/multicore.c.obj
                0x0000000010008be8                multicore_launch_core1_with_stack
 .text.multicore_launch_core1
                0x0000000010008c38       0x24 CMakeFiles/main_standalone.dir/home/runner/work/firmware/firmware/lib/pico-sdk/src/rp2_common/pico_multicore/multicore.c.obj
                0x0000000010008c38                multicore_launch_core1
 .text.prvHeapInit
                0x0000000010008c5c       0x64 CMakeFiles/main_standalone.dir/home/runner/work/firmware/firmware/lib/freertos-smp/portable/MemMang/heap_4.c.obj
 .text.prvInsertBlockIntoFreeList
                0x0000000010008cc0       0x54 CMakeFiles/main_standalone.dir/home/runner/work/firmware/firmware/lib/freertos-smp/portable/MemMang/heap_4.c.obj
 .text.pvPortMalloc
                0x0000000010008d14      0x114 CMakeFiles/main_standalone.dir/home/runner/work/firmware/firmware/lib/freertos-smp/portable/MemMang/heap_4.c.obj
                0x0000000010008d14                pvPortMalloc
 .text.vPortFree
                0x0000000010008e28       0x84 CMakeFiles/main_standalone.dir/home/runner/work/firmware/firmware/lib/freertos-smp/portable/MemMang/heap_4.c.obj
                0x0000000010008e28                vPortFree
 .text.hw_endpoint_get_by_addr
                0x0000000010008eac       0x18 CMakeFiles/main_standalone.dir/home/runner/work/firmware/firmware/lib/tinyusb/src/portable/raspberrypi/rp2040/dcd_rp2040.c.obj
 .text._hw_endpoint_alloc
                0x0000000010008ec4       0x70 CMakeFiles/main_standalone.dir/home/runner/work/firmware/firmware/lib/tinyusb/src/portable/raspberrypi/rp2040/dcd_rp2040.c.obj
 .text.hw_endpoint_init
                0x0000000010008f34       0x88 CMakeFiles/main_standalone.dir/home/runner/work/firmware/firmware/lib/tinyusb/src/portable/raspberrypi/rp2040/dcd_rp2040.c.obj
 .text.hw_endpoint_xfer
                0x0000000010008fbc       0x14 CMakeFiles/main_standalone.dir/home/runner/work/firmware/firmware/lib/tinyusb/src/portable/raspberrypi/rp2040/dcd_rp2040.c.obj
 .text.dcd_int_enable
                0x0000000010008fd0       0x2c CMakeFiles/main_standalone.dir/home/runner/work/firmware/firmware/lib/tinyusb/src/portable/raspberrypi/rp2040/dcd_rp2040.c.obj
                0x0000000010008fd0                dcd_int_enable
 .text.dcd_set_address
                0x0000000010008ffc       0x2c CMakeFiles/main_standalone.dir/home/runner/work/firmware/firmware/lib/tinyusb/src/portable/raspberrypi/rp2040/dcd_rp2040.c.obj
                0x0000000010008ffc                dcd_set_address
 .text.dcd_connect
                0x0000000010009028       0x10 CMakeFiles/main_standalone.dir/home/runner/work/firmware/firmware/lib/tinyusb/src/portable/raspberrypi/rp2040/dcd_rp2040.c.obj
                0x0000000010009028                dcd_connect
 .text.dcd_init
                0x0000000010009038       0x80 CMakeFiles/main_standalone.dir/home/runner/work/firmware/firmware/lib/tinyusb/src/portable/raspberrypi/rp2040/dcd_rp2040.c.obj
                0x0000000010009038                dcd_init
 .text.dcd_edpt0_status_complete
                0x00000000100090b8       0x1c CMakeFiles/main_standalone.dir/home/runner/work/firmware/firmware/lib/tinyusb/src/portable/raspberrypi/rp2040/dcd_rp2040.c.obj
                0x00000000100090b8                dcd_edpt0_status_complete
 .text.dcd_edpt_open
                0x00000000100090d4       0x40 CMakeFiles/main_standalone.dir/home/runner/work/firmware/firmware/lib/tinyusb/src/portable/raspberrypi/rp2040/dcd_rp2040.c.obj
                0x00000000100090d4                dcd_edpt_open
 .text.dcd_edpt_close_all
                0x0000000010009114        0x8 CMakeFiles/main_standalone.dir/home/runner/work/firmware/firmware/lib/tinyusb/src/portable/raspberrypi/rp2040/dcd_rp2040.c.obj
                0x0000000010009114                dcd_edpt_close_all
 .text.dcd_edpt_xfer
                0x000000001000911c       0x30 CMakeFiles/main_standalone.dir/home/runner/work/firmware/firmware/lib/tinyusb/src/portable/raspberrypi/rp2040/dcd_rp2040.c.obj
                0x000000001000911c                dcd_edpt_xfer
 .text.dcd_edpt_stall
                0x000000001000914c       0x2c CMakeFiles/main_standalone.dir/home/runner/work/firmware/firmware/lib/tinyusb/src/portable/raspberrypi/rp2040/dcd_rp2040.c.obj
                0x000000001000914c                dcd_edpt_stall
 .text.dcd_edpt_clear_stall
                0x0000000010009178       0x20 CMakeFiles/main_standalone.dir/home/runner/work/firmware/firmware/lib/tinyusb/src/portable/raspberrypi/rp2040/dcd_rp2040.c.obj
                0x0000000010009178                dcd_edpt_clear_stall
 .text.rp2040_usb_init
                0x0000000010009198       0x4c CMakeFiles/main_standalone.dir/home/runner/work/firmware/firmware/lib/tinyusb/src/portable/raspberrypi/rp2040/rp2040_usb.c.obj
                0x0000000010009198                rp2040_usb_init
 .text.hw_endpoint_xfer_start
                0x00000000100091e4       0x50 CMakeFiles/main_standalone.dir/home/runner/work/firmware/firmware/lib/tinyusb/src/portable/raspberrypi/rp2040/rp2040_usb.c.obj
                0x00000000100091e4                hw_endpoint_xfer_start
 .text.configuration_reset
                0x0000000010009234       0x88 CMakeFiles/main_standalone.dir/home/runner/work/firmware/firmware/lib/tinyusb/src/device/usbd.c.obj
 .text.usbd_reset
                0x00000000100092bc        0xc CMakeFiles/main_standalone.dir/home/runner/work/firmware/firmware/lib/tinyusb/src/device/usbd.c.obj
 .text.invoke_class_control
                0x00000000100092c8       0x1a CMakeFiles/main_standalone.dir/home/runner/work/firmware/firmware/lib/tinyusb/src/device/usbd.c.obj
 *fill*         0x00000000100092e2        0x2 
 .text.process_set_config
                0x00000000100092e4      0x188 CMakeFiles/main_standalone.dir/home/runner/work/firmware/firmware/lib/tinyusb/src/device/usbd.c.obj
 .text.process_get_descriptor
                0x000000001000946c       0xdc CMakeFiles/main_standalone.dir/home/runner/work/firmware/firmware/lib/tinyusb/src/device/usbd.c.obj
 .text.tud_mounted
                0x0000000010009548       0x10 CMakeFiles/main_standalone.dir/home/runner/work/firmware/firmware/lib/tinyusb/src/device/usbd.c.obj
                0x0000000010009548                tud_mounted
 .text.tud_suspended
                0x0000000010009558       0x10 CMakeFiles/main_standalone.dir/home/runner/work/firmware/firmware/lib/tinyusb/src/device/usbd.c.obj
                0x0000000010009558                tud_suspended
 .text.tud_inited
                0x0000000010009568       0x14 CMakeFiles/main_standalone.dir/home/runner/work/firmware/firmware/lib/tinyusb/src/device/usbd.c.obj
                0x0000000010009568                tud_inited
 .text.tud_init
                0x000000001000957c       0xd0 CMakeFiles/main_standalone.dir/home/runner/work/firmware/firmware/lib/tinyusb/src/device/usbd.c.obj
                0x000000001000957c                tud_init
 .text.usbd_edpt_open
                0x000000001000964c       0x34 CMakeFiles/main_standalone.dir/home/runner/work/firmware/firmware/lib/tinyusb/src/device/usbd.c.obj
                0x000000001000964c                usbd_edpt_open
 .text.usbd_open_edpt_pair
                0x0000000010009680       0x62 CMakeFiles/main_standalone.dir/home/runner/work/firmware/firmware/lib/tinyusb/src/device/usbd.c.obj
                0x0000000010009680                usbd_open_edpt_pair
 *fill*         0x00000000100096e2        0x2 
 .text.usbd_edpt_claim
                0x00000000100096e4       0x28 CMakeFiles/main_standalone.dir/home/runner/work/firmware/firmware/lib/tinyusb/src/device/usbd.c.obj
                0x00000000100096e4                usbd_edpt_claim
 .text.usbd_edpt_release
                0x000000001000970c       0x28 CMakeFiles/main_standalone.dir/home/runner/work/firmware/firmware/lib/tinyusb/src/device/usbd.c.obj
                0x000000001000970c                usbd_edpt_release
 .text.usbd_edpt_xfer
                0x0000000010009734       0x78 CMakeFiles/main_standalone.dir/home/runner/work/firmware/firmware/lib/tinyusb/src/device/usbd.c.obj
                0x0000000010009734                usbd_edpt_xfer
 .text.usbd_edpt_stall
                0x00000000100097ac       0x48 CMakeFiles/main_standalone.dir/home/runner/work/firmware/firmware/lib/tinyusb/src/device/usbd.c.obj
                0x00000000100097ac                usbd_edpt_stall
 .text.usbd_edpt_clear_stall
                0x00000000100097f4       0x48 CMakeFiles/main_standalone.dir/home/runner/work/firmware/firmware/lib/tinyusb/src/device/usbd.c.obj
                0x00000000100097f4                usbd_edpt_clear_stall
 .text.usbd_edpt_stalled
                0x000000001000983c       0x1c CMakeFiles/main_standalone.dir/home/runner/work/firmware/firmware/lib/tinyusb/src/device/usbd.c.obj
                0x000000001000983c                usbd_edpt_stalled
 .text.process_control_request
                0x0000000010009858      0x378 CMakeFiles/main_standalone.dir/home/runner/work/firmware/firmware/lib/tinyusb/src/device/usbd.c.obj
 .text.tud_task_ext
                0x0000000010009bd0      0x1b8 CMakeFiles/main_standalone.dir/home/runner/work/firmware/firmware/lib/tinyusb/src/device/usbd.c.obj
                0x0000000010009bd0                tud_task_ext
 .text._data_stage_xact
                0x0000000010009d88       0x60 CMakeFiles/main_standalone.dir/home/runner/work/firmware/firmware/lib/tinyusb/src/device/usbd_control.c.obj
 .text.tud_control_status
                0x0000000010009de8       0x38 CMakeFiles/main_standalone.dir/home/runner/work/firmware/firmware/lib/tinyusb/src/device/usbd_control.c.obj
                0x0000000010009de8                tud_control_status
 .text.tud_control_xfer
                0x0000000010009e20       0x74 CMakeFiles/main_standalone.dir/home/runner/work/firmware/firmware/lib/tinyusb/src/device/usbd_control.c.obj
                0x0000000010009e20                tud_control_xfer
 .text.usbd_control_reset
                0x0000000010009e94       0x14 CMakeFiles/main_standalone.dir/home/runner/work/firmware/firmware/lib/tinyusb/src/device/usbd_control.c.obj
                0x0000000010009e94                usbd_control_reset
 .text.usbd_control_set_complete_callback
                0x0000000010009ea8        0xc CMakeFiles/main_standalone.dir/home/runner/work/firmware/firmware/lib/tinyusb/src/device/usbd_control.c.obj
                0x0000000010009ea8                usbd_control_set_complete_callback
 .text.usbd_control_set_request
                0x0000000010009eb4       0x1c CMakeFiles/main_standalone.dir/home/runner/work/firmware/firmware/lib/tinyusb/src/device/usbd_control.c.obj
                0x0000000010009eb4                usbd_control_set_request
 .text.usbd_control_xfer_cb
                0x0000000010009ed0       0xcc CMakeFiles/main_standalone.dir/home/runner/work/firmware/firmware/lib/tinyusb/src/device/usbd_control.c.obj
                0x0000000010009ed0                usbd_control_xfer_cb
 .text._prep_out_transaction
                0x0000000010009f9c       0x48 CMakeFiles/main_standalone.dir/home/runner/work/firmware/firmware/lib/tinyusb/src/class/cdc/cdc_device.c.obj
 .text.tud_cdc_n_connected
                0x0000000010009fe4       0x48 CMakeFiles/main_standalone.dir/home/runner/work/firmware/firmware/lib/tinyusb/src/class/cdc/cdc_device.c.obj
                0x0000000010009fe4                tud_cdc_n_connected
 .text.tud_cdc_n_available
                0x000000001000a02c       0x20 CMakeFiles/main_standalone.dir/home/runner/work/firmware/firmware/lib/tinyusb/src/class/cdc/cdc_device.c.obj
                0x000000001000a02c                tud_cdc_n_available
 .text.tud_cdc_n_read
                0x000000001000a04c       0x30 CMakeFiles/main_standalone.dir/home/runner/work/firmware/firmware/lib/tinyusb/src/class/cdc/cdc_device.c.obj
                0x000000001000a04c                tud_cdc_n_read
 .text.tud_cdc_n_write_flush
                0x000000001000a07c       0xc8 CMakeFiles/main_standalone.dir/home/runner/work/firmware/firmware/lib/tinyusb/src/class/cdc/cdc_device.c.obj
                0x000000001000a07c                tud_cdc_n_write_flush
 .text.cdcd_init
                0x000000001000a144       0xc0 CMakeFiles/main_standalone.dir/home/runner/work/firmware/firmware/lib/tinyusb/src/class/cdc/cdc_device.c.obj
                0x000000001000a144                cdcd_init
 .text.cdcd_reset
                0x000000001000a204       0x50 CMakeFiles/main_standalone.dir/home/runner/work/firmware/firmware/lib/tinyusb/src/class/cdc/cdc_device.c.obj
                0x000000001000a204                cdcd_reset
 .text.cdcd_open
                0x000000001000a254       0xd8 CMakeFiles/main_standalone.dir/home/runner/work/firmware/firmware/lib/tinyusb/src/class/cdc/cdc_device.c.obj
                0x000000001000a254                cdcd_open
 .text.cdcd_control_xfer_cb
                0x000000001000a32c      0x130 CMakeFiles/main_standalone.dir/home/runner/work/firmware/firmware/lib/tinyusb/src/class/cdc/cdc_device.c.obj
                0x000000001000a32c                cdcd_control_xfer_cb
 .text.cdcd_xfer_cb
                0x000000001000a45c      0x12c CMakeFiles/main_standalone.dir/home/runner/work/firmware/firmware/lib/tinyusb/src/class/cdc/cdc_device.c.obj
                0x000000001000a45c                cdcd_xfer_cb
 .text._prep_out_transaction
                0x000000001000a588       0x36 CMakeFiles/main_standalone.dir/home/runner/work/firmware/firmware/lib/tinyusb/src/class/vendor/vendor_device.c.obj
 *fill*         0x000000001000a5be        0x2 
 .text.tud_vendor_n_write_flush
                0x000000001000a5c0       0xc8 CMakeFiles/main_standalone.dir/home/runner/work/firmware/firmware/lib/tinyusb/src/class/vendor/vendor_device.c.obj
                0x000000001000a5c0                tud_vendor_n_write_flush
 .text.tud_vendor_n_write
                0x000000001000a688       0x38 CMakeFiles/main_standalone.dir/home/runner/work/firmware/firmware/lib/tinyusb/src/class/vendor/vendor_device.c.obj
                0x000000001000a688                tud_vendor_n_write
 .text.vendord_init
                0x000000001000a6c0       0xa8 CMakeFiles/main_standalone.dir/home/runner/work/firmware/firmware/lib/tinyusb/src/class/vendor/vendor_device.c.obj
                0x000000001000a6c0                vendord_init
 .text.vendord_reset
                0x000000001000a768       0x40 CMakeFiles/main_standalone.dir/home/runner/work/firmware/firmware/lib/tinyusb/src/class/vendor/vendor_device.c.obj
                0x000000001000a768                vendord_reset
 .text.vendord_open
                0x000000001000a7a8       0xd0 CMakeFiles/main_standalone.dir/home/runner/work/firmware/firmware/lib/tinyusb/src/class/vendor/vendor_device.c.obj
                0x000000001000a7a8                vendord_open
 .text.vendord_xfer_cb
                0x000000001000a878       0x7c CMakeFiles/main_standalone.dir/home/runner/work/firmware/firmware/lib/tinyusb/src/class/vendor/vendor_device.c.obj
                0x000000001000a878                vendord_xfer_cb
 .text.tu_edpt_claim
                0x000000001000a8f4       0x50 CMakeFiles/main_standalone.dir/home/runner/work/firmware/firmware/lib/tinyusb/src/tusb.c.obj
                0x000000001000a8f4                tu_edpt_claim
 .text.tu_edpt_release
                0x000000001000a944       0x3c CMakeFiles/main_standalone.dir/home/runner/work/firmware/firmware/lib/tinyusb/src/tusb.c.obj
                0x000000001000a944                tu_edpt_release
 .text.tu_edpt_validate