Archive member included to satisfy reference by file (symbol)

/usr/lib/gcc/arm-none-eabi/10.3.1/thumb/v6-m/nofp/libgcc.a(_dvmd_tls.o)
                              CMakeFiles/main_flashloader.dir/home/runner/work/firmware/firmware/lib/pico-sdk/src/rp2_common/pico_divider/divider.S.obj (__aeabi_idiv0)
/usr/lib/gcc/arm-none-eabi/10.3.1/../../../arm-none-eabi/lib/thumb/v6-m/nofp/libg.a(lib_a-atexit.o)
                              /usr/lib/gcc/arm-none-eabi/10.3.1/../../../arm-none-eabi/lib/thumb/v6-m/nofp/crt0.o (atexit)
/usr/lib/gcc/arm-none-eabi/10.3.1/../../../arm-none-eabi/lib/thumb/v6-m/nofp/libg.a(lib_a-calloc.o)
                              CMakeFiles/main_flashloader.dir/home/runner/work/firmware/firmware/lib/pico-sdk/src/rp2_common/pico_malloc/pico_malloc.c.obj (calloc)
/usr/lib/gcc/arm-none-eabi/10.3.1/../../../arm-none-eabi/lib/thumb/v6-m/nofp/libg.a(lib_a-callocr.o)
                              /usr/lib/gcc/arm-none-eabi/10.3.1/../../../arm-none-eabi/lib/thumb/v6-m/nofp/libg.a(lib_a-calloc.o) (_calloc_r)
/usr/lib/gcc/arm-none-eabi/10.3.1/../../../arm-none-eabi/lib/thumb/v6-m/nofp/libg.a(lib_a-fini.o)
                              /usr/lib/gcc/arm-none-eabi/10.3.1/../../../arm-none-eabi/lib/thumb/v6-m/nofp/crt0.o (__libc_fini_array)
/usr/lib/gcc/arm-none-eabi/10.3.1/../../../arm-none-eabi/lib/thumb/v6-m/nofp/libg.a(lib_a-impure.o)
                              /usr/lib/gcc/arm-none-eabi/10.3.1/../../../arm-none-eabi/lib/thumb/v6-m/nofp/libg.a(lib_a-calloc.o) (_impure_ptr)
/usr/lib/gcc/arm-none-eabi/10.3.1/../../../arm-none-eabi/lib/thumb/v6-m/nofp/libg.a(lib_a-init.o)
                              /usr/lib/gcc/arm-none-eabi/10.3.1/../../../arm-none-eabi/lib/thumb/v6-m/nofp/crt0.o (__libc_init_array)
/usr/lib/gcc/arm-none-eabi/10.3.1/../../../arm-none-eabi/lib/thumb/v6-m/nofp/libg.a(lib_a-malloc.o)
                              CMakeFiles/main_flashloader.dir/home/runner/work/firmware/firmware/lib/pico-sdk/src/rp2_common/pico_malloc/pico_malloc.c.obj (malloc)
/usr/lib/gcc/arm-none-eabi/10.3.1/../../../arm-none-eabi/lib/thumb/v6-m/nofp/libg.a(lib_a-mallocr.o)
                              /usr/lib/gcc/arm-none-eabi/10.3.1/../../../arm-none-eabi/lib/thumb/v6-m/nofp/libg.a(lib_a-callocr.o) (_malloc_r)
/usr/lib/gcc/arm-none-eabi/10.3.1/../../../arm-none-eabi/lib/thumb/v6-m/nofp/libg.a(lib_a-mlock.o)
                              /usr/lib/gcc/arm-none-eabi/10.3.1/../../../arm-none-eabi/lib/thumb/v6-m/nofp/libg.a(lib_a-mallocr.o) (__malloc_lock)
/usr/lib/gcc/arm-none-eabi/10.3.1/../../../arm-none-eabi/lib/thumb/v6-m/nofp/libg.a(lib_a-realloc.o)
                              CMakeFiles/main_flashloader.dir/home/runner/work/firmware/firmware/lib/pico-sdk/src/rp2_common/pico_malloc/pico_malloc.c.obj (realloc)
/usr/lib/gcc/arm-none-eabi/10.3.1/../../../arm-none-eabi/lib/thumb/v6-m/nofp/libg.a(lib_a-reallocr.o)
                              /usr/lib/gcc/arm-none-eabi/10.3.1/../../../arm-none-eabi/lib/thumb/v6-m/nofp/libg.a(lib_a-realloc.o) (_realloc_r)
/usr/lib/gcc/arm-none-eabi/10.3.1/../../../arm-none-eabi/lib/thumb/v6-m/nofp/libg.a(lib_a-sbrkr.o)
                              /usr/lib/gcc/arm-none-eabi/10.3.1/../../../arm-none-eabi/lib/thumb/v6-m/nofp/libg.a(lib_a-mallocr.o) (_sbrk_r)
/usr/lib/gcc/arm-none-eabi/10.3.1/../../../arm-none-eabi/lib/thumb/v6-m/nofp/libg.a(lib_a-strlen-stub.o)
                              CMakeFiles/main_flashloader.dir/home/runner/work/firmware/firmware/lib/pico-sdk/src/rp2_common/pico_stdio/stdio.c.obj (strlen)
/usr/lib/gcc/arm-none-eabi/10.3.1/../../../arm-none-eabi/lib/thumb/v6-m/nofp/libg.a(lib_a-__atexit.o)
                              /usr/lib/gcc/arm-none-eabi/10.3.1/../../../arm-none-eabi/lib/thumb/v6-m/nofp/libg.a(lib_a-atexit.o) (__register_exitproc)
/usr/lib/gcc/arm-none-eabi/10.3.1/../../../arm-none-eabi/lib/thumb/v6-m/nofp/libg.a(lib_a-freer.o)
                              /usr/lib/gcc/arm-none-eabi/10.3.1/../../../arm-none-eabi/lib/thumb/v6-m/nofp/libg.a(lib_a-malloc.o) (_free_r)
/usr/lib/gcc/arm-none-eabi/10.3.1/../../../arm-none-eabi/lib/thumb/v6-m/nofp/libg.a(lib_a-memmove.o)
                              /usr/lib/gcc/arm-none-eabi/10.3.1/../../../arm-none-eabi/lib/thumb/v6-m/nofp/libg.a(lib_a-reallocr.o) (memmove)
/usr/lib/gcc/arm-none-eabi/10.3.1/../../../arm-none-eabi/lib/thumb/v6-m/nofp/libg.a(lib_a-reent.o)
                              /usr/lib/gcc/arm-none-eabi/10.3.1/../../../arm-none-eabi/lib/thumb/v6-m/nofp/libg.a(lib_a-sbrkr.o) (errno)

Discarded input sections

 .text          0x0000000000000000        0x0 /usr/lib/gcc/arm-none-eabi/10.3.1/thumb/v6-m/nofp/crti.o
 .data          0x0000000000000000        0x0 /usr/lib/gcc/arm-none-eabi/10.3.1/thumb/v6-m/nofp/crti.o
 .bss           0x0000000000000000        0x0 /usr/lib/gcc/arm-none-eabi/10.3.1/thumb/v6-m/nofp/crti.o
 .data          0x0000000000000000        0x4 /usr/lib/gcc/arm-none-eabi/10.3.1/thumb/v6-m/nofp/crtbegin.o
[...]
Memory Configuration

Name             Origin             Length             Attributes
FLASH            0x0000000010000000 0x0000000000200000 xr
RAM              0x0000000020000000 0x0000000000040000 xrw
SCRATCH_X        0x0000000020040000 0x0000000000001000 xrw
SCRATCH_Y        0x0000000020041000 0x0000000000001000 xrw
*default*        0x0000000000000000 0xffffffffffffffff

Linker script and memory map

LOAD /usr/lib/gcc/arm-none-eabi/10.3.1/thumb/v6-m/nofp/crti.o
LOAD /usr/lib/gcc/arm-none-eabi/10.3.1/thumb/v6-m/nofp/crtbegin.o
LOAD /usr/lib/gcc/arm-none-eabi/10.3.1/../../../arm-none-eabi/lib/thumb/v6-m/nofp/crt0.o

.flash_begin    0x0000000010000000        0x0
                0x0000000010000000                __flash_binary_start = .

.boot2          0x0000000010000000      0x100
                0x0000000010000000                __boot2_start__ = .
 *(.boot2)
 .boot2         0x0000000010000000      0x100 /tmp/ccYg6Erk.o
                0x0000000010000100                __boot2_end__ = .
                0x0000000000000001                ASSERT (((__boot2_end__ - __boot2_start__) == 0x100), ERROR: Pico second stage bootloader must be 256 bytes in size)

.text           0x0000000010000100     0x3fc8
                0x0000000010000100                __logical_binary_start = .
 *(.vectors)
 .vectors       0x0000000010000100       0xd4 CMakeFiles/main_flashloader.dir/home/runner/work/firmware/firmware/lib/pico-sdk/src/rp2_common/pico_standard_link/crt0.S.obj
                0x0000000010000100                __vectors
                0x0000000010000100                __VECTOR_TABLE
                0x00000000100001c0                isr_invalid
                0x00000000100001c0                __default_isrs_start
                0x00000000100001c2                isr_nmi
                0x00000000100001c4                isr_hardfault
                0x00000000100001c6                isr_svcall
                0x00000000100001c8                isr_pendsv
                0x00000000100001ca                isr_systick
                0x00000000100001cc                isr_irq30
                0x00000000100001cc                __unhandled_user_irq
                0x00000000100001cc                isr_irq13
                0x00000000100001cc                isr_irq27
                0x00000000100001cc                isr_irq31
                0x00000000100001cc                isr_irq5
                0x00000000100001cc                isr_irq11
                0x00000000100001cc                isr_irq23
                0x00000000100001cc                isr_irq18
                0x00000000100001cc                isr_irq28
                0x00000000100001cc                isr_irq19
                0x00000000100001cc                isr_irq0
                0x00000000100001cc                isr_irq6
                0x00000000100001cc                isr_irq22
                0x00000000100001cc                isr_irq17
                0x00000000100001cc                isr_irq14
                0x00000000100001cc                isr_irq2
                0x00000000100001cc                isr_irq10
                0x00000000100001cc                isr_irq8
                0x00000000100001cc                isr_irq24
                0x00000000100001cc                isr_irq1
                0x00000000100001cc                isr_irq7
                0x00000000100001cc                isr_irq21
                0x00000000100001cc                isr_irq20
                0x00000000100001cc                isr_irq15
                0x00000000100001cc                isr_irq25
                0x00000000100001cc                isr_irq4
                0x00000000100001cc                isr_irq16
                0x00000000100001cc                isr_irq29
                0x00000000100001cc                isr_irq26
                0x00000000100001cc                __default_isrs_end
                0x00000000100001cc                isr_irq3
                0x00000000100001cc                isr_irq12
                0x00000000100001cc                isr_irq9
                0x00000000100001d2                unhandled_user_irq_num_in_r0
 *(.binary_info_header)
 .binary_info_header
                0x00000000100001d4       0x14 CMakeFiles/main_flashloader.dir/home/runner/work/firmware/firmware/lib/pico-sdk/src/rp2_common/pico_standard_link/crt0.S.obj
                0x00000000100001e8                __binary_info_header_end = .
 *(.reset)
 .reset         0x00000000100001e8       0xa0 CMakeFiles/main_flashloader.dir/home/runner/work/firmware/firmware/lib/pico-sdk/src/rp2_common/pico_standard_link/crt0.S.obj
                0x00000000100001e8                _entry_point
 .reset         0x0000000010000288       0x24 CMakeFiles/main_flashloader.dir/home/runner/work/firmware/firmware/lib/pico-sdk/src/rp2_common/pico_standard_link/binary_info.c.obj
 *(.init)
 .init          0x00000000100002ac        0x4 /usr/lib/gcc/arm-none-eabi/10.3.1/thumb/v6-m/nofp/crti.o
                0x00000000100002ac                _init
 *(EXCLUDE_FILE(*libm.a: *libc.a:*lib_a-mem*.o *libgcc.a:) .text*)
 .text          0x00000000100002b0       0x98 /usr/lib/gcc/arm-none-eabi/10.3.1/thumb/v6-m/nofp/crtbegin.o
 .text.main     0x0000000010000348        0x4 CMakeFiles/main_flashloader.dir/flashloader/null.c.obj
                0x0000000010000348                main
 .text.running_on_fpga
                0x000000001000034c       0x14 CMakeFiles/main_flashloader.dir/home/runner/work/firmware/firmware/lib/pico-sdk/src/rp2_common/pico_platform/platform.c.obj
                0x000000001000034c                running_on_fpga
 .text.hw_claim_lock
                0x0000000010000360       0x18 CMakeFiles/main_flashloader.dir/home/runner/work/firmware/firmware/lib/pico-sdk/src/rp2_common/hardware_claim/claim.c.obj
                0x0000000010000360                hw_claim_lock
 .text.hw_claim_unlock
                0x0000000010000378       0x14 CMakeFiles/main_flashloader.dir/home/runner/work/firmware/firmware/lib/pico-sdk/src/rp2_common/hardware_claim/claim.c.obj
                0x0000000010000378                hw_claim_unlock
 .text.hw_claim_or_assert
                0x000000001000038c       0x32 CMakeFiles/main_flashloader.dir/home/runner/work/firmware/firmware/lib/pico-sdk/src/rp2_common/hardware_claim/claim.c.obj
                0x000000001000038c                hw_claim_or_assert
 *fill*         0x00000000100003be        0x2 
 .text.spin_locks_reset
                0x00000000100003c0       0x20 CMakeFiles/main_flashloader.dir/home/runner/work/firmware/firmware/lib/pico-sdk/src/rp2_common/hardware_sync/sync.c.obj
                0x00000000100003c0                spin_locks_reset
 .text.next_striped_spin_lock_num
                0x00000000100003e0       0x1c CMakeFiles/main_flashloader.dir/home/runner/work/firmware/firmware/lib/pico-sdk/src/rp2_common/hardware_sync/sync.c.obj
                0x00000000100003e0                next_striped_spin_lock_num
 .text.set_raw_irq_handler_and_unlock
                0x00000000100003fc       0x28 CMakeFiles/main_flashloader.dir/home/runner/work/firmware/firmware/lib/pico-sdk/src/rp2_common/hardware_irq/irq.c.obj
 .text.make_branch
                0x0000000010000424       0x48 CMakeFiles/main_flashloader.dir/home/runner/work/firmware/firmware/lib/pico-sdk/src/rp2_common/hardware_irq/irq.c.obj
 .text.insert_branch_and_link
                0x000000001000046c       0x40 CMakeFiles/main_flashloader.dir/home/runner/work/firmware/firmware/lib/pico-sdk/src/rp2_common/hardware_irq/irq.c.obj
 .text.irq_is_enabled
                0x00000000100004ac       0x18 CMakeFiles/main_flashloader.dir/home/runner/work/firmware/firmware/lib/pico-sdk/src/rp2_common/hardware_irq/irq.c.obj
                0x00000000100004ac                irq_is_enabled
 .text.irq_set_mask_enabled
                0x00000000100004c4       0x20 CMakeFiles/main_flashloader.dir/home/runner/work/firmware/firmware/lib/pico-sdk/src/rp2_common/hardware_irq/irq.c.obj
                0x00000000100004c4                irq_set_mask_enabled
 .text.irq_set_enabled
                0x00000000100004e4        0xe CMakeFiles/main_flashloader.dir/home/runner/work/firmware/firmware/lib/pico-sdk/src/rp2_common/hardware_irq/irq.c.obj
                0x00000000100004e4                irq_set_enabled
 *fill*         0x00000000100004f2        0x2 
 .text.irq_get_vtable_handler
                0x00000000100004f4       0x10 CMakeFiles/main_flashloader.dir/home/runner/work/firmware/firmware/lib/pico-sdk/src/rp2_common/hardware_irq/irq.c.obj
                0x00000000100004f4                irq_get_vtable_handler
 .text.irq_set_exclusive_handler
                0x0000000010000504       0x54 CMakeFiles/main_flashloader.dir/home/runner/work/firmware/firmware/lib/pico-sdk/src/rp2_common/hardware_irq/irq.c.obj
                0x0000000010000504                irq_set_exclusive_handler
 .text.irq_remove_handler
                0x0000000010000558      0x1ac CMakeFiles/main_flashloader.dir/home/runner/work/firmware/firmware/lib/pico-sdk/src/rp2_common/hardware_irq/irq.c.obj
                0x0000000010000558                irq_remove_handler
 .text.irq_add_tail_to_free_list
                0x0000000010000704       0xf0 CMakeFiles/main_flashloader.dir/home/runner/work/firmware/firmware/lib/pico-sdk/src/rp2_common/hardware_irq/irq.c.obj
                0x0000000010000704                irq_add_tail_to_free_list
 .text.irq_init_priorities
                0x00000000100007f4       0x1c CMakeFiles/main_flashloader.dir/home/runner/work/firmware/firmware/lib/pico-sdk/src/rp2_common/hardware_irq/irq.c.obj
                0x00000000100007f4                irq_init_priorities
 .text.lock_init
                0x0000000010000810       0x10 CMakeFiles/main_flashloader.dir/home/runner/work/firmware/firmware/lib/pico-sdk/src/common/pico_sync/lock_core.c.obj
                0x0000000010000810                lock_init
 .text.mutex_init
                0x0000000010000820       0x1a CMakeFiles/main_flashloader.dir/home/runner/work/firmware/firmware/lib/pico-sdk/src/common/pico_sync/mutex.c.obj
                0x0000000010000820                mutex_init
 .text.recursive_mutex_init
                0x000000001000083a       0x1e CMakeFiles/main_flashloader.dir/home/runner/work/firmware/firmware/lib/pico-sdk/src/common/pico_sync/mutex.c.obj
                0x000000001000083a                recursive_mutex_init
 .text.alarm_pool_post_alloc_init
                0x0000000010000858       0x40 CMakeFiles/main_flashloader.dir/home/runner/work/firmware/firmware/lib/pico-sdk/src/common/pico_time/time.c.obj
 .text.sleep_until_callback
                0x0000000010000898       0x30 CMakeFiles/main_flashloader.dir/home/runner/work/firmware/firmware/lib/pico-sdk/src/common/pico_time/time.c.obj
 .text.timer_pool_entry_comparator
                0x00000000100008c8       0x7c CMakeFiles/main_flashloader.dir/home/runner/work/firmware/firmware/lib/pico-sdk/src/common/pico_time/time.c.obj
                0x00000000100008c8                timer_pool_entry_comparator
 .text.ph_add_child_node
                0x0000000010000944       0xa4 CMakeFiles/main_flashloader.dir/home/runner/work/firmware/firmware/lib/pico-sdk/src/common/pico_time/time.c.obj
 .text.ph_merge_nodes
                0x00000000100009e8       0x3e CMakeFiles/main_flashloader.dir/home/runner/work/firmware/firmware/lib/pico-sdk/src/common/pico_time/time.c.obj
 *fill*         0x0000000010000a26        0x2 
 .text.add_alarm_under_lock
                0x0000000010000a28      0x174 CMakeFiles/main_flashloader.dir/home/runner/work/firmware/firmware/lib/pico-sdk/src/common/pico_time/time.c.obj
 .text.alarm_pool_alarm_callback
                0x0000000010000b9c      0x33c CMakeFiles/main_flashloader.dir/home/runner/work/firmware/firmware/lib/pico-sdk/src/common/pico_time/time.c.obj
 .text.alarm_pool_init_default
                0x0000000010000ed8       0x40 CMakeFiles/main_flashloader.dir/home/runner/work/firmware/firmware/lib/pico-sdk/src/common/pico_time/time.c.obj
                0x0000000010000ed8                alarm_pool_init_default
 .text.alarm_pool_get_default
                0x0000000010000f18       0x2c CMakeFiles/main_flashloader.dir/home/runner/work/firmware/firmware/lib/pico-sdk/src/common/pico_time/time.c.obj
                0x0000000010000f18                alarm_pool_get_default
 .text.alarm_pool_add_alarm_at
                0x0000000010000f44      0x168 CMakeFiles/main_flashloader.dir/home/runner/work/firmware/firmware/lib/pico-sdk/src/common/pico_time/time.c.obj
                0x0000000010000f44                alarm_pool_add_alarm_at
 .text.alarm_pool_cancel_alarm
                0x00000000100010ac       0xf0 CMakeFiles/main_flashloader.dir/home/runner/work/firmware/firmware/lib/pico-sdk/src/common/pico_time/time.c.obj
                0x00000000100010ac                alarm_pool_cancel_alarm
 .text.best_effort_wfe_or_timeout
                0x000000001000119c       0xac CMakeFiles/main_flashloader.dir/home/runner/work/firmware/firmware/lib/pico-sdk/src/common/pico_time/time.c.obj
                0x000000001000119c                best_effort_wfe_or_timeout
 .text.hardware_alarm_irq_handler
                0x0000000010001248       0x90 CMakeFiles/main_flashloader.dir/home/runner/work/firmware/firmware/lib/pico-sdk/src/rp2_common/hardware_timer/timer.c.obj
 .text.hardware_alarm_claim
                0x00000000100012d8       0x18 CMakeFiles/main_flashloader.dir/home/runner/work/firmware/firmware/lib/pico-sdk/src/rp2_common/hardware_timer/timer.c.obj
                0x00000000100012d8                hardware_alarm_claim
 .text.time_us_64
                0x00000000100012f0       0x18 CMakeFiles/main_flashloader.dir/home/runner/work/firmware/firmware/lib/pico-sdk/src/rp2_common/hardware_timer/timer.c.obj
                0x00000000100012f0                time_us_64
 .text.hardware_alarm_set_callback
                0x0000000010001308       0x90 CMakeFiles/main_flashloader.dir/home/runner/work/firmware/firmware/lib/pico-sdk/src/rp2_common/hardware_timer/timer.c.obj
                0x0000000010001308                hardware_alarm_set_callback
 .text.hardware_alarm_set_target
                0x0000000010001398       0xe8 CMakeFiles/main_flashloader.dir/home/runner/work/firmware/firmware/lib/pico-sdk/src/rp2_common/hardware_timer/timer.c.obj
                0x0000000010001398                hardware_alarm_set_target
 .text.hardware_alarm_cancel
                0x0000000010001480       0x40 CMakeFiles/main_flashloader.dir/home/runner/work/firmware/firmware/lib/pico-sdk/src/rp2_common/hardware_timer/timer.c.obj
                0x0000000010001480                hardware_alarm_cancel
 .text.ph_add_child_node
                0x00000000100014c0       0xa4 CMakeFiles/main_flashloader.dir/home/runner/work/firmware/firmware/lib/pico-sdk/src/common/pico_util/pheap.c.obj
 .text.ph_merge_nodes
                0x0000000010001564       0x3e CMakeFiles/main_flashloader.dir/home/runner/work/firmware/firmware/lib/pico-sdk/src/common/pico_util/pheap.c.obj
 *fill*         0x00000000100015a2        0x2 
 .text.ph_clear
                0x00000000100015a4       0x70 CMakeFiles/main_flashloader.dir/home/runner/work/firmware/firmware/lib/pico-sdk/src/common/pico_util/pheap.c.obj
                0x00000000100015a4                ph_clear
 .text.ph_post_alloc_init
                0x0000000010001614        0xe CMakeFiles/main_flashloader.dir/home/runner/work/firmware/firmware/lib/pico-sdk/src/common/pico_util/pheap.c.obj
                0x0000000010001614                ph_post_alloc_init
 *fill*         0x0000000010001622        0x2 
 .text.ph_merge_two_pass
                0x0000000010001624       0xa8 CMakeFiles/main_flashloader.dir/home/runner/work/firmware/firmware/lib/pico-sdk/src/common/pico_util/pheap.c.obj
                0x0000000010001624                ph_merge_two_pass
 .text.ph_remove_any_head
                0x00000000100016cc      0x128 CMakeFiles/main_flashloader.dir/home/runner/work/firmware/firmware/lib/pico-sdk/src/common/pico_util/pheap.c.obj
 .text.ph_remove_head
                0x00000000100017f4       0x14 CMakeFiles/main_flashloader.dir/home/runner/work/firmware/firmware/lib/pico-sdk/src/common/pico_util/pheap.c.obj
                0x00000000100017f4                ph_remove_head
 .text.ph_remove_and_free_node
                0x0000000010001808       0xf8 CMakeFiles/main_flashloader.dir/home/runner/work/firmware/firmware/lib/pico-sdk/src/common/pico_util/pheap.c.obj
                0x0000000010001808                ph_remove_and_free_node
 .text.clock_configure
                0x0000000010001900      0x104 CMakeFiles/main_flashloader.dir/home/runner/work/firmware/firmware/lib/pico-sdk/src/rp2_common/hardware_clocks/clocks.c.obj
                0x0000000010001900                clock_configure
 .text.clocks_init
                0x0000000010001a04      0x100 CMakeFiles/main_flashloader.dir/home/runner/work/firmware/firmware/lib/pico-sdk/src/rp2_common/hardware_clocks/clocks.c.obj
                0x0000000010001a04                clocks_init
 .text.pll_init
                0x0000000010001b04      0x12c CMakeFiles/main_flashloader.dir/home/runner/work/firmware/firmware/lib/pico-sdk/src/rp2_common/hardware_pll/pll.c.obj
                0x0000000010001b04                pll_init
 .text.watchdog_start_tick
                0x0000000010001c30       0x10 CMakeFiles/main_flashloader.dir/home/runner/work/firmware/firmware/lib/pico-sdk/src/rp2_common/hardware_watchdog/watchdog.c.obj
                0x0000000010001c30                watchdog_start_tick
 .text.xosc_init
                0x0000000010001c40       0x28 CMakeFiles/main_flashloader.dir/home/runner/work/firmware/firmware/lib/pico-sdk/src/rp2_common/hardware_xosc/xosc.c.obj
                0x0000000010001c40                xosc_init
 .text._exit    0x0000000010001c68        0x4 CMakeFiles/main_flashloader.dir/home/runner/work/firmware/firmware/lib/pico-sdk/src/rp2_common/pico_runtime/runtime.c.obj
                0x0000000010001c68                _exit
 .text.exit     0x0000000010001c6c        0x6 CMakeFiles/main_flashloader.dir/home/runner/work/firmware/firmware/lib/pico-sdk/src/rp2_common/pico_runtime/runtime.c.obj
                0x0000000010001c6c                exit
 *fill*         0x0000000010001c72        0x2 
 .text.__assert_func
                0x0000000010001c74       0x3c CMakeFiles/main_flashloader.dir/home/runner/work/firmware/firmware/lib/pico-sdk/src/rp2_common/pico_runtime/runtime.c.obj
                0x0000000010001c74                __assert_func
 .text.runtime_init
                0x0000000010001cb0       0xf8 CMakeFiles/main_flashloader.dir/home/runner/work/firmware/firmware/lib/pico-sdk/src/rp2_common/pico_runtime/runtime.c.obj
                0x0000000010001cb0                runtime_init
 .text.panic    0x0000000010001da8       0x30 CMakeFiles/main_flashloader.dir/home/runner/work/firmware/firmware/lib/pico-sdk/src/rp2_common/pico_runtime/runtime.c.obj
                0x0000000010001da8                panic
 .text._out_null
                0x0000000010001dd8        0x2 CMakeFiles/main_flashloader.dir/home/runner/work/firmware/firmware/lib/pico-sdk/src/rp2_common/pico_printf/printf.c.obj
 .text._out_fct
                0x0000000010001dda        0xe CMakeFiles/main_flashloader.dir/home/runner/work/firmware/firmware/lib/pico-sdk/src/rp2_common/pico_printf/printf.c.obj
 .text._atoi    0x0000000010001de8       0x24 CMakeFiles/main_flashloader.dir/home/runner/work/firmware/firmware/lib/pico-sdk/src/rp2_common/pico_printf/printf.c.obj
 .text._out_rev
                0x0000000010001e0c       0xae CMakeFiles/main_flashloader.dir/home/runner/work/firmware/firmware/lib/pico-sdk/src/rp2_common/pico_printf/printf.c.obj
 .text._ntoa_format
                0x0000000010001eba      0x112 CMakeFiles/main_flashloader.dir/home/runner/work/firmware/firmware/lib/pico-sdk/src/rp2_common/pico_printf/printf.c.obj
 .text._ntoa_long
                0x0000000010001fcc       0xbc CMakeFiles/main_flashloader.dir/home/runner/work/firmware/firmware/lib/pico-sdk/src/rp2_common/pico_printf/printf.c.obj
 .text._ntoa_long_long
                0x0000000010002088       0xe2 CMakeFiles/main_flashloader.dir/home/runner/work/firmware/firmware/lib/pico-sdk/src/rp2_common/pico_printf/printf.c.obj
 *fill*         0x000000001000216a        0x2 
 .text._etoa    0x000000001000216c      0x414 CMakeFiles/main_flashloader.dir/home/runner/work/firmware/firmware/lib/pico-sdk/src/rp2_common/pico_printf/printf.c.obj
 .text._ftoa    0x0000000010002580      0x354 CMakeFiles/main_flashloader.dir/home/runner/work/firmware/firmware/lib/pico-sdk/src/rp2_common/pico_printf/printf.c.obj
 .text._vsnprintf
                0x00000000100028d4      0x624 CMakeFiles/main_flashloader.dir/home/runner/work/firmware/firmware/lib/pico-sdk/src/rp2_common/pico_printf/printf.c.obj
 .text.vfctprintf
                0x0000000010002ef8       0x20 CMakeFiles/main_flashloader.dir/home/runner/work/firmware/firmware/lib/pico-sdk/src/rp2_common/pico_printf/printf.c.obj
                0x0000000010002ef8                vfctprintf
 .text          0x0000000010002f18       0x10 CMakeFiles/main_flashloader.dir/home/runner/work/firmware/firmware/lib/pico-sdk/src/rp2_common/pico_bit_ops/bit_ops_aeabi.S.obj
 .text.rom_func_lookup
                0x0000000010002f28       0x10 CMakeFiles/main_flashloader.dir/home/runner/work/firmware/firmware/lib/pico-sdk/src/rp2_common/pico_bootrom/bootrom.c.obj
                0x0000000010002f28                rom_func_lookup
 .text.rom_data_lookup
                0x0000000010002f38       0x10 CMakeFiles/main_flashloader.dir/home/runner/work/firmware/firmware/lib/pico-sdk/src/rp2_common/pico_bootrom/bootrom.c.obj
                0x0000000010002f38                rom_data_lookup
 .text.rom_funcs_lookup
                0x0000000010002f48       0x36 CMakeFiles/main_flashloader.dir/home/runner/work/firmware/firmware/lib/pico-sdk/src/rp2_common/pico_bootrom/bootrom.c.obj
                0x0000000010002f48                rom_funcs_lookup
 *fill*         0x0000000010002f7e        0x2 
 .text.__wrap___aeabi_idiv
                0x0000000010002f80       0x50 CMakeFiles/main_flashloader.dir/home/runner/work/firmware/firmware/lib/pico-sdk/src/rp2_common/pico_divider/divider.S.obj
                0x0000000010002f80                __wrap___aeabi_idivmod
                0x0000000010002f80                divmod_s32s32
                0x0000000010002f80                div_s32s32
                0x0000000010002f80                __wrap___aeabi_idiv
                0x0000000010002f88                divmod_s32s32_unsafe
                0x0000000010002fb4                divmod_s32s32_savestate
 .text.__wrap___aeabi_uidiv
                0x0000000010002fd0       0x4c CMakeFiles/main_flashloader.dir/home/runner/work/firmware/firmware/lib/pico-sdk/src/rp2_common/pico_divider/divider.S.obj
                0x0000000010002fd0                __wrap___aeabi_uidiv
                0x0000000010002fd0                __wrap___aeabi_uidivmod
                0x0000000010002fd0                div_u32u32
                0x0000000010002fd0                divmod_u32u32
                0x0000000010002fd8                divmod_u32u32_unsafe
                0x0000000010003000                divmod_u32u32_savestate
 .text.__wrap___aeabi_ldiv
                0x000000001000301c      0x424 CMakeFiles/main_flashloader.dir/home/runner/work/firmware/firmware/lib/pico-sdk/src/rp2_common/pico_divider/divider.S.obj
                0x000000001000301c                div_s64s64
                0x000000001000301c                divmod_s64s64
                0x000000001000301c                __wrap___aeabi_ldivmod
                0x000000001000304c                div_u64u64
                0x000000001000304c                divmod_u64u64
                0x000000001000304c                __wrap___aeabi_uldivmod
                0x000000001000305c                divmod_u64u64_savestate
                0x000000001000307c                divmod_s64s64_unsafe
                0x0000000010003104                divmod_u64u64_unsafe
 .text.__wrap___aeabi_darithmetic
                0x0000000010003440       0x80 CMakeFiles/main_flashloader.dir/home/runner/work/firmware/firmware/lib/pico-sdk/src/rp2_common/pico_double/double_aeabi.S.obj
                0x0000000010003440                __wrap___aeabi_drsub
                0x0000000010003446                __wrap___aeabi_dsub
                0x0000000010003458                __wrap___aeabi_dadd
                0x000000001000346a                __wrap___aeabi_ddiv
                0x00000000100034a6                __wrap___aeabi_dmul
 .text.__wrap___aeabi_cdcmple
                0x00000000100034c0       0x6c CMakeFiles/main_flashloader.dir/home/runner/work/firmware/firmware/lib/pico-sdk/src/rp2_common/pico_double/double_aeabi.S.obj
                0x00000000100034c0                __wrap___aeabi_cdrcmple
                0x00000000100034d0                __wrap___aeabi_cdcmple
                0x00000000100034d0                __wrap___aeabi_cdcmpeq
 .text.__wrap___aeabi_dcmplt
                0x000000001000352c        0xc CMakeFiles/main_flashloader.dir/home/runner/work/firmware/firmware/lib/pico-sdk/src/rp2_common/pico_double/double_aeabi.S.obj
                0x000000001000352c                __wrap___aeabi_dcmplt
 .text.__wrap___aeabi_dcmple
                0x0000000010003538       0x10 CMakeFiles/main_flashloader.dir/home/runner/work/firmware/firmware/lib/pico-sdk/src/rp2_common/pico_double/double_aeabi.S.obj
                0x0000000010003538                __wrap___aeabi_dcmple
 .text.__wrap___aeabi_dcmpge
                0x0000000010003548       0x10 CMakeFiles/main_flashloader.dir/home/runner/work/firmware/firmware/lib/pico-sdk/src/rp2_common/pico_double/double_aeabi.S.obj
                0x0000000010003548                __wrap___aeabi_dcmpge
 .text.__wrap___aeabi_dcmpgt
                0x0000000010003558        0xa CMakeFiles/main_flashloader.dir/home/runner/work/firmware/firmware/lib/pico-sdk/src/rp2_common/pico_double/double_aeabi.S.obj
                0x0000000010003558                __wrap___aeabi_dcmpgt
 .text.__wrap___aeabi_dcmpun
                0x0000000010003562       0x1c CMakeFiles/main_flashloader.dir/home/runner/work/firmware/firmware/lib/pico-sdk/src/rp2_common/pico_double/double_aeabi.S.obj
                0x0000000010003562                __wrap___aeabi_dcmpun
 *fill*         0x000000001000357e        0x2 
 .text.__wrap___aeabi_i2d
                0x0000000010003580       0x38 CMakeFiles/main_flashloader.dir/home/runner/work/firmware/firmware/lib/pico-sdk/src/rp2_common/pico_double/double_aeabi.S.obj
                0x0000000010003580                __wrap___aeabi_ui2d
                0x0000000010003588                __wrap___aeabi_i2d
 .text.__wrap___aeabi_d2iz
                0x00000000100035b8       0x48 CMakeFiles/main_flashloader.dir/home/runner/work/firmware/firmware/lib/pico-sdk/src/rp2_common/pico_double/double_aeabi.S.obj
                0x00000000100035b8                __wrap___aeabi_d2iz
                0x00000000100035b8                double2int_z
 .text.__wrap___aeabi_d2uiz
                0x0000000010003600       0x18 CMakeFiles/main_flashloader.dir/home/runner/work/firmware/firmware/lib/pico-sdk/src/rp2_common/pico_double/double_aeabi.S.obj
                0x0000000010003600                double2uint
                0x0000000010003600                __wrap___aeabi_d2uiz
 .text.__aeabi_double_init
                0x0000000010003618       0xc8 CMakeFiles/main_flashloader.dir/home/runner/work/firmware/firmware/lib/pico-sdk/src/rp2_common/pico_double/double_init_rom.c.obj
                0x0000000010003618                __aeabi_double_init
 .text.double_table_shim_on_use_helper
                0x00000000100036e0       0x34 CMakeFiles/main_flashloader.dir/home/runner/work/firmware/firmware/lib/pico-sdk/src/rp2_common/pico_double/double_v1_rom_shim.S.obj
                0x00000000100036e0                double_table_shim_on_use_helper
 .text.__wrap___aeabi_dsub
                0x0000000010003714       0x10 CMakeFiles/main_flashloader.dir/home/runner/work/firmware/firmware/lib/pico-sdk/src/rp2_common/pico_double/double_v1_rom_shim.S.obj
                0x0000000010003714                drsub_shim
                0x000000001000371a                dsub_shim
 .text.dadd_shim
                0x0000000010003724      0x15c CMakeFiles/main_flashloader.dir/home/runner/work/firmware/firmware/lib/pico-sdk/src/rp2_common/pico_double/double_v1_rom_shim.S.obj
                0x0000000010003724                dadd_shim
 .text.dmul_shim
                0x0000000010003880      0x15c CMakeFiles/main_flashloader.dir/home/runner/work/firmware/firmware/lib/pico-sdk/src/rp2_common/pico_double/double_v1_rom_shim.S.obj
                0x0000000010003880                dmul_shim
 .text.ddiv_shim
                0x00000000100039dc      0x1b0 CMakeFiles/main_flashloader.dir/home/runner/work/firmware/firmware/lib/pico-sdk/src/rp2_common/pico_double/double_v1_rom_shim.S.obj
                0x00000000100039dc                ddiv_shim
 .text.double2uint_shim
                0x0000000010003b8c        0xe CMakeFiles/main_flashloader.dir/home/runner/work/firmware/firmware/lib/pico-sdk/src/rp2_common/pico_double/double_v1_rom_shim.S.obj
                0x0000000010003b8c                double2uint_shim
                0x0000000010003b8e                double2ufix_shim
 *fill*         0x0000000010003b9a        0x2 
 .text.double2uint64_shim
                0x0000000010003b9c       0x70 CMakeFiles/main_flashloader.dir/home/runner/work/firmware/firmware/lib/pico-sdk/src/rp2_common/pico_double/double_v1_rom_shim.S.obj
                0x0000000010003b9c                double2uint64_shim
                0x0000000010003b9e                double2ufix64_shim
                0x0000000010003bbe                d2fix_a
 .text.dunpacks
                0x0000000010003c0c       0x3c CMakeFiles/main_flashloader.dir/home/runner/work/firmware/firmware/lib/pico-sdk/src/rp2_common/pico_double/double_v1_rom_shim.S.obj
                0x0000000010003c0c                dunpacks
 .text.__aeabi_float_init
                0x0000000010003c48       0xfc CMakeFiles/main_flashloader.dir/home/runner/work/firmware/firmware/lib/pico-sdk/src/rp2_common/pico_float/float_init_rom.c.obj
                0x0000000010003c48                __aeabi_float_init
 .text.float_table_shim_on_use_helper
                0x0000000010003d44       0x34 CMakeFiles/main_flashloader.dir/home/runner/work/firmware/firmware/lib/pico-sdk/src/rp2_common/pico_float/float_v1_rom_shim.S.obj
                0x0000000010003d44                float_table_shim_on_use_helper
 .text          0x0000000010003d78       0x10 CMakeFiles/main_flashloader.dir/home/runner/work/firmware/firmware/lib/pico-sdk/src/rp2_common/pico_mem_ops/mem_ops_aeabi.S.obj
                0x0000000010003d78                __aeabi_mem_init
 .text.memcpy   0x0000000010003d88        0xc CMakeFiles/main_flashloader.dir/home/runner/work/firmware/firmware/lib/pico-sdk/src/rp2_common/pico_mem_ops/mem_ops_aeabi.S.obj
                0x0000000010003d88                __wrap___aeabi_memcpy
                0x0000000010003d88                __wrap_memcpy
 .text.stdio_out_chars_no_crlf
                0x0000000010003d94        0xe CMakeFiles/main_flashloader.dir/home/runner/work/firmware/firmware/lib/pico-sdk/src/rp2_common/pico_stdio/stdio.c.obj
 *fill*         0x0000000010003da2        0x2 
 .text.stdio_out_chars_crlf
                0x0000000010003da4       0x80 CMakeFiles/main_flashloader.dir/home/runner/work/firmware/firmware/lib/pico-sdk/src/rp2_common/pico_stdio/stdio.c.obj
 .text.stdio_stack_buffer_flush
                0x0000000010003e24       0x44 CMakeFiles/main_flashloader.dir/home/runner/work/firmware/firmware/lib/pico-sdk/src/rp2_common/pico_stdio/stdio.c.obj
 .text.stdio_buffered_printer
                0x0000000010003e68       0x20 CMakeFiles/main_flashloader.dir/home/runner/work/firmware/firmware/lib/pico-sdk/src/rp2_common/pico_stdio/stdio.c.obj
 .text.stdout_serialize_begin
                0x0000000010003e88       0x5c CMakeFiles/main_flashloader.dir/home/runner/work/firmware/firmware/lib/pico-sdk/src/rp2_common/pico_stdio/stdio.c.obj
                0x0000000010003e88                stdout_serialize_begin
 .text.stdout_serialize_end
                0x0000000010003ee4       0x10 CMakeFiles/main_flashloader.dir/home/runner/work/firmware/firmware/lib/pico-sdk/src/rp2_common/pico_stdio/stdio.c.obj
                0x0000000010003ee4                stdout_serialize_end
 .text.stdio_put_string
                0x0000000010003ef4       0x98 CMakeFiles/main_flashloader.dir/home/runner/work/firmware/firmware/lib/pico-sdk/src/rp2_common/pico_stdio/stdio.c.obj
 .text.stdio_flush
                0x0000000010003f8c       0x20 CMakeFiles/main_flashloader.dir/home/runner/work/firmware/firmware/lib/pico-sdk/src/rp2_common/pico_stdio/stdio.c.obj
                0x0000000010003f8c                stdio_flush
 .text.__wrap_puts
                0x0000000010003fac       0x1e CMakeFiles/main_flashloader.dir/home/runner/work/firmware/firmware/lib/pico-sdk/src/rp2_common/pico_stdio/stdio.c.obj
                0x0000000010003fac                __wrap_puts
 *fill*         0x0000000010003fca        0x2 
 .text.__wrap_vprintf
                0x0000000010003fcc       0x40 CMakeFiles/main_flashloader.dir/home/runner/work/firmware/firmware/lib/pico-sdk/src/rp2_common/pico_stdio/stdio.c.obj
                0x0000000010003fcc                __wrap_vprintf
 .text.__wrap_printf
                0x000000001000400c       0x18 CMakeFiles/main_flashloader.dir/home/runner/work/firmware/firmware/lib/pico-sdk/src/rp2_common/pico_stdio/stdio.c.obj
                0x000000001000400c                __wrap_printf
 .text          0x0000000010004024       0x5c /usr/lib/gcc/arm-none-eabi/10.3.1/../../../arm-none-eabi/lib/thumb/v6-m/nofp/libg.a(lib_a-strlen-stub.o)
                0x0000000010004024                strlen
 *(.fini)
 .fini          0x0000000010004080        0x4 /usr/lib/gcc/arm-none-eabi/10.3.1/thumb/v6-m/nofp/crti.o
                0x0000000010004080                _fini
 *fill*         0x0000000010004084        0x4 
 .fini.__stub   0x0000000010004088       0x40 linker stubs
 *crtbegin.o(.ctors)
 *crtbegin?.o(.ctors)
 *(EXCLUDE_FILE(*crtend.o *crtend?.o) .ctors)
 *(SORT_BY_NAME(.ctors.*))
 *(.ctors)
 *crtbegin.o(.dtors)
 *crtbegin?.o(.dtors)
 *(EXCLUDE_FILE(*crtend.o *crtend?.o) .dtors)
 *(SORT_BY_NAME(.dtors.*))
 *(.dtors)
 *(.eh_frame*)
 .eh_frame      0x00000000100040c8        0x0 /usr/lib/gcc/arm-none-eabi/10.3.1/thumb/v6-m/nofp/crtbegin.o
                0x00000000100040c8                . = ALIGN (0x4)

.glue_7         0x00000000100040c8        0x0
 .glue_7        0x00000000100040c8        0x0 linker stubs

.glue_7t        0x00000000100040c8        0x0
 .glue_7t       0x00000000100040c8        0x0 linker stubs

.vfp11_veneer   0x00000000100040c8        0x0
 .vfp11_veneer  0x00000000100040c8        0x0 linker stubs

.v4_bx          0x00000000100040c8        0x0
 .v4_bx         0x00000000100040c8        0x0 linker stubs

.iplt           0x00000000100040c8        0x0
 .iplt          0x00000000100040c8        0x0 /usr/lib/gcc/arm-none-eabi/10.3.1/thumb/v6-m/nofp/crtbegin.o

.rodata         0x00000000100040c8      0xf9c
 *(EXCLUDE_FILE(*libm.a: *libc.a:*lib_a-mem*.o *libgcc.a:) .rodata*)
 .rodata.make_branch.str1.4
                0x00000000100040c8       0x83 CMakeFiles/main_flashloader.dir/home/runner/work/firmware/firmware/lib/pico-sdk/src/rp2_common/hardware_irq/irq.c.obj
 *fill*         0x000000001000414b        0x1 
 .rodata.insert_branch_and_link.str1.4
                0x000000001000414c       0x10 CMakeFiles/main_flashloader.dir/home/runner/work/firmware/firmware/lib/pico-sdk/src/rp2_common/hardware_irq/irq.c.obj
 .rodata.irq_set_exclusive_handler.str1.4
                0x000000001000415c       0x36 CMakeFiles/main_flashloader.dir/home/runner/work/firmware/firmware/lib/pico-sdk/src/rp2_common/hardware_irq/irq.c.obj
 *fill*         0x0000000010004192        0x2 
 .rodata.irq_add_shared_handler.str1.4
                0x0000000010004194       0xd9 CMakeFiles/main_flashloader.dir/home/runner/work/firmware/firmware/lib/pico-sdk/src/rp2_common/hardware_irq/irq.c.obj
 *fill*         0x000000001000426d        0x3 
 .rodata.irq_remove_handler.str1.4
                0x0000000010004270       0x3a CMakeFiles/main_flashloader.dir/home/runner/work/firmware/firmware/lib/pico-sdk/src/rp2_common/hardware_irq/irq.c.obj
 *fill*         0x00000000100042aa        0x2 
 .rodata.irq_add_tail_to_free_list.str1.4
                0x00000000100042ac       0x3a CMakeFiles/main_flashloader.dir/home/runner/work/firmware/firmware/lib/pico-sdk/src/rp2_common/hardware_irq/irq.c.obj
 *fill*         0x00000000100042e6        0x2 
 .rodata.__func__.0
                0x00000000100042e8       0x1a CMakeFiles/main_flashloader.dir/home/runner/work/firmware/firmware/lib/pico-sdk/src/rp2_common/hardware_irq/irq.c.obj
 *fill*         0x0000000010004302        0x2 
 .rodata.__func__.1
                0x0000000010004304       0x17 CMakeFiles/main_flashloader.dir/home/runner/work/firmware/firmware/lib/pico-sdk/src/rp2_common/hardware_irq/irq.c.obj
 *fill*         0x000000001000431b        0x1 
 .rodata.__func__.2
                0x000000001000431c       0x13 CMakeFiles/main_flashloader.dir/home/runner/work/firmware/firmware/lib/pico-sdk/src/rp2_common/hardware_irq/irq.c.obj
 *fill*         0x000000001000432f        0x1 
 .rodata.__func__.3
                0x0000000010004330        0xc CMakeFiles/main_flashloader.dir/home/runner/work/firmware/firmware/lib/pico-sdk/src/rp2_common/hardware_irq/irq.c.obj
 .rodata.__func__.4
                0x000000001000433c        0xf CMakeFiles/main_flashloader.dir/home/runner/work/firmware/firmware/lib/pico-sdk/src/rp2_common/hardware_irq/irq.c.obj
 *fill*         0x000000001000434b        0x1 
 .rodata.__func__.6
                0x000000001000434c       0x1a CMakeFiles/main_flashloader.dir/home/runner/work/firmware/firmware/lib/pico-sdk/src/rp2_common/hardware_irq/irq.c.obj
 *fill*         0x0000000010004366        0x2 
 .rodata.str1.4
                0x0000000010004368      0x119 CMakeFiles/main_flashloader.dir/home/runner/work/firmware/firmware/lib/pico-sdk/src/common/pico_sync/mutex.c.obj
 *fill*         0x0000000010004481        0x3 
 .rodata.__func__.1
                0x0000000010004484        0xb CMakeFiles/main_flashloader.dir/home/runner/work/firmware/firmware/lib/pico-sdk/src/common/pico_sync/mutex.c.obj
 *fill*         0x000000001000448f        0x1 
 .rodata.__func__.3
                0x0000000010004490       0x18 CMakeFiles/main_flashloader.dir/home/runner/work/firmware/firmware/lib/pico-sdk/src/common/pico_sync/mutex.c.obj
 .rodata.repeating_timer_callback.str1.4
                0x00000000100044a8       0x61 CMakeFiles/main_flashloader.dir/home/runner/work/firmware/firmware/lib/pico-sdk/src/common/pico_time/time.c.obj
 *fill*         0x0000000010004509        0x3 
 .rodata.timer_pool_entry_comparator.str1.4
                0x000000001000450c       0x22 CMakeFiles/main_flashloader.dir/home/runner/work/firmware/firmware/lib/pico-sdk/src/common/pico_time/time.c.obj
 *fill*         0x000000001000452e        0x2 
 .rodata.ph_add_child_node.str1.4
                0x0000000010004530       0xaa CMakeFiles/main_flashloader.dir/home/runner/work/firmware/firmware/lib/pico-sdk/src/common/pico_time/time.c.obj
 *fill*         0x00000000100045da        0x2 
 .rodata.add_alarm_under_lock.str1.4
                0x00000000100045dc       0x28 CMakeFiles/main_flashloader.dir/home/runner/work/firmware/firmware/lib/pico-sdk/src/common/pico_time/time.c.obj
                                         0x2b (size before relaxing)
 .rodata.alarm_pool_alarm_callback.str1.4
                0x0000000010004604       0x98 CMakeFiles/main_flashloader.dir/home/runner/work/firmware/firmware/lib/pico-sdk/src/common/pico_time/time.c.obj
                                        0x110 (size before relaxing)
 .rodata.alarm_pool_get_default.str1.4
                0x000000001000469c       0x21 CMakeFiles/main_flashloader.dir/home/runner/work/firmware/firmware/lib/pico-sdk/src/common/pico_time/time.c.obj
 *fill*         0x00000000100046bd        0x3 
 .rodata.alarm_pool_cancel_alarm.str1.4
                0x00000000100046c0       0x27 CMakeFiles/main_flashloader.dir/home/runner/work/firmware/firmware/lib/pico-sdk/src/common/pico_time/time.c.obj
 *fill*         0x00000000100046e7        0x1 
 .rodata.__func__.1
                0x00000000100046e8       0x18 CMakeFiles/main_flashloader.dir/home/runner/work/firmware/firmware/lib/pico-sdk/src/common/pico_time/time.c.obj
 .rodata.__func__.10
                0x0000000010004700       0x15 CMakeFiles/main_flashloader.dir/home/runner/work/firmware/firmware/lib/pico-sdk/src/common/pico_time/time.c.obj
 *fill*         0x0000000010004715        0x3 
 .rodata.__func__.11
                0x0000000010004718       0x1a CMakeFiles/main_flashloader.dir/home/runner/work/firmware/firmware/lib/pico-sdk/src/common/pico_time/time.c.obj
 *fill*         0x0000000010004732        0x2 
 .rodata.__func__.12
                0x0000000010004734        0xa CMakeFiles/main_flashloader.dir/home/runner/work/firmware/firmware/lib/pico-sdk/src/common/pico_time/time.c.obj
 *fill*         0x000000001000473e        0x2 
 .rodata.__func__.3
                0x0000000010004740       0x17 CMakeFiles/main_flashloader.dir/home/runner/work/firmware/firmware/lib/pico-sdk/src/common/pico_time/time.c.obj
 *fill*         0x0000000010004757        0x1 
 .rodata.__func__.4
                0x0000000010004758       0x12 CMakeFiles/main_flashloader.dir/home/runner/work/firmware/firmware/lib/pico-sdk/src/common/pico_time/time.c.obj
 *fill*         0x000000001000476a        0x2 
 .rodata.__func__.5
                0x000000001000476c        0xd CMakeFiles/main_flashloader.dir/home/runner/work/firmware/firmware/lib/pico-sdk/src/common/pico_time/time.c.obj
 *fill*         0x0000000010004779        0x3 
 .rodata.__func__.6
                0x000000001000477c       0x12 CMakeFiles/main_flashloader.dir/home/runner/work/firmware/firmware/lib/pico-sdk/src/common/pico_time/time.c.obj
 *fill*         0x000000001000478e        0x2 
 .rodata.__func__.7
                0x0000000010004790        0xf CMakeFiles/main_flashloader.dir/home/runner/work/firmware/firmware/lib/pico-sdk/src/common/pico_time/time.c.obj
 *fill*         0x000000001000479f        0x1 
 .rodata.__func__.8
                0x00000000100047a0        0xc CMakeFiles/main_flashloader.dir/home/runner/work/firmware/firmware/lib/pico-sdk/src/common/pico_time/time.c.obj
 .rodata.__func__.9
                0x00000000100047ac       0x15 CMakeFiles/main_flashloader.dir/home/runner/work/firmware/firmware/lib/pico-sdk/src/common/pico_time/time.c.obj
 *fill*         0x00000000100047c1        0x3 
 .rodata.hardware_alarm_claim.str1.4
                0x00000000100047c4       0x22 CMakeFiles/main_flashloader.dir/home/runner/work/firmware/firmware/lib/pico-sdk/src/rp2_common/hardware_timer/timer.c.obj
 *fill*         0x00000000100047e6        0x2 
 .rodata.hardware_alarm_set_target.str1.4
                0x00000000100047e8       0x7b CMakeFiles/main_flashloader.dir/home/runner/work/firmware/firmware/lib/pico-sdk/src/rp2_common/hardware_timer/timer.c.obj
 *fill*         0x0000000010004863        0x1 
 .rodata.__func__.0
                0x0000000010004864       0x1a CMakeFiles/main_flashloader.dir/home/runner/work/firmware/firmware/lib/pico-sdk/src/rp2_common/hardware_timer/timer.c.obj
 .rodata.ph_add_child_node.str1.4
                0x000000001000487e       0xaa CMakeFiles/main_flashloader.dir/home/runner/work/firmware/firmware/lib/pico-sdk/src/common/pico_util/pheap.c.obj
 *fill*         0x000000001000487e        0x2 
 .rodata.ph_remove_any_head.str1.4
                0x0000000010004880       0xa4 CMakeFiles/main_flashloader.dir/home/runner/work/firmware/firmware/lib/pico-sdk/src/common/pico_util/pheap.c.obj
                                         0xb8 (size before relaxing)
 .rodata.ph_remove_and_free_node.str1.4
                0x0000000010004924       0x1e CMakeFiles/main_flashloader.dir/home/runner/work/firmware/firmware/lib/pico-sdk/src/common/pico_util/pheap.c.obj
                                         0x26 (size before relaxing)
 *fill*         0x0000000010004942        0x2 
 .rodata.__func__.0
                0x0000000010004944       0x18 CMakeFiles/main_flashloader.dir/home/runner/work/firmware/firmware/lib/pico-sdk/src/common/pico_util/pheap.c.obj
 .rodata.__func__.1
                0x000000001000495c       0x13 CMakeFiles/main_flashloader.dir/home/runner/work/firmware/firmware/lib/pico-sdk/src/common/pico_util/pheap.c.obj
 *fill*         0x000000001000496f        0x1 
 .rodata.__func__.2
                0x0000000010004970       0x12 CMakeFiles/main_flashloader.dir/home/runner/work/firmware/firmware/lib/pico-sdk/src/common/pico_util/pheap.c.obj
 *fill*         0x0000000010004982        0x2 
 .rodata.__func__.3
                0x0000000010004984        0xc CMakeFiles/main_flashloader.dir/home/runner/work/firmware/firmware/lib/pico-sdk/src/common/pico_util/pheap.c.obj
 .rodata.clock_configure.str1.4
                0x0000000010004990       0x6d CMakeFiles/main_flashloader.dir/home/runner/work/firmware/firmware/lib/pico-sdk/src/rp2_common/hardware_clocks/clocks.c.obj
 *fill*         0x00000000100049fd        0x3 
 .rodata.__func__.1
                0x0000000010004a00       0x10 CMakeFiles/main_flashloader.dir/home/runner/work/firmware/firmware/lib/pico-sdk/src/rp2_common/hardware_clocks/clocks.c.obj
 .rodata.pll_init.str1.4
                0x0000000010004a10      0x137 CMakeFiles/main_flashloader.dir/home/runner/work/firmware/firmware/lib/pico-sdk/src/rp2_common/hardware_pll/pll.c.obj
 *fill*         0x0000000010004b47        0x1 
 .rodata.__func__.0
                0x0000000010004b48        0x9 CMakeFiles/main_flashloader.dir/home/runner/work/firmware/firmware/lib/pico-sdk/src/rp2_common/hardware_pll/pll.c.obj
 *fill*         0x0000000010004b51        0x3 
 .rodata.__assert_func.str1.4
                0x0000000010004b54       0x3f CMakeFiles/main_flashloader.dir/home/runner/work/firmware/firmware/lib/pico-sdk/src/rp2_common/pico_runtime/runtime.c.obj
                                         0x43 (size before relaxing)
 *fill*         0x0000000010004b93        0x1 
 .rodata.runtime_init.str1.4
                0x0000000010004b94       0x77 CMakeFiles/main_flashloader.dir/home/runner/work/firmware/firmware/lib/pico-sdk/src/rp2_common/pico_runtime/runtime.c.obj
 *fill*         0x0000000010004c0b        0x1 
 .rodata.panic.str1.4
                0x0000000010004c0c       0x12 CMakeFiles/main_flashloader.dir/home/runner/work/firmware/firmware/lib/pico-sdk/src/rp2_common/pico_runtime/runtime.c.obj
 *fill*         0x0000000010004c1e        0x2 
 .rodata.__func__.2
                0x0000000010004c20        0xd CMakeFiles/main_flashloader.dir/home/runner/work/firmware/firmware/lib/pico-sdk/src/rp2_common/pico_runtime/runtime.c.obj
 *fill*         0x0000000010004c2d        0x3 
 .rodata._ftoa.str1.4
                0x0000000010004c30       0x15 CMakeFiles/main_flashloader.dir/home/runner/work/firmware/firmware/lib/pico-sdk/src/rp2_common/pico_printf/printf.c.obj
 *fill*         0x0000000010004c45        0x3 
 .rodata._vsnprintf
                0x0000000010004c48      0x1e0 CMakeFiles/main_flashloader.dir/home/runner/work/firmware/firmware/lib/pico-sdk/src/rp2_common/pico_printf/printf.c.obj
 .rodata.pow10.0
                0x0000000010004e28       0x50 CMakeFiles/main_flashloader.dir/home/runner/work/firmware/firmware/lib/pico-sdk/src/rp2_common/pico_printf/printf.c.obj
 .rodata.__aeabi_double_init.str1.4
                0x0000000010004e78       0xbe CMakeFiles/main_flashloader.dir/home/runner/work/firmware/firmware/lib/pico-sdk/src/rp2_common/pico_double/double_init_rom.c.obj
 *fill*         0x0000000010004f36        0x2 
 .rodata.__func__.0
                0x0000000010004f38       0x14 CMakeFiles/main_flashloader.dir/home/runner/work/firmware/firmware/lib/pico-sdk/src/rp2_common/pico_double/double_init_rom.c.obj
 .rodata.__aeabi_float_init.str1.4
                0x0000000010004f4c       0x90 CMakeFiles/main_flashloader.dir/home/runner/work/firmware/firmware/lib/pico-sdk/src/rp2_common/pico_float/float_init_rom.c.obj
                                         0x94 (size before relaxing)
 .rodata.__func__.0
                0x0000000010004fdc       0x13 CMakeFiles/main_flashloader.dir/home/runner/work/firmware/firmware/lib/pico-sdk/src/rp2_common/pico_float/float_init_rom.c.obj
 *fill*         0x0000000010004fef        0x1 
 .rodata.str1.4
                0x0000000010004ff0       0x34 CMakeFiles/main_flashloader.dir/home/runner/work/firmware/firmware/lib/pico-sdk/src/rp2_common/pico_standard_link/binary_info.c.obj
 .rodata.__bi_44
                0x0000000010005024        0xc CMakeFiles/main_flashloader.dir/home/runner/work/firmware/firmware/lib/pico-sdk/src/rp2_common/pico_standard_link/binary_info.c.obj
 .rodata.__bi_75
                0x0000000010005030        0xc CMakeFiles/main_flashloader.dir/home/runner/work/firmware/firmware/lib/pico-sdk/src/rp2_common/pico_standard_link/binary_info.c.obj
 .rodata.__bi_81
                0x000000001000503c        0xc CMakeFiles/main_flashloader.dir/home/runner/work/firmware/firmware/lib/pico-sdk/src/rp2_common/pico_standard_link/binary_info.c.obj
 .rodata.stdout_serialize_begin.str1.4
                0x0000000010005048       0x77 CMakeFiles/main_flashloader.dir/home/runner/work/firmware/firmware/lib/pico-sdk/src/rp2_common/pico_stdio/stdio.c.obj
 .rodata.__func__.3
                0x0000000010005048       0x15 CMakeFiles/main_flashloader.dir/home/runner/work/firmware/firmware/lib/pico-sdk/src/rp2_common/pico_stdio/stdio.c.obj
 *fill*         0x000000001000505d        0x3 
 .rodata.crlf_str.2
                0x0000000010005060        0x2 CMakeFiles/main_flashloader.dir/home/runner/work/firmware/firmware/lib/pico-sdk/src/rp2_common/pico_stdio/stdio.c.obj
                0x0000000010005064                . = ALIGN (0x4)
 *fill*         0x0000000010005062        0x2 
 *(SORT_BY_ALIGNMENT(SORT_BY_NAME(.flashdata*)))
                0x0000000010005064                . = ALIGN (0x4)

.rel.dyn        0x0000000010005064        0x0
 .rel.iplt      0x0000000010005064        0x0 /usr/lib/gcc/arm-none-eabi/10.3.1/thumb/v6-m/nofp/crtbegin.o

.ARM.extab
 *(.ARM.extab* .gnu.linkonce.armextab.*)
                0x0000000010005064                __exidx_start = .

.ARM.exidx
 *(.ARM.exidx* .gnu.linkonce.armexidx.*)
                0x0000000010005064                __exidx_end = .
                0x0000000010005064                . = ALIGN (0x4)
                0x0000000010005064                __binary_info_start = .

.binary_info    0x0000000010005064       0x18
 *(.binary_info.keep.*)
 .binary_info.keep.__bi_ptr22
                0x0000000010005064        0x4 CMakeFiles/main_flashloader.dir/home/runner/work/firmware/firmware/lib/pico-sdk/src/rp2_common/pico_standard_link/binary_info.c.obj
 .binary_info.keep.__bi_ptr30
                0x0000000010005068        0x4 CMakeFiles/main_flashloader.dir/home/runner/work/firmware/firmware/lib/pico-sdk/src/rp2_common/pico_standard_link/binary_info.c.obj
 .binary_info.keep.__bi_ptr44
                0x000000001000506c        0x4 CMakeFiles/main_flashloader.dir/home/runner/work/firmware/firmware/lib/pico-sdk/src/rp2_common/pico_standard_link/binary_info.c.obj
 .binary_info.keep.__bi_ptr50
                0x0000000010005070        0x4 CMakeFiles/main_flashloader.dir/home/runner/work/firmware/firmware/lib/pico-sdk/src/rp2_common/pico_standard_link/binary_info.c.obj
 .binary_info.keep.__bi_ptr75
                0x0000000010005074        0x4 CMakeFiles/main_flashloader.dir/home/runner/work/firmware/firmware/lib/pico-sdk/src/rp2_common/pico_standard_link/binary_info.c.obj
 .binary_info.keep.__bi_ptr81
                0x0000000010005078        0x4 CMakeFiles/main_flashloader.dir/home/runner/work/firmware/firmware/lib/pico-sdk/src/rp2_common/pico_standard_link/binary_info.c.obj
 *(.binary_info.*)
                0x000000001000507c                __binary_info_end = .
                0x000000001000507c                . = ALIGN (0x4)
                0x000000001000507c                __etext = .

.ram_vector_table
                0x0000000020000000       0xc0
 *(.ram_vector_table)
 .ram_vector_table
                0x0000000020000000       0xc0 CMakeFiles/main_flashloader.dir/home/runner/work/firmware/firmware/lib/pico-sdk/src/rp2_common/pico_runtime/runtime.c.obj
                0x0000000020000000                ram_vector_table

.data           0x00000000200000c0      0x22c load address 0x000000001000507c
                0x00000000200000c0                __data_start__ = .
 *(vtable)
 *(.time_critical*)
 .time_critical.mutex_try_enter
                0x00000000200000c0       0x46 CMakeFiles/main_flashloader.dir/home/runner/work/firmware/firmware/lib/pico-sdk/src/common/pico_sync/mutex.c.obj
                0x00000000200000c0                mutex_try_enter
 *fill*         0x0000000020000106        0x2 
 .time_critical.mutex_enter_block_until
                0x0000000020000108       0x8c CMakeFiles/main_flashloader.dir/home/runner/work/firmware/firmware/lib/pico-sdk/src/common/pico_sync/mutex.c.obj
                0x0000000020000108                mutex_enter_block_until
 .time_critical.mutex_try_enter_block_until
                0x0000000020000194       0x34 CMakeFiles/main_flashloader.dir/home/runner/work/firmware/firmware/lib/pico-sdk/src/common/pico_sync/mutex.c.obj
                0x0000000020000194                mutex_try_enter_block_until
 .time_critical.mutex_exit
                0x00000000200001c8       0x4c CMakeFiles/main_flashloader.dir/home/runner/work/firmware/firmware/lib/pico-sdk/src/common/pico_sync/mutex.c.obj
                0x00000000200001c8                mutex_exit
 *(.text*)
 .text          0x0000000020000214        0x4 /usr/lib/gcc/arm-none-eabi/10.3.1/thumb/v6-m/nofp/libgcc.a(_dvmd_tls.o)
                0x0000000020000214                __aeabi_ldiv0
                0x0000000020000214                __aeabi_idiv0
 .text.__stub   0x0000000020000218       0x20 linker stubs
                0x0000000020000238                . = ALIGN (0x4)
 *(.rodata*)
                0x0000000020000238                . = ALIGN (0x4)
 *(.data*)
 .data.striped_spin_lock_num
                0x0000000020000238        0x1 CMakeFiles/main_flashloader.dir/home/runner/work/firmware/firmware/lib/pico-sdk/src/rp2_common/hardware_sync/sync.c.obj
 *fill*         0x0000000020000239        0x3 
 .data          0x000000002000023c       0x48 CMakeFiles/main_flashloader.dir/home/runner/work/firmware/firmware/lib/pico-sdk/src/rp2_common/hardware_irq/irq_handler_chain.S.obj
                0x000000002000023c                irq_handler_chain_slots
                0x000000002000026c                irq_handler_chain_first_slot
                0x0000000020000276                irq_handler_chain_remove_tail
 .data.default_alarm_pool
                0x0000000020000284       0x18 CMakeFiles/main_flashloader.dir/home/runner/work/firmware/firmware/lib/pico-sdk/src/common/pico_time/time.c.obj
 .data.default_alarm_pool_heap
                0x000000002000029c       0x10 CMakeFiles/main_flashloader.dir/home/runner/work/firmware/firmware/lib/pico-sdk/src/common/pico_time/time.c.obj
 *fill*         0x00000000200002ac        0x4 
 .data.aeabi_bits_funcs
                0x00000000200002b0       0x10 CMakeFiles/main_flashloader.dir/home/runner/work/firmware/firmware/lib/pico-sdk/src/rp2_common/pico_bit_ops/bit_ops_aeabi.S.obj
                0x00000000200002b0                aeabi_bits_funcs
                0x00000000200002c0                aeabi_bits_funcs_end
 .data.aeabi_mem_funcs
                0x00000000200002c0       0x10 CMakeFiles/main_flashloader.dir/home/runner/work/firmware/firmware/lib/pico-sdk/src/rp2_common/pico_mem_ops/mem_ops_aeabi.S.obj
                0x00000000200002c0                aeabi_mem_funcs
                0x00000000200002d0                aeabi_mem_funcs_end
                0x00000000200002d0                . = ALIGN (0x4)
 *(.after_data.*)
                0x00000000200002d0                . = ALIGN (0x4)
                0x00000000200002d0                PROVIDE (__mutex_array_start = .)
 *(SORT_BY_NAME(.mutex_array.*))
 *(.mutex_array)
 .mutex_array   0x00000000200002d0        0x8 CMakeFiles/main_flashloader.dir/home/runner/work/firmware/firmware/lib/pico-sdk/src/rp2_common/pico_stdio/stdio.c.obj
                0x00000000200002d8                PROVIDE (__mutex_array_end = .)
                0x00000000200002d8                . = ALIGN (0x4)
                0x00000000200002d8                PROVIDE (__preinit_array_start = .)
 *(SORT_BY_NAME(.preinit_array.*))
 .preinit_array.00001
                0x00000000200002d8        0x4 CMakeFiles/main_flashloader.dir/home/runner/work/firmware/firmware/lib/pico-sdk/src/rp2_common/pico_mem_ops/mem_ops_aeabi.S.obj
 .preinit_array.00010
                0x00000000200002dc        0x4 CMakeFiles/main_flashloader.dir/home/runner/work/firmware/firmware/lib/pico-sdk/src/rp2_common/pico_bit_ops/bit_ops_aeabi.S.obj
 .preinit_array.00020
                0x00000000200002e0        0x4 CMakeFiles/main_flashloader.dir/home/runner/work/firmware/firmware/lib/pico-sdk/src/rp2_common/pico_double/double_aeabi.S.obj
 .preinit_array.00020
                0x00000000200002e4        0x4 CMakeFiles/main_flashloader.dir/home/runner/work/firmware/firmware/lib/pico-sdk/src/rp2_common/pico_float/float_aeabi.S.obj
 *(.preinit_array)
                0x00000000200002e8                PROVIDE (__preinit_array_end = .)
                0x00000000200002e8                . = ALIGN (0x4)
                0x00000000200002e8                PROVIDE (__init_array_start = .)
 *(SORT_BY_NAME(.init_array.*))
 *(.init_array)
 .init_array    0x00000000200002e8        0x4 /usr/lib/gcc/arm-none-eabi/10.3.1/thumb/v6-m/nofp/crtbegin.o
                0x00000000200002ec                PROVIDE (__init_array_end = .)
                0x00000000200002ec                . = ALIGN (0x4)
                0x00000000200002ec                PROVIDE (__fini_array_start = .)
 *(SORT_BY_NAME(.fini_array.*))
 *(.fini_array)
                0x00000000200002ec                PROVIDE (__fini_array_end = .)
 *(.jcr)
                0x00000000200002ec                . = ALIGN (0x4)
                0x00000000200002ec                __data_end__ = .

.tm_clone_table
                0x00000000200002ec        0x0 load address 0x00000000100052a8
 .tm_clone_table
                0x00000000200002ec        0x0 /usr/lib/gcc/arm-none-eabi/10.3.1/thumb/v6-m/nofp/crtbegin.o
 .tm_clone_table
                0x00000000200002ec        0x0 /usr/lib/gcc/arm-none-eabi/10.3.1/thumb/v6-m/nofp/crtend.o

.igot.plt       0x00000000200002ec        0x0 load address 0x00000000100052a8
 .igot.plt      0x00000000200002ec        0x0 /usr/lib/gcc/arm-none-eabi/10.3.1/thumb/v6-m/nofp/crtbegin.o

.uninitialized_data
                0x00000000200002ec        0x0 load address 0x00000000100052a8
                0x00000000200002ec                . = ALIGN (0x4)
 *(.uninitialized_data*)

.scratch_x      0x0000000020040000        0x0 load address 0x00000000100052a8
                0x0000000020040000                __scratch_x_start__ = .
 *(.scratch_x.*)
                0x0000000020040000                . = ALIGN (0x4)
                0x0000000020040000                __scratch_x_end__ = .
                0x00000000100052a8                __scratch_x_source__ = LOADADDR (.scratch_x)

.scratch_y      0x0000000020041000        0x0 load address 0x00000000100052a8
                0x0000000020041000                __scratch_y_start__ = .
 *(.scratch_y.*)
                0x0000000020041000                . = ALIGN (0x4)
                0x0000000020041000                __scratch_y_end__ = .
                0x00000000100052a8                __scratch_y_source__ = LOADADDR (.scratch_y)

.bss            0x00000000200002f0      0x3c8
                0x00000000200002f0                . = ALIGN (0x4)
                0x00000000200002f0                __bss_start__ = .
 *(SORT_BY_ALIGNMENT(SORT_BY_NAME(.bss*)))
 .bss.default_alarm_pool_entries
                0x00000000200002f0      0x100 CMakeFiles/main_flashloader.dir/home/runner/work/firmware/firmware/lib/pico-sdk/src/common/pico_time/time.c.obj
 .bss           0x00000000200003f0       0x1c /usr/lib/gcc/arm-none-eabi/10.3.1/thumb/v6-m/nofp/crtbegin.o
 .bss.alarm_callbacks
                0x000000002000040c       0x10 CMakeFiles/main_flashloader.dir/home/runner/work/firmware/firmware/lib/pico-sdk/src/rp2_common/hardware_timer/timer.c.obj
 .bss.configured_freq
                0x000000002000041c       0x28 CMakeFiles/main_flashloader.dir/home/runner/work/firmware/firmware/lib/pico-sdk/src/rp2_common/hardware_clocks/clocks.c.obj
 .bss.default_alarm_pool_entry_ids_high
                0x0000000020000444       0x10 CMakeFiles/main_flashloader.dir/home/runner/work/firmware/firmware/lib/pico-sdk/src/common/pico_time/time.c.obj
 .bss.default_alarm_pool_heap_nodes
                0x0000000020000454       0x30 CMakeFiles/main_flashloader.dir/home/runner/work/firmware/firmware/lib/pico-sdk/src/common/pico_time/time.c.obj
 .bss.drivers   0x0000000020000484        0x4 CMakeFiles/main_flashloader.dir/home/runner/work/firmware/firmware/lib/pico-sdk/src/rp2_common/pico_stdio/stdio.c.obj
 .bss.filter    0x0000000020000488        0x4 CMakeFiles/main_flashloader.dir/home/runner/work/firmware/firmware/lib/pico-sdk/src/rp2_common/pico_stdio/stdio.c.obj
 .bss.pools     0x000000002000048c       0x10 CMakeFiles/main_flashloader.dir/home/runner/work/firmware/firmware/lib/pico-sdk/src/common/pico_time/time.c.obj
 .bss.sd_table  0x000000002000049c      0x100 CMakeFiles/main_flashloader.dir/home/runner/work/firmware/firmware/lib/pico-sdk/src/rp2_common/pico_double/double_init_rom.c.obj
                0x000000002000049c                sd_table
 .bss.sf_clz_func
                0x000000002000059c        0x4 CMakeFiles/main_flashloader.dir/home/runner/work/firmware/firmware/lib/pico-sdk/src/rp2_common/pico_double/double_init_rom.c.obj
                0x000000002000059c                sf_clz_func
 .bss.sf_table  0x00000000200005a0      0x100 CMakeFiles/main_flashloader.dir/home/runner/work/firmware/firmware/lib/pico-sdk/src/rp2_common/pico_float/float_init_rom.c.obj
                0x00000000200005a0                sf_table
 .bss.sleep_notifier
                0x00000000200006a0        0x4 CMakeFiles/main_flashloader.dir/home/runner/work/firmware/firmware/lib/pico-sdk/src/common/pico_time/time.c.obj
 .bss.target_hi
                0x00000000200006a4       0x10 CMakeFiles/main_flashloader.dir/home/runner/work/firmware/firmware/lib/pico-sdk/src/rp2_common/hardware_timer/timer.c.obj
 .bss.claimed   0x00000000200006b4        0x1 CMakeFiles/main_flashloader.dir/home/runner/work/firmware/firmware/lib/pico-sdk/src/rp2_common/hardware_timer/timer.c.obj
 .bss.irq_hander_chain_free_slot_head
                0x00000000200006b5        0x1 CMakeFiles/main_flashloader.dir/home/runner/work/firmware/firmware/lib/pico-sdk/src/rp2_common/hardware_irq/irq.c.obj
 .bss.timer_callbacks_pending
                0x00000000200006b6        0x1 CMakeFiles/main_flashloader.dir/home/runner/work/firmware/firmware/lib/pico-sdk/src/rp2_common/hardware_timer/timer.c.obj
 *(COMMON)
                0x00000000200006b8                . = ALIGN (0x4)
 *fill*         0x00000000200006b7        0x1 
                0x00000000200006b8                __bss_end__ = .

.heap           0x00000000200006b8      0x800
                0x00000000200006b8                __end__ = .
                0x00000000200006b8                end = __end__
 *(.heap*)
 .heap          0x00000000200006b8      0x800 CMakeFiles/main_flashloader.dir/home/runner/work/firmware/firmware/lib/pico-sdk/src/rp2_common/pico_standard_link/crt0.S.obj
                0x0000000020000eb8                __HeapLimit = .

.stack1_dummy   0x0000000020040000        0x0
 *(.stack1*)

.stack_dummy    0x0000000020041000      0x800
 *(.stack*)
 .stack         0x0000000020041000      0x800 CMakeFiles/main_flashloader.dir/home/runner/work/firmware/firmware/lib/pico-sdk/src/rp2_common/pico_standard_link/crt0.S.obj

.flash_end      0x00000000100052a8        0x0
                0x00000000100052a8                __flash_binary_end = .
                0x0000000020040000                __StackLimit = (ORIGIN (RAM) + LENGTH (RAM))
                0x0000000020041000                __StackOneTop = (ORIGIN (SCRATCH_X) + LENGTH (SCRATCH_X))
                0x0000000020042000                __StackTop = (ORIGIN (SCRATCH_Y) + LENGTH (SCRATCH_Y))
                0x0000000020041000                __StackOneBottom = (__StackOneTop - SIZEOF (.stack1_dummy))
                0x0000000020041800                __StackBottom = (__StackTop - SIZEOF (.stack_dummy))
                0x0000000020042000                PROVIDE (__stack = __StackTop)
                0x0000000000000001                ASSERT ((__StackLimit >= __HeapLimit), region RAM overflowed)
                0x0000000000000001                ASSERT (((__binary_info_header_end - __logical_binary_start) <= 0x100), Binary info must be in first 256 bytes of the binary)
LOAD CMakeFiles/main_flashloader.dir/flashloader/null.c.obj
LOAD CMakeFiles/main_flashloader.dir/home/runner/work/firmware/firmware/lib/pico-sdk/src/rp2_common/pico_stdlib/stdlib.c.obj
LOAD CMakeFiles/main_flashloader.dir/home/runner/work/firmware/firmware/lib/pico-sdk/src/rp2_common/hardware_gpio/gpio.c.obj
LOAD CMakeFiles/main_flashloader.dir/home/runner/work/firmware/firmware/lib/pico-sdk/src/rp2_common/pico_platform/platform.c.obj
LOAD CMakeFiles/main_flashloader.dir/home/runner/work/firmware/firmware/lib/pico-sdk/src/rp2_common/hardware_claim/claim.c.obj
LOAD CMakeFiles/main_flashloader.dir/home/runner/work/firmware/firmware/lib/pico-sdk/src/rp2_common/hardware_sync/sync.c.obj
LOAD CMakeFiles/main_flashloader.dir/home/runner/work/firmware/firmware/lib/pico-sdk/src/rp2_common/hardware_irq/irq.c.obj
LOAD CMakeFiles/main_flashloader.dir/home/runner/work/firmware/firmware/lib/pico-sdk/src/rp2_common/hardware_irq/irq_handler_chain.S.obj
LOAD CMakeFiles/main_flashloader.dir/home/runner/work/firmware/firmware/lib/pico-sdk/src/common/pico_sync/sem.c.obj
LOAD CMakeFiles/main_flashloader.dir/home/runner/work/firmware/firmware/lib/pico-sdk/src/common/pico_sync/lock_core.c.obj
LOAD CMakeFiles/main_flashloader.dir/home/runner/work/firmware/firmware/lib/pico-sdk/src/common/pico_sync/mutex.c.obj
LOAD CMakeFiles/main_flashloader.dir/home/runner/work/firmware/firmware/lib/pico-sdk/src/common/pico_sync/critical_section.c.obj
LOAD CMakeFiles/main_flashloader.dir/home/runner/work/firmware/firmware/lib/pico-sdk/src/common/pico_time/time.c.obj
LOAD CMakeFiles/main_flashloader.dir/home/runner/work/firmware/firmware/lib/pico-sdk/src/common/pico_time/timeout_helper.c.obj
LOAD CMakeFiles/main_flashloader.dir/home/runner/work/firmware/firmware/lib/pico-sdk/src/rp2_common/hardware_timer/timer.c.obj
LOAD CMakeFiles/main_flashloader.dir/home/runner/work/firmware/firmware/lib/pico-sdk/src/common/pico_util/datetime.c.obj
LOAD CMakeFiles/main_flashloader.dir/home/runner/work/firmware/firmware/lib/pico-sdk/src/common/pico_util/pheap.c.obj
LOAD CMakeFiles/main_flashloader.dir/home/runner/work/firmware/firmware/lib/pico-sdk/src/common/pico_util/queue.c.obj
LOAD CMakeFiles/main_flashloader.dir/home/runner/work/firmware/firmware/lib/pico-sdk/src/rp2_common/hardware_uart/uart.c.obj
LOAD CMakeFiles/main_flashloader.dir/home/runner/work/firmware/firmware/lib/pico-sdk/src/rp2_common/hardware_clocks/clocks.c.obj
LOAD CMakeFiles/main_flashloader.dir/home/runner/work/firmware/firmware/lib/pico-sdk/src/rp2_common/hardware_pll/pll.c.obj
LOAD CMakeFiles/main_flashloader.dir/home/runner/work/firmware/firmware/lib/pico-sdk/src/rp2_common/hardware_vreg/vreg.c.obj
LOAD CMakeFiles/main_flashloader.dir/home/runner/work/firmware/firmware/lib/pico-sdk/src/rp2_common/hardware_watchdog/watchdog.c.obj
LOAD CMakeFiles/main_flashloader.dir/home/runner/work/firmware/firmware/lib/pico-sdk/src/rp2_common/hardware_xosc/xosc.c.obj
LOAD CMakeFiles/main_flashloader.dir/home/runner/work/firmware/firmware/lib/pico-sdk/src/rp2_common/hardware_divider/divider.S.obj
LOAD CMakeFiles/main_flashloader.dir/home/runner/work/firmware/firmware/lib/pico-sdk/src/rp2_common/pico_runtime/runtime.c.obj
LOAD CMakeFiles/main_flashloader.dir/home/runner/work/firmware/firmware/lib/pico-sdk/src/rp2_common/pico_printf/printf.c.obj
LOAD CMakeFiles/main_flashloader.dir/home/runner/work/firmware/firmware/lib/pico-sdk/src/rp2_common/pico_bit_ops/bit_ops_aeabi.S.obj
LOAD CMakeFiles/main_flashloader.dir/home/runner/work/firmware/firmware/lib/pico-sdk/src/rp2_common/pico_bootrom/bootrom.c.obj
LOAD CMakeFiles/main_flashloader.dir/home/runner/work/firmware/firmware/lib/pico-sdk/src/rp2_common/pico_divider/divider.S.obj
LOAD CMakeFiles/main_flashloader.dir/home/runner/work/firmware/firmware/lib/pico-sdk/src/rp2_common/pico_double/double_aeabi.S.obj
LOAD CMakeFiles/main_flashloader.dir/home/runner/work/firmware/firmware/lib/pico-sdk/src/rp2_common/pico_double/double_init_rom.c.obj
LOAD CMakeFiles/main_flashloader.dir/home/runner/work/firmware/firmware/lib/pico-sdk/src/rp2_common/pico_double/double_math.c.obj
LOAD CMakeFiles/main_flashloader.dir/home/runner/work/firmware/firmware/lib/pico-sdk/src/rp2_common/pico_double/double_v1_rom_shim.S.obj
LOAD CMakeFiles/main_flashloader.dir/home/runner/work/firmware/firmware/lib/pico-sdk/src/rp2_common/pico_int64_ops/pico_int64_ops_aeabi.S.obj
LOAD CMakeFiles/main_flashloader.dir/home/runner/work/firmware/firmware/lib/pico-sdk/src/rp2_common/pico_float/float_aeabi.S.obj
LOAD CMakeFiles/main_flashloader.dir/home/runner/work/firmware/firmware/lib/pico-sdk/src/rp2_common/pico_float/float_init_rom.c.obj
LOAD CMakeFiles/main_flashloader.dir/home/runner/work/firmware/firmware/lib/pico-sdk/src/rp2_common/pico_float/float_math.c.obj
LOAD CMakeFiles/main_flashloader.dir/home/runner/work/firmware/firmware/lib/pico-sdk/src/rp2_common/pico_float/float_v1_rom_shim.S.obj
LOAD CMakeFiles/main_flashloader.dir/home/runner/work/firmware/firmware/lib/pico-sdk/src/rp2_common/pico_malloc/pico_malloc.c.obj
LOAD CMakeFiles/main_flashloader.dir/home/runner/work/firmware/firmware/lib/pico-sdk/src/rp2_common/pico_mem_ops/mem_ops_aeabi.S.obj
LOAD CMakeFiles/main_flashloader.dir/home/runner/work/firmware/firmware/lib/pico-sdk/src/rp2_common/pico_standard_link/crt0.S.obj
LOAD CMakeFiles/main_flashloader.dir/home/runner/work/firmware/firmware/lib/pico-sdk/src/rp2_common/pico_standard_link/new_delete.cpp.obj
LOAD CMakeFiles/main_flashloader.dir/home/runner/work/firmware/firmware/lib/pico-sdk/src/rp2_common/pico_standard_link/binary_info.c.obj
LOAD CMakeFiles/main_flashloader.dir/home/runner/work/firmware/firmware/lib/pico-sdk/src/rp2_common/pico_stdio/stdio.c.obj
LOAD CMakeFiles/main_flashloader.dir/home/runner/work/firmware/firmware/lib/pico-sdk/src/rp2_common/pico_stdio_uart/stdio_uart.c.obj
LOAD /tmp/ccYg6Erk.o
LOAD /usr/lib/gcc/arm-none-eabi/10.3.1/../../../arm-none-eabi/lib/thumb/v6-m/nofp/libstdc++.a
LOAD /usr/lib/gcc/arm-none-eabi/10.3.1/../../../arm-none-eabi/lib/thumb/v6-m/nofp/libm.a
START GROUP
LOAD /usr/lib/gcc/arm-none-eabi/10.3.1/thumb/v6-m/nofp/libgcc.a
LOAD /usr/lib/gcc/arm-none-eabi/10.3.1/../../../arm-none-eabi/lib/thumb/v6-m/nofp/libg.a
LOAD /usr/lib/gcc/arm-none-eabi/10.3.1/../../../arm-none-eabi/lib/thumb/v6-m/nofp/libc.a
END GROUP
START GROUP
LOAD /usr/lib/gcc/arm-none-eabi/10.3.1/thumb/v6-m/nofp/libgcc.a
LOAD /usr/lib/gcc/arm-none-eabi/10.3.1/../../../arm-none-eabi/lib/thumb/v6-m/nofp/libc.a
LOAD /usr/lib/gcc/arm-none-eabi/10.3.1/../../../arm-none-eabi/lib/thumb/v6-m/nofp/libnosys.a
END GROUP
LOAD /usr/lib/gcc/arm-none-eabi/10.3.1/thumb/v6-m/nofp/crtend.o
LOAD /usr/lib/gcc/arm-none-eabi/10.3.1/thumb/v6-m/nofp/crtn.o
OUTPUT(main_flashloader.elf elf32-littlearm)
LOAD linker stubs

.ARM.attributes
                0x0000000000000000       0x28
 .ARM.attributes
                0x0000000000000000       0x1e /usr/lib/gcc/arm-none-eabi/10.3.1/thumb/v6-m/nofp/crti.o
 .ARM.attributes
                0x000000000000001e       0x2c /usr/lib/gcc/arm-none-eabi/10.3.1/thumb/v6-m/nofp/crtbegin.o
 .ARM.attributes
                0x000000000000004a       0x2c CMakeFiles/main_flashloader.dir/flashloader/null.c.obj
 .ARM.attributes
                0x0000000000000076       0x2c CMakeFiles/main_flashloader.dir/home/runner/work/firmware/firmware/lib/pico-sdk/src/rp2_common/pico_platform/platform.c.obj
 .ARM.attributes
                0x00000000000000a2       0x2c CMakeFiles/main_flashloader.dir/home/runner/work/firmware/firmware/lib/pico-sdk/src/rp2_common/hardware_claim/claim.c.obj
 .ARM.attributes
                0x00000000000000ce       0x2c CMakeFiles/main_flashloader.dir/home/runner/work/firmware/firmware/lib/pico-sdk/src/rp2_common/hardware_sync/sync.c.obj
 .ARM.attributes
                0x00000000000000fa       0x2c CMakeFiles/main_flashloader.dir/home/runner/work/firmware/firmware/lib/pico-sdk/src/rp2_common/hardware_irq/irq.c.obj
 .ARM.attributes
                0x0000000000000126       0x22 CMakeFiles/main_flashloader.dir/home/runner/work/firmware/firmware/lib/pico-sdk/src/rp2_common/hardware_irq/irq_handler_chain.S.obj
 .ARM.attributes
                0x0000000000000148       0x2c CMakeFiles/main_flashloader.dir/home/runner/work/firmware/firmware/lib/pico-sdk/src/common/pico_sync/lock_core.c.obj
 .ARM.attributes
                0x0000000000000174       0x2c CMakeFiles/main_flashloader.dir/home/runner/work/firmware/firmware/lib/pico-sdk/src/common/pico_sync/mutex.c.obj
 .ARM.attributes
                0x00000000000001a0       0x2c CMakeFiles/main_flashloader.dir/home/runner/work/firmware/firmware/lib/pico-sdk/src/common/pico_time/time.c.obj
 .ARM.attributes
                0x00000000000001cc       0x2c CMakeFiles/main_flashloader.dir/home/runner/work/firmware/firmware/lib/pico-sdk/src/rp2_common/hardware_timer/timer.c.obj
 .ARM.attributes
                0x00000000000001f8       0x2c CMakeFiles/main_flashloader.dir/home/runner/work/firmware/firmware/lib/pico-sdk/src/common/pico_util/pheap.c.obj
 .ARM.attributes
                0x0000000000000224       0x2c CMakeFiles/main_flashloader.dir/home/runner/work/firmware/firmware/lib/pico-sdk/src/rp2_common/hardware_clocks/clocks.c.obj
 .ARM.attributes
                0x0000000000000250       0x2c CMakeFiles/main_flashloader.dir/home/runner/work/firmware/firmware/lib/pico-sdk/src/rp2_common/hardware_pll/pll.c.obj
 .ARM.attributes
                0x000000000000027c       0x2c CMakeFiles/main_flashloader.dir/home/runner/work/firmware/firmware/lib/pico-sdk/src/rp2_common/hardware_watchdog/watchdog.c.obj
 .ARM.attributes
                0x00000000000002a8       0x2c CMakeFiles/main_flashloader.dir/home/runner/work/firmware/firmware/lib/pico-sdk/src/rp2_common/hardware_xosc/xosc.c.obj
 .ARM.attributes
                0x00000000000002d4       0x2c CMakeFiles/main_flashloader.dir/home/runner/work/firmware/firmware/lib/pico-sdk/src/rp2_common/pico_runtime/runtime.c.obj
 .ARM.attributes
                0x0000000000000300       0x2c CMakeFiles/main_flashloader.dir/home/runner/work/firmware/firmware/lib/pico-sdk/src/rp2_common/pico_printf/printf.c.obj
 .ARM.attributes
                0x000000000000032c       0x22 CMakeFiles/main_flashloader.dir/home/runner/work/firmware/firmware/lib/pico-sdk/src/rp2_common/pico_bit_ops/bit_ops_aeabi.S.obj
 .ARM.attributes
                0x000000000000034e       0x2c CMakeFiles/main_flashloader.dir/home/runner/work/firmware/firmware/lib/pico-sdk/src/rp2_common/pico_bootrom/bootrom.c.obj
 .ARM.attributes
                0x000000000000037a       0x22 CMakeFiles/main_flashloader.dir/home/runner/work/firmware/firmware/lib/pico-sdk/src/rp2_common/pico_divider/divider.S.obj
 .ARM.attributes
                0x000000000000039c       0x22 CMakeFiles/main_flashloader.dir/home/runner/work/firmware/firmware/lib/pico-sdk/src/rp2_common/pico_double/double_aeabi.S.obj
 .ARM.attributes
                0x00000000000003be       0x2c CMakeFiles/main_flashloader.dir/home/runner/work/firmware/firmware/lib/pico-sdk/src/rp2_common/pico_double/double_init_rom.c.obj
 .ARM.attributes
                0x00000000000003ea       0x22 CMakeFiles/main_flashloader.dir/home/runner/work/firmware/firmware/lib/pico-sdk/src/rp2_common/pico_double/double_v1_rom_shim.S.obj
 .ARM.attributes
                0x000000000000040c       0x22 CMakeFiles/main_flashloader.dir/home/runner/work/firmware/firmware/lib/pico-sdk/src/rp2_common/pico_float/float_aeabi.S.obj
 .ARM.attributes
                0x000000000000042e       0x2c CMakeFiles/main_flashloader.dir/home/runner/work/firmware/firmware/lib/pico-sdk/src/rp2_common/pico_float/float_init_rom.c.obj
 .ARM.attributes
                0x000000000000045a       0x22 CMakeFiles/main_flashloader.dir/home/runner/work/firmware/firmware/lib/pico-sdk/src/rp2_common/pico_float/float_v1_rom_shim.S.obj
 .ARM.attributes
                0x000000000000047c       0x22 CMakeFiles/main_flashloader.dir/home/runner/work/firmware/firmware/lib/pico-sdk/src/rp2_common/pico_mem_ops/mem_ops_aeabi.S.obj
 .ARM.attributes
                0x000000000000049e       0x22 CMakeFiles/main_flashloader.dir/home/runner/work/firmware/firmware/lib/pico-sdk/src/rp2_common/pico_standard_link/crt0.S.obj
 .ARM.attributes
                0x00000000000004c0       0x32 CMakeFiles/main_flashloader.dir/home/runner/work/firmware/firmware/lib/pico-sdk/src/rp2_common/pico_standard_link/binary_info.c.obj
 .ARM.attributes
                0x00000000000004f2       0x2c CMakeFiles/main_flashloader.dir/home/runner/work/firmware/firmware/lib/pico-sdk/src/rp2_common/pico_stdio/stdio.c.obj
 .ARM.attributes
                0x000000000000051e       0x22 /tmp/ccYg6Erk.o
 .ARM.attributes
                0x0000000000000540       0x1e /usr/lib/gcc/arm-none-eabi/10.3.1/thumb/v6-m/nofp/libgcc.a(_dvmd_tls.o)
 .ARM.attributes
                0x000000000000055e       0x2c /usr/lib/gcc/arm-none-eabi/10.3.1/../../../arm-none-eabi/lib/thumb/v6-m/nofp/libg.a(lib_a-strlen-stub.o)
 .ARM.attributes
                0x000000000000058a       0x2c /usr/lib/gcc/arm-none-eabi/10.3.1/thumb/v6-m/nofp/crtend.o

.comment        0x0000000000000000       0x33
 .comment       0x0000000000000000       0x33 /usr/lib/gcc/arm-none-eabi/10.3.1/thumb/v6-m/nofp/crtbegin.o
                                         0x34 (size before relaxing)
 .comment       0x0000000000000033       0x34 CMakeFiles/main_flashloader.dir/flashloader/null.c.obj
 .comment       0x0000000000000033       0x34 CMakeFiles/main_flashloader.dir/home/runner/work/firmware/firmware/lib/pico-sdk/src/rp2_common/pico_platform/platform.c.obj
 .comment       0x0000000000000033       0x34 CMakeFiles/main_flashloader.dir/home/runner/work/firmware/firmware/lib/pico-sdk/src/rp2_common/hardware_claim/claim.c.obj
 .comment       0x0000000000000033       0x34 CMakeFiles/main_flashloader.dir/home/runner/work/firmware/firmware/lib/pico-sdk/src/rp2_common/hardware_sync/sync.c.obj
 .comment       0x0000000000000033       0x34 CMakeFiles/main_flashloader.dir/home/runner/work/firmware/firmware/lib/pico-sdk/src/rp2_common/hardware_irq/irq.c.obj
 .comment       0x0000000000000033       0x34 CMakeFiles/main_flashloader.dir/home/runner/work/firmware/firmware/lib/pico-sdk/src/common/pico_sync/lock_core.c.obj
 .comment       0x0000000000000033       0x34 CMakeFiles/main_flashloader.dir/home/runner/work/firmware/firmware/lib/pico-sdk/src/common/pico_sync/mutex.c.obj
 .comment       0x0000000000000033       0x34 CMakeFiles/main_flashloader.dir/home/runner/work/firmware/firmware/lib/pico-sdk/src/common/pico_time/time.c.obj
 .comment       0x0000000000000033       0x34 CMakeFiles/main_flashloader.dir/home/runner/work/firmware/firmware/lib/pico-sdk/src/rp2_common/hardware_timer/timer.c.obj
 .comment       0x0000000000000033       0x34 CMakeFiles/main_flashloader.dir/home/runner/work/firmware/firmware/lib/pico-sdk/src/common/pico_util/pheap.c.obj
 .comment       0x0000000000000033       0x34 CMakeFiles/main_flashloader.dir/home/runner/work/firmware/firmware/lib/pico-sdk/src/rp2_common/hardware_clocks/clocks.c.obj
 .comment       0x0000000000000033       0x34 CMakeFiles/main_flashloader.dir/home/runner/work/firmware/firmware/lib/pico-sdk/src/rp2_common/hardware_pll/pll.c.obj
 .comment       0x0000000000000033       0x34 CMakeFiles/main_flashloader.dir/home/runner/work/firmware/firmware/lib/pico-sdk/src/rp2_common/hardware_watchdog/watchdog.c.obj
 .comment       0x0000000000000033       0x34 CMakeFiles/main_flashloader.dir/home/runner/work/firmware/firmware/lib/pico-sdk/src/rp2_common/hardware_xosc/xosc.c.obj
 .comment       0x0000000000000033       0x34 CMakeFiles/main_flashloader.dir/home/runner/work/firmware/firmware/lib/pico-sdk/src/rp2_common/pico_runtime/runtime.c.obj
 .comment       0x0000000000000033       0x34 CMakeFiles/main_flashloader.dir/home/runner/work/firmware/firmware/lib/pico-sdk/src/rp2_common/pico_printf/printf.c.obj
 .comment       0x0000000000000033       0x34 CMakeFiles/main_flashloader.dir/home/runner/work/firmware/firmware/lib/pico-sdk/src/rp2_common/pico_bootrom/bootrom.c.obj
 .comment       0x0000000000000033       0x34 CMakeFiles/main_flashloader.dir/home/runner/work/firmware/firmware/lib/pico-sdk/src/rp2_common/pico_double/double_init_rom.c.obj
 .comment       0x0000000000000033       0x34 CMakeFiles/main_flashloader.dir/home/runner/work/firmware/firmware/lib/pico-sdk/src/rp2_common/pico_float/float_init_rom.c.obj
 .comment       0x0000000000000033       0x34 CMakeFiles/main_flashloader.dir/home/runner/work/firmware/firmware/lib/pico-sdk/src/rp2_common/pico_standard_link/binary_info.c.obj
 .comment       0x0000000000000033       0x34 CMakeFiles/main_flashloader.dir/home/runner/work/firmware/firmware/lib/pico-sdk/src/rp2_common/pico_stdio/stdio.c.obj
 .comment       0x0000000000000033       0x34 /usr/lib/gcc/arm-none-eabi/10.3.1/../../../arm-none-eabi/lib/thumb/v6-m/nofp/libg.a(lib_a-strlen-stub.o)
 .comment       0x0000000000000033       0x34 /usr/lib/gcc/arm-none-eabi/10.3.1/thumb/v6-m/nofp/crtend.o

.debug_info     0x0000000000000000    0x11ccd
 .debug_info    0x0000000000000000       0x43 CMakeFiles/main_flashloader.dir/flashloader/null.c.obj
 .debug_info    0x0000000000000043      0x1cb CMakeFiles/main_flashloader.dir/home/runner/work/firmware/firmware/lib/pico-sdk/src/rp2_common/pico_platform/platform.c.obj
 .debug_info    0x000000000000020e      0x6a4 CMakeFiles/main_flashloader.dir/home/runner/work/firmware/firmware/lib/pico-sdk/src/rp2_common/hardware_claim/claim.c.obj
 .debug_info    0x00000000000008b2      0x576 CMakeFiles/main_flashloader.dir/home/runner/work/firmware/firmware/lib/pico-sdk/src/rp2_common/hardware_sync/sync.c.obj
 .debug_info    0x0000000000000e28     0x1c54 CMakeFiles/main_flashloader.dir/home/runner/work/firmware/firmware/lib/pico-sdk/src/rp2_common/hardware_irq/irq.c.obj
 .debug_info    0x0000000000002a7c      0x198 CMakeFiles/main_flashloader.dir/home/runner/work/firmware/firmware/lib/pico-sdk/src/common/pico_sync/lock_core.c.obj
 .debug_info    0x0000000000002c14     0x2097 CMakeFiles/main_flashloader.dir/home/runner/work/firmware/firmware/lib/pico-sdk/src/common/pico_sync/mutex.c.obj
 .debug_info    0x0000000000004cab     0x402a CMakeFiles/main_flashloader.dir/home/runner/work/firmware/firmware/lib/pico-sdk/src/common/pico_time/time.c.obj
 .debug_info    0x0000000000008cd5     0x13b2 CMakeFiles/main_flashloader.dir/home/runner/work/firmware/firmware/lib/pico-sdk/src/rp2_common/hardware_timer/timer.c.obj
 .debug_info    0x000000000000a087     0x123b CMakeFiles/main_flashloader.dir/home/runner/work/firmware/firmware/lib/pico-sdk/src/common/pico_util/pheap.c.obj
 .debug_info    0x000000000000b2c2      0xf5d CMakeFiles/main_flashloader.dir/home/runner/work/firmware/firmware/lib/pico-sdk/src/rp2_common/hardware_clocks/clocks.c.obj
 .debug_info    0x000000000000c21f      0x503 CMakeFiles/main_flashloader.dir/home/runner/work/firmware/firmware/lib/pico-sdk/src/rp2_common/hardware_pll/pll.c.obj
 .debug_info    0x000000000000c722      0x4ee CMakeFiles/main_flashloader.dir/home/runner/work/firmware/firmware/lib/pico-sdk/src/rp2_common/hardware_watchdog/watchdog.c.obj
 .debug_info    0x000000000000cc10      0x1c0 CMakeFiles/main_flashloader.dir/home/runner/work/firmware/firmware/lib/pico-sdk/src/rp2_common/hardware_xosc/xosc.c.obj
 .debug_info    0x000000000000cdd0     0x1028 CMakeFiles/main_flashloader.dir/home/runner/work/firmware/firmware/lib/pico-sdk/src/rp2_common/pico_runtime/runtime.c.obj
 .debug_info    0x000000000000ddf8     0x1a47 CMakeFiles/main_flashloader.dir/home/runner/work/firmware/firmware/lib/pico-sdk/src/rp2_common/pico_printf/printf.c.obj
 .debug_info    0x000000000000f83f       0x22 CMakeFiles/main_flashloader.dir/home/runner/work/firmware/firmware/lib/pico-sdk/src/rp2_common/pico_bit_ops/bit_ops_aeabi.S.obj
 .debug_info    0x000000000000f861      0x258 CMakeFiles/main_flashloader.dir/home/runner/work/firmware/firmware/lib/pico-sdk/src/rp2_common/pico_bootrom/bootrom.c.obj
 .debug_info    0x000000000000fab9       0x22 CMakeFiles/main_flashloader.dir/home/runner/work/firmware/firmware/lib/pico-sdk/src/rp2_common/pico_divider/divider.S.obj
 .debug_info    0x000000000000fadb       0x22 CMakeFiles/main_flashloader.dir/home/runner/work/firmware/firmware/lib/pico-sdk/src/rp2_common/pico_double/double_aeabi.S.obj
 .debug_info    0x000000000000fafd      0x2a1 CMakeFiles/main_flashloader.dir/home/runner/work/firmware/firmware/lib/pico-sdk/src/rp2_common/pico_double/double_init_rom.c.obj
 .debug_info    0x000000000000fd9e       0x22 CMakeFiles/main_flashloader.dir/home/runner/work/firmware/firmware/lib/pico-sdk/src/rp2_common/pico_double/double_v1_rom_shim.S.obj
 .debug_info    0x000000000000fdc0       0x22 CMakeFiles/main_flashloader.dir/home/runner/work/firmware/firmware/lib/pico-sdk/src/rp2_common/pico_float/float_aeabi.S.obj
 .debug_info    0x000000000000fde2      0x2bb CMakeFiles/main_flashloader.dir/home/runner/work/firmware/firmware/lib/pico-sdk/src/rp2_common/pico_float/float_init_rom.c.obj
 .debug_info    0x000000000001009d       0x22 CMakeFiles/main_flashloader.dir/home/runner/work/firmware/firmware/lib/pico-sdk/src/rp2_common/pico_float/float_v1_rom_shim.S.obj
 .debug_info    0x00000000000100bf       0x22 CMakeFiles/main_flashloader.dir/home/runner/work/firmware/firmware/lib/pico-sdk/src/rp2_common/pico_mem_ops/mem_ops_aeabi.S.obj
 .debug_info    0x00000000000100e1       0x22 CMakeFiles/main_flashloader.dir/home/runner/work/firmware/firmware/lib/pico-sdk/src/rp2_common/pico_standard_link/crt0.S.obj
 .debug_info    0x0000000000010103      0x295 CMakeFiles/main_flashloader.dir/home/runner/work/firmware/firmware/lib/pico-sdk/src/rp2_common/pico_standard_link/binary_info.c.obj
 .debug_info    0x0000000000010398     0x1821 CMakeFiles/main_flashloader.dir/home/runner/work/firmware/firmware/lib/pico-sdk/src/rp2_common/pico_stdio/stdio.c.obj
 .debug_info    0x0000000000011bb9       0x26 /usr/lib/gcc/arm-none-eabi/10.3.1/thumb/v6-m/nofp/libgcc.a(_dvmd_tls.o)
 .debug_info    0x0000000000011bdf       0xee /usr/lib/gcc/arm-none-eabi/10.3.1/../../../arm-none-eabi/lib/thumb/v6-m/nofp/libg.a(lib_a-strlen-stub.o)

.debug_abbrev   0x0000000000000000     0x36bf
 .debug_abbrev  0x0000000000000000       0x39 CMakeFiles/main_flashloader.dir/flashloader/null.c.obj
 .debug_abbrev  0x0000000000000039       0xeb CMakeFiles/main_flashloader.dir/home/runner/work/firmware/firmware/lib/pico-sdk/src/rp2_common/pico_platform/platform.c.obj
 .debug_abbrev  0x0000000000000124      0x2e9 CMakeFiles/main_flashloader.dir/home/runner/work/firmware/firmware/lib/pico-sdk/src/rp2_common/hardware_claim/claim.c.obj
 .debug_abbrev  0x000000000000040d      0x21b CMakeFiles/main_flashloader.dir/home/runner/work/firmware/firmware/lib/pico-sdk/src/rp2_common/hardware_sync/sync.c.obj
 .debug_abbrev  0x0000000000000628      0x4e7 CMakeFiles/main_flashloader.dir/home/runner/work/firmware/firmware/lib/pico-sdk/src/rp2_common/hardware_irq/irq.c.obj
 .debug_abbrev  0x0000000000000b0f      0x116 CMakeFiles/main_flashloader.dir/home/runner/work/firmware/firmware/lib/pico-sdk/src/common/pico_sync/lock_core.c.obj
 .debug_abbrev  0x0000000000000c25      0x397 CMakeFiles/main_flashloader.dir/home/runner/work/firmware/firmware/lib/pico-sdk/src/common/pico_sync/mutex.c.obj
 .debug_abbrev  0x0000000000000fbc      0x571 CMakeFiles/main_flashloader.dir/home/runner/work/firmware/firmware/lib/pico-sdk/src/common/pico_time/time.c.obj
 .debug_abbrev  0x000000000000152d      0x3b8 CMakeFiles/main_flashloader.dir/home/runner/work/firmware/firmware/lib/pico-sdk/src/rp2_common/hardware_timer/timer.c.obj
 .debug_abbrev  0x00000000000018e5      0x297 CMakeFiles/main_flashloader.dir/home/runner/work/firmware/firmware/lib/pico-sdk/src/common/pico_util/pheap.c.obj
 .debug_abbrev  0x0000000000001b7c      0x3a5 CMakeFiles/main_flashloader.dir/home/runner/work/firmware/firmware/lib/pico-sdk/src/rp2_common/hardware_clocks/clocks.c.obj
 .debug_abbrev  0x0000000000001f21      0x1ea CMakeFiles/main_flashloader.dir/home/runner/work/firmware/firmware/lib/pico-sdk/src/rp2_common/hardware_pll/pll.c.obj
 .debug_abbrev  0x000000000000210b      0x1a8 CMakeFiles/main_flashloader.dir/home/runner/work/firmware/firmware/lib/pico-sdk/src/rp2_common/hardware_watchdog/watchdog.c.obj
 .debug_abbrev  0x00000000000022b3      0x109 CMakeFiles/main_flashloader.dir/home/runner/work/firmware/firmware/lib/pico-sdk/src/rp2_common/hardware_xosc/xosc.c.obj
 .debug_abbrev  0x00000000000023bc      0x4ba CMakeFiles/main_flashloader.dir/home/runner/work/firmware/firmware/lib/pico-sdk/src/rp2_common/pico_runtime/runtime.c.obj
 .debug_abbrev  0x0000000000002876      0x384 CMakeFiles/main_flashloader.dir/home/runner/work/firmware/firmware/lib/pico-sdk/src/rp2_common/pico_printf/printf.c.obj
 .debug_abbrev  0x0000000000002bfa       0x12 CMakeFiles/main_flashloader.dir/home/runner/work/firmware/firmware/lib/pico-sdk/src/rp2_common/pico_bit_ops/bit_ops_aeabi.S.obj
 .debug_abbrev  0x0000000000002c0c      0x13b CMakeFiles/main_flashloader.dir/home/runner/work/firmware/firmware/lib/pico-sdk/src/rp2_common/pico_bootrom/bootrom.c.obj
 .debug_abbrev  0x0000000000002d47       0x12 CMakeFiles/main_flashloader.dir/home/runner/work/firmware/firmware/lib/pico-sdk/src/rp2_common/pico_divider/divider.S.obj
 .debug_abbrev  0x0000000000002d59       0x12 CMakeFiles/main_flashloader.dir/home/runner/work/firmware/firmware/lib/pico-sdk/src/rp2_common/pico_double/double_aeabi.S.obj
 .debug_abbrev  0x0000000000002d6b      0x179 CMakeFiles/main_flashloader.dir/home/runner/work/firmware/firmware/lib/pico-sdk/src/rp2_common/pico_double/double_init_rom.c.obj
 .debug_abbrev  0x0000000000002ee4       0x12 CMakeFiles/main_flashloader.dir/home/runner/work/firmware/firmware/lib/pico-sdk/src/rp2_common/pico_double/double_v1_rom_shim.S.obj
 .debug_abbrev  0x0000000000002ef6       0x12 CMakeFiles/main_flashloader.dir/home/runner/work/firmware/firmware/lib/pico-sdk/src/rp2_common/pico_float/float_aeabi.S.obj
 .debug_abbrev  0x0000000000002f08      0x18c CMakeFiles/main_flashloader.dir/home/runner/work/firmware/firmware/lib/pico-sdk/src/rp2_common/pico_float/float_init_rom.c.obj
 .debug_abbrev  0x0000000000003094       0x12 CMakeFiles/main_flashloader.dir/home/runner/work/firmware/firmware/lib/pico-sdk/src/rp2_common/pico_float/float_v1_rom_shim.S.obj
 .debug_abbrev  0x00000000000030a6       0x12 CMakeFiles/main_flashloader.dir/home/runner/work/firmware/firmware/lib/pico-sdk/src/rp2_common/pico_mem_ops/mem_ops_aeabi.S.obj
 .debug_abbrev  0x00000000000030b8       0x12 CMakeFiles/main_flashloader.dir/home/runner/work/firmware/firmware/lib/pico-sdk/src/rp2_common/pico_standard_link/crt0.S.obj
 .debug_abbrev  0x00000000000030ca       0xad CMakeFiles/main_flashloader.dir/home/runner/work/firmware/firmware/lib/pico-sdk/src/rp2_common/pico_standard_link/binary_info.c.obj
 .debug_abbrev  0x0000000000003177      0x4a5 CMakeFiles/main_flashloader.dir/home/runner/work/firmware/firmware/lib/pico-sdk/src/rp2_common/pico_stdio/stdio.c.obj
 .debug_abbrev  0x000000000000361c       0x14 /usr/lib/gcc/arm-none-eabi/10.3.1/thumb/v6-m/nofp/libgcc.a(_dvmd_tls.o)
 .debug_abbrev  0x0000000000003630       0x8f /usr/lib/gcc/arm-none-eabi/10.3.1/../../../arm-none-eabi/lib/thumb/v6-m/nofp/libg.a(lib_a-strlen-stub.o)

.debug_aranges  0x0000000000000000      0xcd8
 .debug_aranges
                0x0000000000000000       0x20 CMakeFiles/main_flashloader.dir/flashloader/null.c.obj
 .debug_aranges
                0x0000000000000020       0x28 CMakeFiles/main_flashloader.dir/home/runner/work/firmware/firmware/lib/pico-sdk/src/rp2_common/pico_platform/platform.c.obj
 .debug_aranges
                0x0000000000000048       0x48 CMakeFiles/main_flashloader.dir/home/runner/work/firmware/firmware/lib/pico-sdk/src/rp2_common/hardware_claim/claim.c.obj
 .debug_aranges
                0x0000000000000090       0x58 CMakeFiles/main_flashloader.dir/home/runner/work/firmware/firmware/lib/pico-sdk/src/rp2_common/hardware_sync/sync.c.obj
 .debug_aranges
                0x00000000000000e8       0xc8 CMakeFiles/main_flashloader.dir/home/runner/work/firmware/firmware/lib/pico-sdk/src/rp2_common/hardware_irq/irq.c.obj
 .debug_aranges
                0x00000000000001b0       0x20 CMakeFiles/main_flashloader.dir/home/runner/work/firmware/firmware/lib/pico-sdk/src/common/pico_sync/lock_core.c.obj
 .debug_aranges
                0x00000000000001d0       0x90 CMakeFiles/main_flashloader.dir/home/runner/work/firmware/firmware/lib/pico-sdk/src/common/pico_sync/mutex.c.obj
 .debug_aranges
                0x0000000000000260       0xe8 CMakeFiles/main_flashloader.dir/home/runner/work/firmware/firmware/lib/pico-sdk/src/common/pico_time/time.c.obj
 .debug_aranges
                0x0000000000000348       0x88 CMakeFiles/main_flashloader.dir/home/runner/work/firmware/firmware/lib/pico-sdk/src/rp2_common/hardware_timer/timer.c.obj
 .debug_aranges
                0x00000000000003d0       0x78 CMakeFiles/main_flashloader.dir/home/runner/work/firmware/firmware/lib/pico-sdk/src/common/pico_util/pheap.c.obj
 .debug_aranges