Archive member included to satisfy reference by file (symbol)

git/libcmake_git_version_tracking.a(git.c.obj)
                              CMakeFiles/main_standalone.dir/core/main.c.obj (git_IsPopulated)
/usr/lib/gcc/arm-none-eabi/10.3.1/thumb/v6-m/nofp/libgcc.a(_dvmd_tls.o)
                              CMakeFiles/main_standalone.dir/home/runner/work/firmware/firmware/lib/pico-sdk/src/rp2_common/pico_divider/divider.S.obj (__aeabi_idiv0)
/usr/lib/gcc/arm-none-eabi/10.3.1/../../../arm-none-eabi/lib/thumb/v6-m/nofp/libg.a(lib_a-atexit.o)
                              /usr/lib/gcc/arm-none-eabi/10.3.1/../../../arm-none-eabi/lib/thumb/v6-m/nofp/crt0.o (atexit)
/usr/lib/gcc/arm-none-eabi/10.3.1/../../../arm-none-eabi/lib/thumb/v6-m/nofp/libg.a(lib_a-calloc.o)
                              CMakeFiles/main_standalone.dir/home/runner/work/firmware/firmware/lib/pico-sdk/src/rp2_common/pico_malloc/pico_malloc.c.obj (calloc)
/usr/lib/gcc/arm-none-eabi/10.3.1/../../../arm-none-eabi/lib/thumb/v6-m/nofp/libg.a(lib_a-callocr.o)
                              /usr/lib/gcc/arm-none-eabi/10.3.1/../../../arm-none-eabi/lib/thumb/v6-m/nofp/libg.a(lib_a-calloc.o) (_calloc_r)
/usr/lib/gcc/arm-none-eabi/10.3.1/../../../arm-none-eabi/lib/thumb/v6-m/nofp/libg.a(lib_a-fini.o)
                              /usr/lib/gcc/arm-none-eabi/10.3.1/../../../arm-none-eabi/lib/thumb/v6-m/nofp/crt0.o (__libc_fini_array)
/usr/lib/gcc/arm-none-eabi/10.3.1/../../../arm-none-eabi/lib/thumb/v6-m/nofp/libg.a(lib_a-impure.o)
                              /usr/lib/gcc/arm-none-eabi/10.3.1/../../../arm-none-eabi/lib/thumb/v6-m/nofp/libg.a(lib_a-calloc.o) (_impure_ptr)
/usr/lib/gcc/arm-none-eabi/10.3.1/../../../arm-none-eabi/lib/thumb/v6-m/nofp/libg.a(lib_a-init.o)
                              /usr/lib/gcc/arm-none-eabi/10.3.1/../../../arm-none-eabi/lib/thumb/v6-m/nofp/crt0.o (__libc_init_array)
/usr/lib/gcc/arm-none-eabi/10.3.1/../../../arm-none-eabi/lib/thumb/v6-m/nofp/libg.a(lib_a-malloc.o)
                              CMakeFiles/main_standalone.dir/home/runner/work/firmware/firmware/lib/pico-sdk/src/rp2_common/pico_malloc/pico_malloc.c.obj (malloc)
/usr/lib/gcc/arm-none-eabi/10.3.1/../../../arm-none-eabi/lib/thumb/v6-m/nofp/libg.a(lib_a-mallocr.o)
                              /usr/lib/gcc/arm-none-eabi/10.3.1/../../../arm-none-eabi/lib/thumb/v6-m/nofp/libg.a(lib_a-callocr.o) (_malloc_r)
/usr/lib/gcc/arm-none-eabi/10.3.1/../../../arm-none-eabi/lib/thumb/v6-m/nofp/libg.a(lib_a-mlock.o)
                              /usr/lib/gcc/arm-none-eabi/10.3.1/../../../arm-none-eabi/lib/thumb/v6-m/nofp/libg.a(lib_a-mallocr.o) (__malloc_lock)
/usr/lib/gcc/arm-none-eabi/10.3.1/../../../arm-none-eabi/lib/thumb/v6-m/nofp/libg.a(lib_a-realloc.o)
                              CMakeFiles/main_standalone.dir/home/runner/work/firmware/firmware/lib/pico-sdk/src/rp2_common/pico_malloc/pico_malloc.c.obj (realloc)
/usr/lib/gcc/arm-none-eabi/10.3.1/../../../arm-none-eabi/lib/thumb/v6-m/nofp/libg.a(lib_a-reallocr.o)
                              /usr/lib/gcc/arm-none-eabi/10.3.1/../../../arm-none-eabi/lib/thumb/v6-m/nofp/libg.a(lib_a-realloc.o) (_realloc_r)
/usr/lib/gcc/arm-none-eabi/10.3.1/../../../arm-none-eabi/lib/thumb/v6-m/nofp/libg.a(lib_a-sbrkr.o)
                              /usr/lib/gcc/arm-none-eabi/10.3.1/../../../arm-none-eabi/lib/thumb/v6-m/nofp/libg.a(lib_a-mallocr.o) (_sbrk_r)
/usr/lib/gcc/arm-none-eabi/10.3.1/../../../arm-none-eabi/lib/thumb/v6-m/nofp/libg.a(lib_a-strcpy.o)
                              CMakeFiles/main_standalone.dir/core/usb/vendor_request.c.obj (strcpy)
/usr/lib/gcc/arm-none-eabi/10.3.1/../../../arm-none-eabi/lib/thumb/v6-m/nofp/libg.a(lib_a-strlen-stub.o)
                              CMakeFiles/main_standalone.dir/core/tinyusb-config/usb_descriptors.c.obj (strlen)
/usr/lib/gcc/arm-none-eabi/10.3.1/../../../arm-none-eabi/lib/thumb/v6-m/nofp/libg.a(lib_a-__atexit.o)
                              /usr/lib/gcc/arm-none-eabi/10.3.1/../../../arm-none-eabi/lib/thumb/v6-m/nofp/libg.a(lib_a-atexit.o) (__register_exitproc)
/usr/lib/gcc/arm-none-eabi/10.3.1/../../../arm-none-eabi/lib/thumb/v6-m/nofp/libg.a(lib_a-freer.o)
                              /usr/lib/gcc/arm-none-eabi/10.3.1/../../../arm-none-eabi/lib/thumb/v6-m/nofp/libg.a(lib_a-malloc.o) (_free_r)
/usr/lib/gcc/arm-none-eabi/10.3.1/../../../arm-none-eabi/lib/thumb/v6-m/nofp/libg.a(lib_a-memmove.o)
                              /usr/lib/gcc/arm-none-eabi/10.3.1/../../../arm-none-eabi/lib/thumb/v6-m/nofp/libg.a(lib_a-reallocr.o) (memmove)
/usr/lib/gcc/arm-none-eabi/10.3.1/../../../arm-none-eabi/lib/thumb/v6-m/nofp/libg.a(lib_a-reent.o)
                              /usr/lib/gcc/arm-none-eabi/10.3.1/../../../arm-none-eabi/lib/thumb/v6-m/nofp/libg.a(lib_a-sbrkr.o) (errno)

Discarded input sections

 .text          0x0000000000000000        0x0 /usr/lib/gcc/arm-none-eabi/10.3.1/thumb/v6-m/nofp/crti.o
[...]
Memory Configuration

Name             Origin             Length             Attributes
FLASH            0x0000000010000000 0x0000000000200000 xr
RAM              0x0000000020000000 0x0000000000040000 xrw
SCRATCH_X        0x0000000020040000 0x0000000000001000 xrw
SCRATCH_Y        0x0000000020041000 0x0000000000001000 xrw
*default*        0x0000000000000000 0xffffffffffffffff

Linker script and memory map

LOAD /usr/lib/gcc/arm-none-eabi/10.3.1/thumb/v6-m/nofp/crti.o
LOAD /usr/lib/gcc/arm-none-eabi/10.3.1/thumb/v6-m/nofp/crtbegin.o
LOAD /usr/lib/gcc/arm-none-eabi/10.3.1/../../../arm-none-eabi/lib/thumb/v6-m/nofp/crt0.o
                0x0000000000000000                __BUILD_INCLUDES_FLASHLOADER = 0x0

.flash_begin    0x0000000010000000        0x0
                0x0000000010000000                __flash_binary_start = .

.boot2          0x0000000010000000      0x100
                0x0000000010000000                __boot2_start__ = .
 *(.boot2)
 .boot2         0x0000000010000000      0x100 /tmp/cczE3NKi.o
                0x0000000010000100                __boot2_end__ = .
                0x0000000000000001                ASSERT (((__boot2_end__ - __boot2_start__) == 0x100), ERROR: Pico second stage bootloader must be 256 bytes in size)

.text           0x0000000010000100     0x99c0
                0x0000000010000100                __logical_binary_start = .
 *(.vectors)
 .vectors       0x0000000010000100       0xd4 CMakeFiles/main_standalone.dir/home/runner/work/firmware/firmware/lib/pico-sdk/src/rp2_common/pico_standard_link/crt0.S.obj
                0x0000000010000100                __vectors
                0x0000000010000100                __VECTOR_TABLE
                0x00000000100001c0                isr_invalid
                0x00000000100001c0                __default_isrs_start
                0x00000000100001c2                isr_nmi
                0x00000000100001c4                isr_hardfault
                0x00000000100001c6                isr_svcall
                0x00000000100001c8                isr_pendsv
                0x00000000100001ca                isr_systick
                0x00000000100001cc                isr_irq30
                0x00000000100001cc                __unhandled_user_irq
                0x00000000100001cc                isr_irq13
                0x00000000100001cc                isr_irq27
                0x00000000100001cc                isr_irq31
                0x00000000100001cc                isr_irq5
                0x00000000100001cc                isr_irq11
                0x00000000100001cc                isr_irq23
                0x00000000100001cc                isr_irq18
                0x00000000100001cc                isr_irq28
                0x00000000100001cc                isr_irq19
                0x00000000100001cc                isr_irq0
                0x00000000100001cc                isr_irq6
                0x00000000100001cc                isr_irq22
                0x00000000100001cc                isr_irq17
                0x00000000100001cc                isr_irq14
                0x00000000100001cc                isr_irq2
                0x00000000100001cc                isr_irq10
                0x00000000100001cc                isr_irq8
                0x00000000100001cc                isr_irq24
                0x00000000100001cc                isr_irq1
                0x00000000100001cc                isr_irq7
                0x00000000100001cc                isr_irq21
                0x00000000100001cc                isr_irq20
                0x00000000100001cc                isr_irq15
                0x00000000100001cc                isr_irq25
                0x00000000100001cc                isr_irq4
                0x00000000100001cc                isr_irq16
                0x00000000100001cc                isr_irq29
                0x00000000100001cc                isr_irq26
                0x00000000100001cc                __default_isrs_end
                0x00000000100001cc                isr_irq3
                0x00000000100001cc                isr_irq12
                0x00000000100001cc                isr_irq9
                0x00000000100001d2                unhandled_user_irq_num_in_r0
 *(.binary_info_header)
 .binary_info_header
                0x00000000100001d4       0x14 CMakeFiles/main_standalone.dir/home/runner/work/firmware/firmware/lib/pico-sdk/src/rp2_common/pico_standard_link/crt0.S.obj
                0x00000000100001e8                __binary_info_header_end = .
 *(.reset)
 .reset         0x00000000100001e8       0xa0 CMakeFiles/main_standalone.dir/home/runner/work/firmware/firmware/lib/pico-sdk/src/rp2_common/pico_standard_link/crt0.S.obj
                0x00000000100001e8                _entry_point
 .reset         0x0000000010000288       0x30 CMakeFiles/main_standalone.dir/home/runner/work/firmware/firmware/lib/pico-sdk/src/rp2_common/pico_standard_link/binary_info.c.obj
 *(.init)
 .init          0x00000000100002b8        0x4 /usr/lib/gcc/arm-none-eabi/10.3.1/thumb/v6-m/nofp/crti.o
                0x00000000100002b8                _init
 *(EXCLUDE_FILE(*libm.a: *libc.a:*lib_a-mem*.o *libgcc.a:) .text*)
 .text          0x00000000100002bc       0x98 /usr/lib/gcc/arm-none-eabi/10.3.1/thumb/v6-m/nofp/crtbegin.o
 .text.prvSerialDisplaySystemInfo
                0x0000000010000354       0x64 CMakeFiles/main_standalone.dir/core/main.c.obj
                0x0000000010000354                prvSerialDisplaySystemInfo
 .text.startup.main
                0x00000000100003b8       0x34 CMakeFiles/main_standalone.dir/core/main.c.obj
                0x00000000100003b8                main
 .text.getFeatureSet
                0x00000000100003ec        0xc CMakeFiles/main_standalone.dir/core/feature_set.c.obj
                0x00000000100003ec                getFeatureSet
 .text.pvCreateSemaphores
                0x00000000100003f8       0x14 CMakeFiles/main_standalone.dir/core/semaphores.c.obj
                0x00000000100003f8                pvCreateSemaphores
 .text.usb_device_task
                0x000000001000040c       0x1c CMakeFiles/main_standalone.dir/core/usb/tasks.c.obj
                0x000000001000040c                usb_device_task
 .text.cdc_task
                0x0000000010000428       0x28 CMakeFiles/main_standalone.dir/core/usb/tasks.c.obj
                0x0000000010000428                cdc_task
 .text.pvCreateUsbTasks
                0x0000000010000450       0x48 CMakeFiles/main_standalone.dir/core/usb/tasks.c.obj
                0x0000000010000450                pvCreateUsbTasks
 .text.handle_custom_vendor_req
                0x0000000010000498       0xf0 CMakeFiles/main_standalone.dir/core/usb/vendor_request.c.obj
                0x0000000010000498                handle_custom_vendor_req
 .text.tud_vendor_control_xfer_cb
                0x0000000010000588       0x9c CMakeFiles/main_standalone.dir/core/usb/webusb.c.obj
                0x0000000010000588                tud_vendor_control_xfer_cb
 .text.tud_descriptor_device_cb
                0x0000000010000624        0x8 CMakeFiles/main_standalone.dir/core/tinyusb-config/usb_descriptors.c.obj
                0x0000000010000624                tud_descriptor_device_cb
 .text.tud_descriptor_configuration_cb
                0x000000001000062c        0x8 CMakeFiles/main_standalone.dir/core/tinyusb-config/usb_descriptors.c.obj
                0x000000001000062c                tud_descriptor_configuration_cb
 .text.tud_descriptor_bos_cb
                0x0000000010000634        0x8 CMakeFiles/main_standalone.dir/core/tinyusb-config/usb_descriptors.c.obj
                0x0000000010000634                tud_descriptor_bos_cb
 .text.tud_descriptor_string_cb
                0x000000001000063c       0x80 CMakeFiles/main_standalone.dir/core/tinyusb-config/usb_descriptors.c.obj
                0x000000001000063c                tud_descriptor_string_cb
 .text.bulk_queue_task
                0x00000000100006bc       0x30 CMakeFiles/main_standalone.dir/core/tasks/bulk.c.obj
                0x00000000100006bc                bulk_queue_task
 .text.getQueueHandle
                0x00000000100006ec        0xc CMakeFiles/main_standalone.dir/core/tasks/bulk.c.obj
                0x00000000100006ec                getQueueHandle
 .text.pvCreateBulkQueue
                0x00000000100006f8       0x48 CMakeFiles/main_standalone.dir/core/tasks/bulk.c.obj
                0x00000000100006f8                pvCreateBulkQueue
 .text.mcu_temp_task
                0x0000000010000740       0x98 CMakeFiles/main_standalone.dir/core/tasks/mcu_temperature.c.obj
                0x0000000010000740                mcu_temp_task
 .text.pvRegisterMcuTempTask
                0x00000000100007d8       0x28 CMakeFiles/main_standalone.dir/core/tasks/mcu_temperature.c.obj
                0x00000000100007d8                pvRegisterMcuTempTask
 .text.gpio_set_function
                0x0000000010000800       0x30 CMakeFiles/main_standalone.dir/home/runner/work/firmware/firmware/lib/pico-sdk/src/rp2_common/hardware_gpio/gpio.c.obj
                0x0000000010000800                gpio_set_function
 .text.running_on_fpga
                0x0000000010000830       0x10 CMakeFiles/main_standalone.dir/home/runner/work/firmware/firmware/lib/pico-sdk/src/rp2_common/pico_platform/platform.c.obj
                0x0000000010000830                running_on_fpga
 .text.hw_claim_or_assert
                0x0000000010000840       0x44 CMakeFiles/main_standalone.dir/home/runner/work/firmware/firmware/lib/pico-sdk/src/rp2_common/hardware_claim/claim.c.obj
                0x0000000010000840                hw_claim_or_assert
 .text.hw_claim_unused_from_range
                0x0000000010000884       0x9c CMakeFiles/main_standalone.dir/home/runner/work/firmware/firmware/lib/pico-sdk/src/rp2_common/hardware_claim/claim.c.obj
                0x0000000010000884                hw_claim_unused_from_range
 .text.spin_locks_reset
                0x0000000010000920       0x1c CMakeFiles/main_standalone.dir/home/runner/work/firmware/firmware/lib/pico-sdk/src/rp2_common/hardware_sync/sync.c.obj
                0x0000000010000920                spin_locks_reset
 .text.next_striped_spin_lock_num
                0x000000001000093c       0x18 CMakeFiles/main_standalone.dir/home/runner/work/firmware/firmware/lib/pico-sdk/src/rp2_common/hardware_sync/sync.c.obj
                0x000000001000093c                next_striped_spin_lock_num
 .text.spin_lock_claim
                0x0000000010000954       0x18 CMakeFiles/main_standalone.dir/home/runner/work/firmware/firmware/lib/pico-sdk/src/rp2_common/hardware_sync/sync.c.obj
                0x0000000010000954                spin_lock_claim
 .text.spin_lock_claim_unused
                0x000000001000096c       0x20 CMakeFiles/main_standalone.dir/home/runner/work/firmware/firmware/lib/pico-sdk/src/rp2_common/hardware_sync/sync.c.obj
                0x000000001000096c                spin_lock_claim_unused
 .text.irq_set_enabled
                0x000000001000098c       0x24 CMakeFiles/main_standalone.dir/home/runner/work/firmware/firmware/lib/pico-sdk/src/rp2_common/hardware_irq/irq.c.obj
                0x000000001000098c                irq_set_enabled
 .text.irq_is_enabled
                0x00000000100009b0       0x18 CMakeFiles/main_standalone.dir/home/runner/work/firmware/firmware/lib/pico-sdk/src/rp2_common/hardware_irq/irq.c.obj
                0x00000000100009b0                irq_is_enabled
 .text.irq_get_vtable_handler
                0x00000000100009c8       0x10 CMakeFiles/main_standalone.dir/home/runner/work/firmware/firmware/lib/pico-sdk/src/rp2_common/hardware_irq/irq.c.obj
                0x00000000100009c8                irq_get_vtable_handler
 .text.irq_set_exclusive_handler
                0x00000000100009d8       0x54 CMakeFiles/main_standalone.dir/home/runner/work/firmware/firmware/lib/pico-sdk/src/rp2_common/hardware_irq/irq.c.obj
                0x00000000100009d8                irq_set_exclusive_handler
 .text.irq_add_shared_handler
                0x0000000010000a2c      0x1e8 CMakeFiles/main_standalone.dir/home/runner/work/firmware/firmware/lib/pico-sdk/src/rp2_common/hardware_irq/irq.c.obj
                0x0000000010000a2c                irq_add_shared_handler
 .text.irq_remove_handler
                0x0000000010000c14      0x1b0 CMakeFiles/main_standalone.dir/home/runner/work/firmware/firmware/lib/pico-sdk/src/rp2_common/hardware_irq/irq.c.obj
                0x0000000010000c14                irq_remove_handler
 .text.irq_set_priority
                0x0000000010000dc4       0x28 CMakeFiles/main_standalone.dir/home/runner/work/firmware/firmware/lib/pico-sdk/src/rp2_common/hardware_irq/irq.c.obj
                0x0000000010000dc4                irq_set_priority
 .text.irq_add_tail_to_free_list
                0x0000000010000dec       0xa4 CMakeFiles/main_standalone.dir/home/runner/work/firmware/firmware/lib/pico-sdk/src/rp2_common/hardware_irq/irq.c.obj
                0x0000000010000dec                irq_add_tail_to_free_list
 .text.irq_init_priorities
                0x0000000010000e90       0x24 CMakeFiles/main_standalone.dir/home/runner/work/firmware/firmware/lib/pico-sdk/src/rp2_common/hardware_irq/irq.c.obj
                0x0000000010000e90                irq_init_priorities
 .text.lock_init
                0x0000000010000eb4       0x10 CMakeFiles/main_standalone.dir/home/runner/work/firmware/firmware/lib/pico-sdk/src/common/pico_sync/lock_core.c.obj
                0x0000000010000eb4                lock_init
 .text.mutex_init
                0x0000000010000ec4       0x1c CMakeFiles/main_standalone.dir/home/runner/work/firmware/firmware/lib/pico-sdk/src/common/pico_sync/mutex.c.obj
                0x0000000010000ec4                mutex_init
 .text.recursive_mutex_init
                0x0000000010000ee0       0x20 CMakeFiles/main_standalone.dir/home/runner/work/firmware/firmware/lib/pico-sdk/src/common/pico_sync/mutex.c.obj
                0x0000000010000ee0                recursive_mutex_init
 .text.critical_section_init
                0x0000000010000f00       0x20 CMakeFiles/main_standalone.dir/home/runner/work/firmware/firmware/lib/pico-sdk/src/common/pico_sync/critical_section.c.obj
                0x0000000010000f00                critical_section_init
 .text.timer_pool_entry_comparator
                0x0000000010000f20       0x34 CMakeFiles/main_standalone.dir/home/runner/work/firmware/firmware/lib/pico-sdk/src/common/pico_time/time.c.obj
                0x0000000010000f20                timer_pool_entry_comparator
 .text.sleep_until_callback
                0x0000000010000f54       0x24 CMakeFiles/main_standalone.dir/home/runner/work/firmware/firmware/lib/pico-sdk/src/common/pico_time/time.c.obj
 .text.add_alarm_under_lock
                0x0000000010000f78      0x110 CMakeFiles/main_standalone.dir/home/runner/work/firmware/firmware/lib/pico-sdk/src/common/pico_time/time.c.obj
 .text.alarm_pool_alarm_callback
                0x0000000010001088      0x1b8 CMakeFiles/main_standalone.dir/home/runner/work/firmware/firmware/lib/pico-sdk/src/common/pico_time/time.c.obj
 .text.alarm_pool_init_default
                0x0000000010001240       0x6c CMakeFiles/main_standalone.dir/home/runner/work/firmware/firmware/lib/pico-sdk/src/common/pico_time/time.c.obj
                0x0000000010001240                alarm_pool_init_default
 .text.alarm_pool_add_alarm_at
                0x00000000100012ac       0xf0 CMakeFiles/main_standalone.dir/home/runner/work/firmware/firmware/lib/pico-sdk/src/common/pico_time/time.c.obj
                0x00000000100012ac                alarm_pool_add_alarm_at
 .text.alarm_pool_cancel_alarm
                0x000000001000139c       0x74 CMakeFiles/main_standalone.dir/home/runner/work/firmware/firmware/lib/pico-sdk/src/common/pico_time/time.c.obj
                0x000000001000139c                alarm_pool_cancel_alarm
 .text.best_effort_wfe_or_timeout
                0x0000000010001410       0x78 CMakeFiles/main_standalone.dir/home/runner/work/firmware/firmware/lib/pico-sdk/src/common/pico_time/time.c.obj
                0x0000000010001410                best_effort_wfe_or_timeout
 .text.hardware_alarm_irq_handler
                0x0000000010001488       0xbc CMakeFiles/main_standalone.dir/home/runner/work/firmware/firmware/lib/pico-sdk/src/rp2_common/hardware_timer/timer.c.obj
 .text.hardware_alarm_claim
                0x0000000010001544       0x18 CMakeFiles/main_standalone.dir/home/runner/work/firmware/firmware/lib/pico-sdk/src/rp2_common/hardware_timer/timer.c.obj
                0x0000000010001544                hardware_alarm_claim
 .text.time_us_64
                0x000000001000155c       0x14 CMakeFiles/main_standalone.dir/home/runner/work/firmware/firmware/lib/pico-sdk/src/rp2_common/hardware_timer/timer.c.obj
                0x000000001000155c                time_us_64
 .text.hardware_alarm_set_callback
                0x0000000010001570       0x8c CMakeFiles/main_standalone.dir/home/runner/work/firmware/firmware/lib/pico-sdk/src/rp2_common/hardware_timer/timer.c.obj
                0x0000000010001570                hardware_alarm_set_callback
 .text.hardware_alarm_set_target
                0x00000000100015fc       0xe0 CMakeFiles/main_standalone.dir/home/runner/work/firmware/firmware/lib/pico-sdk/src/rp2_common/hardware_timer/timer.c.obj
                0x00000000100015fc                hardware_alarm_set_target
 .text.hardware_alarm_cancel
                0x00000000100016dc       0x3c CMakeFiles/main_standalone.dir/home/runner/work/firmware/firmware/lib/pico-sdk/src/rp2_common/hardware_timer/timer.c.obj
                0x00000000100016dc                hardware_alarm_cancel
 .text.ph_post_alloc_init
                0x0000000010001718       0x3c CMakeFiles/main_standalone.dir/home/runner/work/firmware/firmware/lib/pico-sdk/src/common/pico_util/pheap.c.obj
                0x0000000010001718                ph_post_alloc_init
 .text.ph_merge_two_pass
                0x0000000010001754       0xd4 CMakeFiles/main_standalone.dir/home/runner/work/firmware/firmware/lib/pico-sdk/src/common/pico_util/pheap.c.obj
                0x0000000010001754                ph_merge_two_pass
 .text.ph_remove_any_head
                0x0000000010001828       0x54 CMakeFiles/main_standalone.dir/home/runner/work/firmware/firmware/lib/pico-sdk/src/common/pico_util/pheap.c.obj
 .text.ph_remove_head
                0x000000001000187c       0x58 CMakeFiles/main_standalone.dir/home/runner/work/firmware/firmware/lib/pico-sdk/src/common/pico_util/pheap.c.obj
                0x000000001000187c                ph_remove_head
 .text.ph_remove_and_free_node
                0x00000000100018d4       0xd4 CMakeFiles/main_standalone.dir/home/runner/work/firmware/firmware/lib/pico-sdk/src/common/pico_util/pheap.c.obj
                0x00000000100018d4                ph_remove_and_free_node
 .text.uart_set_baudrate
                0x00000000100019a8       0x68 CMakeFiles/main_standalone.dir/home/runner/work/firmware/firmware/lib/pico-sdk/src/rp2_common/hardware_uart/uart.c.obj
                0x00000000100019a8                uart_set_baudrate
 .text.uart_init
                0x0000000010001a10       0x90 CMakeFiles/main_standalone.dir/home/runner/work/firmware/firmware/lib/pico-sdk/src/rp2_common/hardware_uart/uart.c.obj
                0x0000000010001a10                uart_init
 .text.clock_configure.part.0
                0x0000000010001aa0      0x108 CMakeFiles/main_standalone.dir/home/runner/work/firmware/firmware/lib/pico-sdk/src/rp2_common/hardware_clocks/clocks.c.obj
 .text.clocks_init
                0x0000000010001ba8       0xf8 CMakeFiles/main_standalone.dir/home/runner/work/firmware/firmware/lib/pico-sdk/src/rp2_common/hardware_clocks/clocks.c.obj
                0x0000000010001ba8                clocks_init
 .text.clock_get_hz
                0x0000000010001ca0        0xc CMakeFiles/main_standalone.dir/home/runner/work/firmware/firmware/lib/pico-sdk/src/rp2_common/hardware_clocks/clocks.c.obj
                0x0000000010001ca0                clock_get_hz
 .text.pll_init
                0x0000000010001cac       0xb0 CMakeFiles/main_standalone.dir/home/runner/work/firmware/firmware/lib/pico-sdk/src/rp2_common/hardware_pll/pll.c.obj
                0x0000000010001cac                pll_init
 .text.watchdog_start_tick
                0x0000000010001d5c       0x10 CMakeFiles/main_standalone.dir/home/runner/work/firmware/firmware/lib/pico-sdk/src/rp2_common/hardware_watchdog/watchdog.c.obj
                0x0000000010001d5c                watchdog_start_tick
 .text.xosc_init
                0x0000000010001d6c       0x28 CMakeFiles/main_standalone.dir/home/runner/work/firmware/firmware/lib/pico-sdk/src/rp2_common/hardware_xosc/xosc.c.obj
                0x0000000010001d6c                xosc_init
 .text.runtime_init
                0x0000000010001d94       0xec CMakeFiles/main_standalone.dir/home/runner/work/firmware/firmware/lib/pico-sdk/src/rp2_common/pico_runtime/runtime.c.obj
                0x0000000010001d94                runtime_init
 .text._exit    0x0000000010001e80        0x4 CMakeFiles/main_standalone.dir/home/runner/work/firmware/firmware/lib/pico-sdk/src/rp2_common/pico_runtime/runtime.c.obj
                0x0000000010001e80                _exit
 .text._sbrk    0x0000000010001e84       0x34 CMakeFiles/main_standalone.dir/home/runner/work/firmware/firmware/lib/pico-sdk/src/rp2_common/pico_runtime/runtime.c.obj
                0x0000000010001e84                _sbrk
 .text.exit     0x0000000010001eb8        0x8 CMakeFiles/main_standalone.dir/home/runner/work/firmware/firmware/lib/pico-sdk/src/rp2_common/pico_runtime/runtime.c.obj
                0x0000000010001eb8                exit
 .text.panic    0x0000000010001ec0       0x30 CMakeFiles/main_standalone.dir/home/runner/work/firmware/firmware/lib/pico-sdk/src/rp2_common/pico_runtime/runtime.c.obj
                0x0000000010001ec0                panic
 .text.panic_unsupported
                0x0000000010001ef0        0xc CMakeFiles/main_standalone.dir/home/runner/work/firmware/firmware/lib/pico-sdk/src/rp2_common/pico_runtime/runtime.c.obj
                0x0000000010001ef0                panic_unsupported
 .text.hard_assertion_failure
                0x0000000010001efc        0xc CMakeFiles/main_standalone.dir/home/runner/work/firmware/firmware/lib/pico-sdk/src/rp2_common/pico_runtime/runtime.c.obj
                0x0000000010001efc                hard_assertion_failure
 .text._out_null
                0x0000000010001f08        0x4 CMakeFiles/main_standalone.dir/home/runner/work/firmware/firmware/lib/pico-sdk/src/rp2_common/pico_printf/printf.c.obj
 .text._out_rev
                0x0000000010001f0c       0x9c CMakeFiles/main_standalone.dir/home/runner/work/firmware/firmware/lib/pico-sdk/src/rp2_common/pico_printf/printf.c.obj
 .text._ntoa_format
                0x0000000010001fa8      0x1d0 CMakeFiles/main_standalone.dir/home/runner/work/firmware/firmware/lib/pico-sdk/src/rp2_common/pico_printf/printf.c.obj
 .text._ntoa_long
                0x0000000010002178       0xb8 CMakeFiles/main_standalone.dir/home/runner/work/firmware/firmware/lib/pico-sdk/src/rp2_common/pico_printf/printf.c.obj
 .text._ntoa_long_long
                0x0000000010002230       0xd8 CMakeFiles/main_standalone.dir/home/runner/work/firmware/firmware/lib/pico-sdk/src/rp2_common/pico_printf/printf.c.obj
 .text._etoa    0x0000000010002308      0x3fc CMakeFiles/main_standalone.dir/home/runner/work/firmware/firmware/lib/pico-sdk/src/rp2_common/pico_printf/printf.c.obj
 .text._ftoa    0x0000000010002704      0x398 CMakeFiles/main_standalone.dir/home/runner/work/firmware/firmware/lib/pico-sdk/src/rp2_common/pico_printf/printf.c.obj
 .text._out_char
                0x0000000010002a9c       0x10 CMakeFiles/main_standalone.dir/home/runner/work/firmware/firmware/lib/pico-sdk/src/rp2_common/pico_printf/printf.c.obj
 .text._out_fct
                0x0000000010002aac       0x10 CMakeFiles/main_standalone.dir/home/runner/work/firmware/firmware/lib/pico-sdk/src/rp2_common/pico_printf/printf.c.obj
 .text._vsnprintf
                0x0000000010002abc      0x704 CMakeFiles/main_standalone.dir/home/runner/work/firmware/firmware/lib/pico-sdk/src/rp2_common/pico_printf/printf.c.obj
 .text.vfctprintf
                0x00000000100031c0       0x20 CMakeFiles/main_standalone.dir/home/runner/work/firmware/firmware/lib/pico-sdk/src/rp2_common/pico_printf/printf.c.obj
                0x00000000100031c0                vfctprintf
 .text.weak_raw_vprintf
                0x00000000100031e0       0x30 CMakeFiles/main_standalone.dir/home/runner/work/firmware/firmware/lib/pico-sdk/src/rp2_common/pico_printf/printf.c.obj
                0x00000000100031e0                weak_raw_vprintf
 .text          0x0000000010003210       0x10 CMakeFiles/main_standalone.dir/home/runner/work/firmware/firmware/lib/pico-sdk/src/rp2_common/pico_bit_ops/bit_ops_aeabi.S.obj
 .text.clzsi    0x0000000010003220        0xc CMakeFiles/main_standalone.dir/home/runner/work/firmware/firmware/lib/pico-sdk/src/rp2_common/pico_bit_ops/bit_ops_aeabi.S.obj
                0x0000000010003220                __wrap___clz
                0x0000000010003220                __wrap___clzsi2
                0x0000000010003220                __wrap___clzl
 .text.rom_func_lookup
                0x000000001000322c       0x10 CMakeFiles/main_standalone.dir/home/runner/work/firmware/firmware/lib/pico-sdk/src/rp2_common/pico_bootrom/bootrom.c.obj
                0x000000001000322c                rom_func_lookup
 .text.rom_data_lookup
                0x000000001000323c       0x10 CMakeFiles/main_standalone.dir/home/runner/work/firmware/firmware/lib/pico-sdk/src/rp2_common/pico_bootrom/bootrom.c.obj
                0x000000001000323c                rom_data_lookup
 .text.rom_funcs_lookup
                0x000000001000324c       0x44 CMakeFiles/main_standalone.dir/home/runner/work/firmware/firmware/lib/pico-sdk/src/rp2_common/pico_bootrom/bootrom.c.obj
                0x000000001000324c                rom_funcs_lookup
 .text.__wrap___aeabi_idiv
                0x0000000010003290       0x50 CMakeFiles/main_standalone.dir/home/runner/work/firmware/firmware/lib/pico-sdk/src/rp2_common/pico_divider/divider.S.obj
                0x0000000010003290                __wrap___aeabi_idivmod
                0x0000000010003290                divmod_s32s32
                0x0000000010003290                div_s32s32
                0x0000000010003290                __wrap___aeabi_idiv
                0x0000000010003298                divmod_s32s32_unsafe
                0x00000000100032c4                divmod_s32s32_savestate
 .text.__wrap___aeabi_uidiv
                0x00000000100032e0       0x4c CMakeFiles/main_standalone.dir/home/runner/work/firmware/firmware/lib/pico-sdk/src/rp2_common/pico_divider/divider.S.obj
                0x00000000100032e0                __wrap___aeabi_uidiv
                0x00000000100032e0                __wrap___aeabi_uidivmod
                0x00000000100032e0                div_u32u32
                0x00000000100032e0                divmod_u32u32
                0x00000000100032e8                divmod_u32u32_unsafe
                0x0000000010003310                divmod_u32u32_savestate
 .text.__wrap___aeabi_ldiv
                0x000000001000332c      0x424 CMakeFiles/main_standalone.dir/home/runner/work/firmware/firmware/lib/pico-sdk/src/rp2_common/pico_divider/divider.S.obj
                0x000000001000332c                div_s64s64
                0x000000001000332c                divmod_s64s64
                0x000000001000332c                __wrap___aeabi_ldivmod
                0x000000001000335c                div_u64u64
                0x000000001000335c                divmod_u64u64
                0x000000001000335c                __wrap___aeabi_uldivmod
                0x000000001000336c                divmod_u64u64_savestate
                0x000000001000338c                divmod_s64s64_unsafe
                0x0000000010003414                divmod_u64u64_unsafe
 .text.__wrap___aeabi_darithmetic
                0x0000000010003750       0x80 CMakeFiles/main_standalone.dir/home/runner/work/firmware/firmware/lib/pico-sdk/src/rp2_common/pico_double/double_aeabi.S.obj
                0x0000000010003750                __wrap___aeabi_drsub
                0x0000000010003756                __wrap___aeabi_dsub
                0x0000000010003768                __wrap___aeabi_dadd
                0x000000001000377a                __wrap___aeabi_ddiv
                0x00000000100037b6                __wrap___aeabi_dmul
 .text.__wrap___aeabi_cdcmple
                0x00000000100037d0       0x6c CMakeFiles/main_standalone.dir/home/runner/work/firmware/firmware/lib/pico-sdk/src/rp2_common/pico_double/double_aeabi.S.obj
                0x00000000100037d0                __wrap___aeabi_cdrcmple
                0x00000000100037e0                __wrap___aeabi_cdcmple
                0x00000000100037e0                __wrap___aeabi_cdcmpeq
 .text.__wrap___aeabi_dcmplt
                0x000000001000383c        0xc CMakeFiles/main_standalone.dir/home/runner/work/firmware/firmware/lib/pico-sdk/src/rp2_common/pico_double/double_aeabi.S.obj
                0x000000001000383c                __wrap___aeabi_dcmplt
 .text.__wrap___aeabi_dcmple
                0x0000000010003848       0x10 CMakeFiles/main_standalone.dir/home/runner/work/firmware/firmware/lib/pico-sdk/src/rp2_common/pico_double/double_aeabi.S.obj
                0x0000000010003848                __wrap___aeabi_dcmple
 .text.__wrap___aeabi_dcmpge
                0x0000000010003858       0x10 CMakeFiles/main_standalone.dir/home/runner/work/firmware/firmware/lib/pico-sdk/src/rp2_common/pico_double/double_aeabi.S.obj
                0x0000000010003858                __wrap___aeabi_dcmpge
 .text.__wrap___aeabi_dcmpgt
                0x0000000010003868        0xa CMakeFiles/main_standalone.dir/home/runner/work/firmware/firmware/lib/pico-sdk/src/rp2_common/pico_double/double_aeabi.S.obj
                0x0000000010003868                __wrap___aeabi_dcmpgt
 .text.__wrap___aeabi_dcmpun
                0x0000000010003872       0x1c CMakeFiles/main_standalone.dir/home/runner/work/firmware/firmware/lib/pico-sdk/src/rp2_common/pico_double/double_aeabi.S.obj
                0x0000000010003872                __wrap___aeabi_dcmpun
 *fill*         0x000000001000388e        0x2 
 .text.__wrap___aeabi_i2d
                0x0000000010003890       0x38 CMakeFiles/main_standalone.dir/home/runner/work/firmware/firmware/lib/pico-sdk/src/rp2_common/pico_double/double_aeabi.S.obj
                0x0000000010003890                __wrap___aeabi_ui2d
                0x0000000010003898                __wrap___aeabi_i2d
 .text.__wrap___aeabi_d2iz
                0x00000000100038c8       0x48 CMakeFiles/main_standalone.dir/home/runner/work/firmware/firmware/lib/pico-sdk/src/rp2_common/pico_double/double_aeabi.S.obj
                0x00000000100038c8                __wrap___aeabi_d2iz
                0x00000000100038c8                double2int_z
 .text.__wrap___aeabi_d2uiz
                0x0000000010003910       0x18 CMakeFiles/main_standalone.dir/home/runner/work/firmware/firmware/lib/pico-sdk/src/rp2_common/pico_double/double_aeabi.S.obj
                0x0000000010003910                double2uint
                0x0000000010003910                __wrap___aeabi_d2uiz
 .text.__aeabi_double_init
                0x0000000010003928       0x60 CMakeFiles/main_standalone.dir/home/runner/work/firmware/firmware/lib/pico-sdk/src/rp2_common/pico_double/double_init_rom.c.obj
                0x0000000010003928                __aeabi_double_init
 .text.double_table_shim_on_use_helper
                0x0000000010003988       0x2c CMakeFiles/main_standalone.dir/home/runner/work/firmware/firmware/lib/pico-sdk/src/rp2_common/pico_double/double_v1_rom_shim.S.obj
                0x0000000010003988                double_table_shim_on_use_helper
 .text.__wrap___aeabi_dsub
                0x00000000100039b4       0x10 CMakeFiles/main_standalone.dir/home/runner/work/firmware/firmware/lib/pico-sdk/src/rp2_common/pico_double/double_v1_rom_shim.S.obj
                0x00000000100039b4                drsub_shim
                0x00000000100039ba                dsub_shim
 .text.dadd_shim
                0x00000000100039c4      0x15c CMakeFiles/main_standalone.dir/home/runner/work/firmware/firmware/lib/pico-sdk/src/rp2_common/pico_double/double_v1_rom_shim.S.obj
                0x00000000100039c4                dadd_shim
 .text.dmul_shim
                0x0000000010003b20      0x15c CMakeFiles/main_standalone.dir/home/runner/work/firmware/firmware/lib/pico-sdk/src/rp2_common/pico_double/double_v1_rom_shim.S.obj
                0x0000000010003b20                dmul_shim
 .text.ddiv_shim
                0x0000000010003c7c      0x1b0 CMakeFiles/main_standalone.dir/home/runner/work/firmware/firmware/lib/pico-sdk/src/rp2_common/pico_double/double_v1_rom_shim.S.obj
                0x0000000010003c7c                ddiv_shim
 .text.double2uint_shim
                0x0000000010003e2c        0xe CMakeFiles/main_standalone.dir/home/runner/work/firmware/firmware/lib/pico-sdk/src/rp2_common/pico_double/double_v1_rom_shim.S.obj
                0x0000000010003e2c                double2uint_shim
                0x0000000010003e2e                double2ufix_shim
 *fill*         0x0000000010003e3a        0x2 
 .text.double2uint64_shim
                0x0000000010003e3c       0x70 CMakeFiles/main_standalone.dir/home/runner/work/firmware/firmware/lib/pico-sdk/src/rp2_common/pico_double/double_v1_rom_shim.S.obj
                0x0000000010003e3c                double2uint64_shim
                0x0000000010003e3e                double2ufix64_shim
                0x0000000010003e5e                d2fix_a
 .text.dunpacks
                0x0000000010003eac       0x3c CMakeFiles/main_standalone.dir/home/runner/work/firmware/firmware/lib/pico-sdk/src/rp2_common/pico_double/double_v1_rom_shim.S.obj
                0x0000000010003eac                dunpacks
 .text.__aeabi_lmul
                0x0000000010003ee8       0x32 CMakeFiles/main_standalone.dir/home/runner/work/firmware/firmware/lib/pico-sdk/src/rp2_common/pico_int64_ops/pico_int64_ops_aeabi.S.obj
                0x0000000010003ee8                __wrap___aeabi_lmul
 *fill*         0x0000000010003f1a        0x2 
 .text.__aeabi_float_init
                0x0000000010003f1c       0x5c CMakeFiles/main_standalone.dir/home/runner/work/firmware/firmware/lib/pico-sdk/src/rp2_common/pico_float/float_init_rom.c.obj
                0x0000000010003f1c                __aeabi_float_init
 .text.float_table_shim_on_use_helper
                0x0000000010003f78       0x2c CMakeFiles/main_standalone.dir/home/runner/work/firmware/firmware/lib/pico-sdk/src/rp2_common/pico_float/float_v1_rom_shim.S.obj
                0x0000000010003f78                float_table_shim_on_use_helper
 .text.__wrap_calloc
                0x0000000010003fa4       0x40 CMakeFiles/main_standalone.dir/home/runner/work/firmware/firmware/lib/pico-sdk/src/rp2_common/pico_malloc/pico_malloc.c.obj
                0x0000000010003fa4                __wrap_calloc
 .text.__wrap_free
                0x0000000010003fe4       0x20 CMakeFiles/main_standalone.dir/home/runner/work/firmware/firmware/lib/pico-sdk/src/rp2_common/pico_malloc/pico_malloc.c.obj
                0x0000000010003fe4                __wrap_free
 .text          0x0000000010004004       0x10 CMakeFiles/main_standalone.dir/home/runner/work/firmware/firmware/lib/pico-sdk/src/rp2_common/pico_mem_ops/mem_ops_aeabi.S.obj
                0x0000000010004004                __aeabi_mem_init
 .text.memset   0x0000000010004014        0xc CMakeFiles/main_standalone.dir/home/runner/work/firmware/firmware/lib/pico-sdk/src/rp2_common/pico_mem_ops/mem_ops_aeabi.S.obj
                0x0000000010004014                __wrap_memset
 .text.memcpy   0x0000000010004020        0xc CMakeFiles/main_standalone.dir/home/runner/work/firmware/firmware/lib/pico-sdk/src/rp2_common/pico_mem_ops/mem_ops_aeabi.S.obj
                0x0000000010004020                __wrap___aeabi_memcpy
                0x0000000010004020                __wrap_memcpy
 .text.stdio_out_chars_no_crlf
                0x000000001000402c       0x10 CMakeFiles/main_standalone.dir/home/runner/work/firmware/firmware/lib/pico-sdk/src/rp2_common/pico_stdio/stdio.c.obj
 .text.stdio_out_chars_crlf.part.0
                0x000000001000403c       0xa0 CMakeFiles/main_standalone.dir/home/runner/work/firmware/firmware/lib/pico-sdk/src/rp2_common/pico_stdio/stdio.c.obj
 .text.stdio_out_chars_crlf
                0x00000000100040dc       0x1c CMakeFiles/main_standalone.dir/home/runner/work/firmware/firmware/lib/pico-sdk/src/rp2_common/pico_stdio/stdio.c.obj
 .text.stdio_stack_buffer_flush.part.0
                0x00000000100040f8       0x60 CMakeFiles/main_standalone.dir/home/runner/work/firmware/firmware/lib/pico-sdk/src/rp2_common/pico_stdio/stdio.c.obj
 .text.stdio_buffered_printer
                0x0000000010004158       0x20 CMakeFiles/main_standalone.dir/home/runner/work/firmware/firmware/lib/pico-sdk/src/rp2_common/pico_stdio/stdio.c.obj
 .text.stdio_put_string.isra.0
                0x0000000010004178       0xd8 CMakeFiles/main_standalone.dir/home/runner/work/firmware/firmware/lib/pico-sdk/src/rp2_common/pico_stdio/stdio.c.obj
 .text.__wrap_putchar
                0x0000000010004250       0x1c CMakeFiles/main_standalone.dir/home/runner/work/firmware/firmware/lib/pico-sdk/src/rp2_common/pico_stdio/stdio.c.obj
                0x0000000010004250                __wrap_putchar
 .text.__wrap_puts
                0x000000001000426c       0x34 CMakeFiles/main_standalone.dir/home/runner/work/firmware/firmware/lib/pico-sdk/src/rp2_common/pico_stdio/stdio.c.obj
                0x000000001000426c                __wrap_puts
 .text.stdio_set_driver_enabled
                0x00000000100042a0       0x30 CMakeFiles/main_standalone.dir/home/runner/work/firmware/firmware/lib/pico-sdk/src/rp2_common/pico_stdio/stdio.c.obj
                0x00000000100042a0                stdio_set_driver_enabled
 .text.__wrap_vprintf
                0x00000000100042d0       0x84 CMakeFiles/main_standalone.dir/home/runner/work/firmware/firmware/lib/pico-sdk/src/rp2_common/pico_stdio/stdio.c.obj
                0x00000000100042d0                __wrap_vprintf
 .text.__wrap_printf
                0x0000000010004354       0x18 CMakeFiles/main_standalone.dir/home/runner/work/firmware/firmware/lib/pico-sdk/src/rp2_common/pico_stdio/stdio.c.obj
                0x0000000010004354                __wrap_printf
 .text.stdio_init_all
                0x000000001000436c        0xc CMakeFiles/main_standalone.dir/home/runner/work/firmware/firmware/lib/pico-sdk/src/rp2_common/pico_stdio/stdio.c.obj
                0x000000001000436c                stdio_init_all
 .text.stdio_uart_out_chars
                0x0000000010004378       0x4c CMakeFiles/main_standalone.dir/home/runner/work/firmware/firmware/lib/pico-sdk/src/rp2_common/pico_stdio_uart/stdio_uart.c.obj
 .text.stdio_uart_in_chars
                0x00000000100043c4       0x84 CMakeFiles/main_standalone.dir/home/runner/work/firmware/firmware/lib/pico-sdk/src/rp2_common/pico_stdio_uart/stdio_uart.c.obj
                0x00000000100043c4                stdio_uart_in_chars
 .text.on_uart_rx
                0x0000000010004448       0x28 CMakeFiles/main_standalone.dir/home/runner/work/firmware/firmware/lib/pico-sdk/src/rp2_common/pico_stdio_uart/stdio_uart.c.obj
 .text.stdio_uart_set_chars_available_callback
                0x0000000010004470       0x8c CMakeFiles/main_standalone.dir/home/runner/work/firmware/firmware/lib/pico-sdk/src/rp2_common/pico_stdio_uart/stdio_uart.c.obj
 .text.stdio_uart_init
                0x00000000100044fc       0x48 CMakeFiles/main_standalone.dir/home/runner/work/firmware/firmware/lib/pico-sdk/src/rp2_common/pico_stdio_uart/stdio_uart.c.obj
                0x00000000100044fc                stdio_uart_init
 .text.adc_init
                0x0000000010004544       0x38 CMakeFiles/main_standalone.dir/home/runner/work/firmware/firmware/lib/pico-sdk/src/rp2_common/hardware_adc/adc.c.obj
                0x0000000010004544                adc_init
 .text.startup._retrieve_unique_id_on_boot
                0x000000001000457c       0x10 CMakeFiles/main_standalone.dir/home/runner/work/firmware/firmware/lib/pico-sdk/src/rp2_common/pico_unique_id/unique_id.c.obj
 .text.pico_get_unique_board_id
                0x000000001000458c       0x10 CMakeFiles/main_standalone.dir/home/runner/work/firmware/firmware/lib/pico-sdk/src/rp2_common/pico_unique_id/unique_id.c.obj
                0x000000001000458c                pico_get_unique_board_id
 .text.flash_get_unique_id
                0x000000001000459c       0x40 CMakeFiles/main_standalone.dir/home/runner/work/firmware/firmware/lib/pico-sdk/src/rp2_common/hardware_flash/flash.c.obj
                0x000000001000459c                flash_get_unique_id
 .text.vPortSVCHandler
                0x00000000100045dc        0x4 CMakeFiles/main_standalone.dir/home/runner/work/firmware/firmware/lib/freertos-smp/portable/ThirdParty/GCC/RP2040/port.c.obj
                0x00000000100045dc                vPortSVCHandler
 .text.vPortStartFirstTask
                0x00000000100045e0       0x38 CMakeFiles/main_standalone.dir/home/runner/work/firmware/firmware/lib/freertos-smp/portable/ThirdParty/GCC/RP2040/port.c.obj
 .text.prvFIFOInterruptHandler
                0x0000000010004618       0x2c CMakeFiles/main_standalone.dir/home/runner/work/firmware/firmware/lib/freertos-smp/portable/ThirdParty/GCC/RP2040/port.c.obj
 *fill*         0x0000000010004644        0xc 
 .text.xPortPendSVHandler
                0x0000000010004650       0x78 CMakeFiles/main_standalone.dir/home/runner/work/firmware/firmware/lib/freertos-smp/portable/ThirdParty/GCC/RP2040/port.c.obj
                0x0000000010004650                xPortPendSVHandler
 .text.xPortSysTickHandler
                0x00000000100046c8       0x2c CMakeFiles/main_standalone.dir/home/runner/work/firmware/firmware/lib/freertos-smp/portable/ThirdParty/GCC/RP2040/port.c.obj
                0x00000000100046c8                xPortSysTickHandler
 .text.prvTaskExitError
                0x00000000100046f4        0x8 CMakeFiles/main_standalone.dir/home/runner/work/firmware/firmware/lib/freertos-smp/portable/ThirdParty/GCC/RP2040/port.c.obj
 .text.pxPortInitialiseStack
                0x00000000100046fc       0x20 CMakeFiles/main_standalone.dir/home/runner/work/firmware/firmware/lib/freertos-smp/portable/ThirdParty/GCC/RP2040/port.c.obj
                0x00000000100046fc                pxPortInitialiseStack
 .text.vPortYield
                0x000000001000471c       0x18 CMakeFiles/main_standalone.dir/home/runner/work/firmware/firmware/lib/freertos-smp/portable/ThirdParty/GCC/RP2040/port.c.obj
                0x000000001000471c                vPortYield
 .text.vPortEnableInterrupts
                0x0000000010004734       0x30 CMakeFiles/main_standalone.dir/home/runner/work/firmware/firmware/lib/freertos-smp/portable/ThirdParty/GCC/RP2040/port.c.obj
                0x0000000010004734                vPortEnableInterrupts
 .text.vYieldCore
                0x0000000010004764        0xc CMakeFiles/main_standalone.dir/home/runner/work/firmware/firmware/lib/freertos-smp/portable/ThirdParty/GCC/RP2040/port.c.obj
                0x0000000010004764                vYieldCore
 .text.vPortSetupTimerInterrupt
                0x0000000010004770       0x34 CMakeFiles/main_standalone.dir/home/runner/work/firmware/firmware/lib/freertos-smp/portable/ThirdParty/GCC/RP2040/port.c.obj
                0x0000000010004770                vPortSetupTimerInterrupt
 .text.xPortStartSchedulerOnCore.isra.0
                0x00000000100047a4       0xac CMakeFiles/main_standalone.dir/home/runner/work/firmware/firmware/lib/freertos-smp/portable/ThirdParty/GCC/RP2040/port.c.obj
 .text.prvDisableInterruptsAndPortStartSchedulerOnCore
                0x0000000010004850        0xc CMakeFiles/main_standalone.dir/home/runner/work/firmware/firmware/lib/freertos-smp/portable/ThirdParty/GCC/RP2040/port.c.obj
 .text.xPortStartScheduler
                0x000000001000485c       0x28 CMakeFiles/main_standalone.dir/home/runner/work/firmware/firmware/lib/freertos-smp/portable/ThirdParty/GCC/RP2040/port.c.obj
                0x000000001000485c                xPortStartScheduler
 .text.ulPortLockGetCurrentOwnerId
                0x0000000010004884       0x30 CMakeFiles/main_standalone.dir/home/runner/work/firmware/firmware/lib/freertos-smp/portable/ThirdParty/GCC/RP2040/port.c.obj
                0x0000000010004884                ulPortLockGetCurrentOwnerId
 .text.vPortLockInternalSpinUnlockWithWait
                0x00000000100048b4       0x6c CMakeFiles/main_standalone.dir/home/runner/work/firmware/firmware/lib/freertos-smp/portable/ThirdParty/GCC/RP2040/port.c.obj
                0x00000000100048b4                vPortLockInternalSpinUnlockWithWait
 .text.vPortLockInternalSpinUnlockWithNotify
                0x0000000010004920       0x84 CMakeFiles/main_standalone.dir/home/runner/work/firmware/firmware/lib/freertos-smp/portable/ThirdParty/GCC/RP2040/port.c.obj
                0x0000000010004920                vPortLockInternalSpinUnlockWithNotify
 .text.xPortLockInternalSpinUnlockWithBestEffortWaitOrTimeout
                0x00000000100049a4       0xec CMakeFiles/main_standalone.dir/home/runner/work/firmware/firmware/lib/freertos-smp/portable/ThirdParty/GCC/RP2040/port.c.obj
                0x00000000100049a4                xPortLockInternalSpinUnlockWithBestEffortWaitOrTimeout
 .text.startup.prvRuntimeInitializer
                0x0000000010004a90       0x10 CMakeFiles/main_standalone.dir/home/runner/work/firmware/firmware/lib/freertos-smp/portable/ThirdParty/GCC/RP2040/port.c.obj
 .text.xEventGroupCreate
                0x0000000010004aa0       0x18 CMakeFiles/main_standalone.dir/home/runner/work/firmware/firmware/lib/freertos-smp/event_groups.c.obj
                0x0000000010004aa0                xEventGroupCreate
 .text.xEventGroupWaitBits
                0x0000000010004ab8       0xb0 CMakeFiles/main_standalone.dir/home/runner/work/firmware/firmware/lib/freertos-smp/event_groups.c.obj
                0x0000000010004ab8                xEventGroupWaitBits
 .text.xEventGroupSetBits
                0x0000000010004b68       0x90 CMakeFiles/main_standalone.dir/home/runner/work/firmware/firmware/lib/freertos-smp/event_groups.c.obj
                0x0000000010004b68                xEventGroupSetBits
 .text.vEventGroupSetBitsCallback
                0x0000000010004bf8        0x8 CMakeFiles/main_standalone.dir/home/runner/work/firmware/firmware/lib/freertos-smp/event_groups.c.obj
                0x0000000010004bf8                vEventGroupSetBitsCallback
 .text.xEventGroupSetBitsFromISR
                0x0000000010004c00       0x14 CMakeFiles/main_standalone.dir/home/runner/work/firmware/firmware/lib/freertos-smp/event_groups.c.obj
                0x0000000010004c00                xEventGroupSetBitsFromISR
 .text.vListInitialise
                0x0000000010004c14       0x18 CMakeFiles/main_standalone.dir/home/runner/work/firmware/firmware/lib/freertos-smp/list.c.obj
                0x0000000010004c14                vListInitialise
 .text.vListInitialiseItem
                0x0000000010004c2c        0x8 CMakeFiles/main_standalone.dir/home/runner/work/firmware/firmware/lib/freertos-smp/list.c.obj
                0x0000000010004c2c                vListInitialiseItem
 .text.vListInsertEnd
                0x0000000010004c34       0x18 CMakeFiles/main_standalone.dir/home/runner/work/firmware/firmware/lib/freertos-smp/list.c.obj
                0x0000000010004c34                vListInsertEnd
 .text.vListInsert
                0x0000000010004c4c       0x30 CMakeFiles/main_standalone.dir/home/runner/work/firmware/firmware/lib/freertos-smp/list.c.obj
                0x0000000010004c4c                vListInsert
 .text.uxListRemove
                0x0000000010004c7c       0x24 CMakeFiles/main_standalone.dir/home/runner/work/firmware/firmware/lib/freertos-smp/list.c.obj
                0x0000000010004c7c                uxListRemove
 .text.prvCopyDataToQueue
                0x0000000010004ca0       0x78 CMakeFiles/main_standalone.dir/home/runner/work/firmware/firmware/lib/freertos-smp/queue.c.obj
 .text.prvNotifyQueueSetContainer
                0x0000000010004d18       0x94 CMakeFiles/main_standalone.dir/home/runner/work/firmware/firmware/lib/freertos-smp/queue.c.obj
 .text.prvUnlockQueue
                0x0000000010004dac       0xa4 CMakeFiles/main_standalone.dir/home/runner/work/firmware/firmware/lib/freertos-smp/queue.c.obj
 .text.xQueueGenericCreate
                0x0000000010004e50       0x6c CMakeFiles/main_standalone.dir/home/runner/work/firmware/firmware/lib/freertos-smp/queue.c.obj
                0x0000000010004e50                xQueueGenericCreate
 .text.xQueueGenericSend
                0x0000000010004ebc      0x13c CMakeFiles/main_standalone.dir/home/runner/work/firmware/firmware/lib/freertos-smp/queue.c.obj
                0x0000000010004ebc                xQueueGenericSend
 .text.xQueueCreateMutex
                0x0000000010004ff8       0x24 CMakeFiles/main_standalone.dir/home/runner/work/firmware/firmware/lib/freertos-smp/queue.c.obj
                0x0000000010004ff8                xQueueCreateMutex
 .text.xQueueGenericSendFromISR
                0x000000001000501c       0xa8 CMakeFiles/main_standalone.dir/home/runner/work/firmware/firmware/lib/freertos-smp/queue.c.obj
                0x000000001000501c                xQueueGenericSendFromISR
 .text.xQueueReceive
                0x00000000100050c4      0x11c CMakeFiles/main_standalone.dir/home/runner/work/firmware/firmware/lib/freertos-smp/queue.c.obj
                0x00000000100050c4                xQueueReceive
 .text.xQueueSemaphoreTake
                0x00000000100051e0      0x150 CMakeFiles/main_standalone.dir/home/runner/work/firmware/firmware/lib/freertos-smp/queue.c.obj
                0x00000000100051e0                xQueueSemaphoreTake
 .text.vQueueAddToRegistry
                0x0000000010005330       0x28 CMakeFiles/main_standalone.dir/home/runner/work/firmware/firmware/lib/freertos-smp/queue.c.obj
                0x0000000010005330                vQueueAddToRegistry
 .text.vQueueWaitForMessageRestricted
                0x0000000010005358       0x48 CMakeFiles/main_standalone.dir/home/runner/work/firmware/firmware/lib/freertos-smp/queue.c.obj
                0x0000000010005358                vQueueWaitForMessageRestricted
 .text.prvMinimalIdleTask
                0x00000000100053a0       0x18 CMakeFiles/main_standalone.dir/home/runner/work/firmware/firmware/lib/freertos-smp/tasks.c.obj
 .text.prvAddCurrentTaskToDelayedList
                0x00000000100053b8       0xe0 CMakeFiles/main_standalone.dir/home/runner/work/firmware/firmware/lib/freertos-smp/tasks.c.obj
 .text.prvYieldCore
                0x0000000010005498       0x60 CMakeFiles/main_standalone.dir/home/runner/work/firmware/firmware/lib/freertos-smp/tasks.c.obj
 .text.prvYieldForTask
                0x00000000100054f8       0x84 CMakeFiles/main_standalone.dir/home/runner/work/firmware/firmware/lib/freertos-smp/tasks.c.obj
 .text.prvCheckForRunStateChange.part.0
                0x000000001000557c      0x18c CMakeFiles/main_standalone.dir/home/runner/work/firmware/firmware/lib/freertos-smp/tasks.c.obj
 .text.vTaskSuspendAll.part.0
                0x0000000010005708       0xfc CMakeFiles/main_standalone.dir/home/runner/work/firmware/firmware/lib/freertos-smp/tasks.c.obj
 .text.vTaskEnterCritical.part.0
                0x0000000010005804       0xfc CMakeFiles/main_standalone.dir/home/runner/work/firmware/firmware/lib/freertos-smp/tasks.c.obj
 .text.vTaskExitCritical.part.0
                0x0000000010005900       0xc4 CMakeFiles/main_standalone.dir/home/runner/work/firmware/firmware/lib/freertos-smp/tasks.c.obj
 .text.prvIdleTask
                0x00000000100059c4       0xf0 CMakeFiles/main_standalone.dir/home/runner/work/firmware/firmware/lib/freertos-smp/tasks.c.obj
 .text.xTaskCreateAffinitySet
                0x0000000010005ab4      0x24c CMakeFiles/main_standalone.dir/home/runner/work/firmware/firmware/lib/freertos-smp/tasks.c.obj
                0x0000000010005ab4                xTaskCreateAffinitySet
 .text.xTaskCreate
                0x0000000010005d00       0x1c CMakeFiles/main_standalone.dir/home/runner/work/firmware/firmware/lib/freertos-smp/tasks.c.obj
                0x0000000010005d00                xTaskCreate
 .text.vTaskStartScheduler
                0x0000000010005d1c       0xd8 CMakeFiles/main_standalone.dir/home/runner/work/firmware/firmware/lib/freertos-smp/tasks.c.obj
                0x0000000010005d1c                vTaskStartScheduler
 .text.vTaskSuspendAll
                0x0000000010005df4       0x18 CMakeFiles/main_standalone.dir/home/runner/work/firmware/firmware/lib/freertos-smp/tasks.c.obj
                0x0000000010005df4                vTaskSuspendAll
 .text.xTaskGetTickCount
                0x0000000010005e0c        0xc CMakeFiles/main_standalone.dir/home/runner/work/firmware/firmware/lib/freertos-smp/tasks.c.obj
                0x0000000010005e0c                xTaskGetTickCount
 .text.xTaskIncrementTick
                0x0000000010005e18      0x214 CMakeFiles/main_standalone.dir/home/runner/work/firmware/firmware/lib/freertos-smp/tasks.c.obj
                0x0000000010005e18                xTaskIncrementTick
 .text.xTaskResumeAll.part.0
                0x000000001000602c      0x15c CMakeFiles/main_standalone.dir/home/runner/work/firmware/firmware/lib/freertos-smp/tasks.c.obj
 .text.xTaskResumeAll
                0x0000000010006188       0x18 CMakeFiles/main_standalone.dir/home/runner/work/firmware/firmware/lib/freertos-smp/tasks.c.obj
                0x0000000010006188                xTaskResumeAll
 .text.vTaskDelay
                0x00000000100061a0       0x70 CMakeFiles/main_standalone.dir/home/runner/work/firmware/firmware/lib/freertos-smp/tasks.c.obj
                0x00000000100061a0                vTaskDelay
 .text.vTaskSwitchContext
                0x0000000010006210      0x2f4 CMakeFiles/main_standalone.dir/home/runner/work/firmware/firmware/lib/freertos-smp/tasks.c.obj
                0x0000000010006210                vTaskSwitchContext
 .text.vTaskPlaceOnEventList
                0x0000000010006504       0x30 CMakeFiles/main_standalone.dir/home/runner/work/firmware/firmware/lib/freertos-smp/tasks.c.obj
                0x0000000010006504                vTaskPlaceOnEventList
 .text.vTaskPlaceOnUnorderedEventList
                0x0000000010006534       0x48 CMakeFiles/main_standalone.dir/home/runner/work/firmware/firmware/lib/freertos-smp/tasks.c.obj
                0x0000000010006534                vTaskPlaceOnUnorderedEventList
 .text.vTaskPlaceOnEventListRestricted
                0x000000001000657c       0x38 CMakeFiles/main_standalone.dir/home/runner/work/firmware/firmware/lib/freertos-smp/tasks.c.obj
                0x000000001000657c                vTaskPlaceOnEventListRestricted
 .text.xTaskRemoveFromEventList
                0x00000000100065b4       0x78 CMakeFiles/main_standalone.dir/home/runner/work/firmware/firmware/lib/freertos-smp/tasks.c.obj
                0x00000000100065b4                xTaskRemoveFromEventList
 .text.vTaskRemoveFromUnorderedEventList
                0x000000001000662c       0x88 CMakeFiles/main_standalone.dir/home/runner/work/firmware/firmware/lib/freertos-smp/tasks.c.obj
                0x000000001000662c                vTaskRemoveFromUnorderedEventList
 .text.vTaskInternalSetTimeOutState
                0x00000000100066b4       0x18 CMakeFiles/main_standalone.dir/home/runner/work/firmware/firmware/lib/freertos-smp/tasks.c.obj
                0x00000000100066b4                vTaskInternalSetTimeOutState
 .text.xTaskCheckForTimeOut
                0x00000000100066cc       0xdc CMakeFiles/main_standalone.dir/home/runner/work/firmware/firmware/lib/freertos-smp/tasks.c.obj
                0x00000000100066cc                xTaskCheckForTimeOut
 .text.vTaskMissedYield
                0x00000000100067a8       0x14 CMakeFiles/main_standalone.dir/home/runner/work/firmware/firmware/lib/freertos-smp/tasks.c.obj
                0x00000000100067a8                vTaskMissedYield
 .text.xTaskGetCurrentTaskHandle
                0x00000000100067bc       0x1c CMakeFiles/main_standalone.dir/home/runner/work/firmware/firmware/lib/freertos-smp/tasks.c.obj
                0x00000000100067bc                xTaskGetCurrentTaskHandle
 .text.xTaskGetSchedulerState
                0x00000000100067d8       0x60 CMakeFiles/main_standalone.dir/home/runner/work/firmware/firmware/lib/freertos-smp/tasks.c.obj
                0x00000000100067d8                xTaskGetSchedulerState
 .text.xTaskPriorityInherit
                0x0000000010006838       0xdc CMakeFiles/main_standalone.dir/home/runner/work/firmware/firmware/lib/freertos-smp/tasks.c.obj
                0x0000000010006838                xTaskPriorityInherit
 .text.xTaskPriorityDisinherit
                0x0000000010006914       0x58 CMakeFiles/main_standalone.dir/home/runner/work/firmware/firmware/lib/freertos-smp/tasks.c.obj
                0x0000000010006914                xTaskPriorityDisinherit
 .text.vTaskPriorityDisinheritAfterTimeout
                0x000000001000696c       0x70 CMakeFiles/main_standalone.dir/home/runner/work/firmware/firmware/lib/freertos-smp/tasks.c.obj
                0x000000001000696c                vTaskPriorityDisinheritAfterTimeout
 .text.vTaskYieldWithinAPI
                0x00000000100069dc       0x34 CMakeFiles/main_standalone.dir/home/runner/work/firmware/firmware/lib/freertos-smp/tasks.c.obj
                0x00000000100069dc                vTaskYieldWithinAPI
 .text.vTaskEnterCritical
                0x0000000010006a10       0x1c CMakeFiles/main_standalone.dir/home/runner/work/firmware/firmware/lib/freertos-smp/tasks.c.obj
                0x0000000010006a10                vTaskEnterCritical
 .text.vTaskExitCritical
                0x0000000010006a2c       0x34 CMakeFiles/main_standalone.dir/home/runner/work/firmware/firmware/lib/freertos-smp/tasks.c.obj
                0x0000000010006a2c                vTaskExitCritical
 .text.uxTaskResetEventItemValue
                0x0000000010006a60       0x48 CMakeFiles/main_standalone.dir/home/runner/work/firmware/firmware/lib/freertos-smp/tasks.c.obj
                0x0000000010006a60                uxTaskResetEventItemValue
 .text.pvTaskIncrementMutexHeldCount
                0x0000000010006aa8       0x4c CMakeFiles/main_standalone.dir/home/runner/work/firmware/firmware/lib/freertos-smp/tasks.c.obj
                0x0000000010006aa8                pvTaskIncrementMutexHeldCount
 .text.prvCheckForValidListAndQueue
                0x0000000010006af4       0x5c CMakeFiles/main_standalone.dir/home/runner/work/firmware/firmware/lib/freertos-smp/timers.c.obj
 .text.xTimerCreateTimerTask
                0x0000000010006b50       0x3c CMakeFiles/main_standalone.dir/home/runner/work/firmware/firmware/lib/freertos-smp/timers.c.obj
                0x0000000010006b50                xTimerCreateTimerTask
 .text.xTimerGenericCommandFromTask
                0x0000000010006b8c       0x44 CMakeFiles/main_standalone.dir/home/runner/work/firmware/firmware/lib/freertos-smp/timers.c.obj
                0x0000000010006b8c                xTimerGenericCommandFromTask
 .text.prvSwitchTimerLists
                0x0000000010006bd0       0x7c CMakeFiles/main_standalone.dir/home/runner/work/firmware/firmware/lib/freertos-smp/timers.c.obj
 .text.prvTimerTask
                0x0000000010006c4c      0x240 CMakeFiles/main_standalone.dir/home/runner/work/firmware/firmware/lib/freertos-smp/timers.c.obj
 .text.xTimerPendFunctionCallFromISR
                0x0000000010006e8c       0x28 CMakeFiles/main_standalone.dir/home/runner/work/firmware/firmware/lib/freertos-smp/timers.c.obj
                0x0000000010006e8c                xTimerPendFunctionCallFromISR
 .text.exception_set_exclusive_handler
                0x0000000010006eb4       0x48 CMakeFiles/main_standalone.dir/home/runner/work/firmware/firmware/lib/pico-sdk/src/rp2_common/hardware_exception/exception.c.obj
                0x0000000010006eb4                exception_set_exclusive_handler
 .text.core1_trampoline
                0x0000000010006efc        0x4 CMakeFiles/main_standalone.dir/home/runner/work/firmware/firmware/lib/pico-sdk/src/rp2_common/pico_multicore/multicore.c.obj
 .text.core1_wrapper
                0x0000000010006f00        0xc CMakeFiles/main_standalone.dir/home/runner/work/firmware/firmware/lib/pico-sdk/src/rp2_common/pico_multicore/multicore.c.obj
                0x0000000010006f00                core1_wrapper
 .text.multicore_launch_core1_raw
                0x0000000010006f0c       0x80 CMakeFiles/main_standalone.dir/home/runner/work/firmware/firmware/lib/pico-sdk/src/rp2_common/pico_multicore/multicore.c.obj
                0x0000000010006f0c                multicore_launch_core1_raw
 .text.multicore_launch_core1
                0x0000000010006f8c       0x4c CMakeFiles/main_standalone.dir/home/runner/work/firmware/firmware/lib/pico-sdk/src/rp2_common/pico_multicore/multicore.c.obj
                0x0000000010006f8c                multicore_launch_core1
 .text.prvInsertBlockIntoFreeList
                0x0000000010006fd8       0x50 CMakeFiles/main_standalone.dir/home/runner/work/firmware/firmware/lib/freertos-smp/portable/MemMang/heap_4.c.obj
 .text.pvPortMalloc
                0x0000000010007028      0x118 CMakeFiles/main_standalone.dir/home/runner/work/firmware/firmware/lib/freertos-smp/portable/MemMang/heap_4.c.obj
                0x0000000010007028                pvPortMalloc
 .text.vPortFree
                0x0000000010007140       0x50 CMakeFiles/main_standalone.dir/home/runner/work/firmware/firmware/lib/freertos-smp/portable/MemMang/heap_4.c.obj
                0x0000000010007140                vPortFree
 .text.dcd_int_enable
                0x0000000010007190        0xc CMakeFiles/main_standalone.dir/home/runner/work/firmware/firmware/lib/tinyusb/src/portable/raspberrypi/rp2040/dcd_rp2040.c.obj
                0x0000000010007190                dcd_int_enable
 .text.dcd_set_address
                0x000000001000719c       0x14 CMakeFiles/main_standalone.dir/home/runner/work/firmware/firmware/lib/tinyusb/src/portable/raspberrypi/rp2040/dcd_rp2040.c.obj
                0x000000001000719c                dcd_set_address
 .text.dcd_connect
                0x00000000100071b0       0x10 CMakeFiles/main_standalone.dir/home/runner/work/firmware/firmware/lib/tinyusb/src/portable/raspberrypi/rp2040/dcd_rp2040.c.obj
                0x00000000100071b0                dcd_connect
 .text.dcd_init
                0x00000000100071c0       0x98 CMakeFiles/main_standalone.dir/home/runner/work/firmware/firmware/lib/tinyusb/src/portable/raspberrypi/rp2040/dcd_rp2040.c.obj
                0x00000000100071c0                dcd_init
 .text.dcd_edpt0_status_complete
                0x0000000010007258       0x1c CMakeFiles/main_standalone.dir/home/runner/work/firmware/firmware/lib/tinyusb/src/portable/raspberrypi/rp2040/dcd_rp2040.c.obj
                0x0000000010007258                dcd_edpt0_status_complete
 .text.dcd_edpt_open
                0x0000000010007274      0x108 CMakeFiles/main_standalone.dir/home/runner/work/firmware/firmware/lib/tinyusb/src/portable/raspberrypi/rp2040/dcd_rp2040.c.obj
                0x0000000010007274                dcd_edpt_open
 .text.dcd_edpt_close_all
                0x000000001000737c        0x8 CMakeFiles/main_standalone.dir/home/runner/work/firmware/firmware/lib/tinyusb/src/portable/raspberrypi/rp2040/dcd_rp2040.c.obj
                0x000000001000737c                dcd_edpt_close_all
 .text.dcd_edpt_xfer
                0x0000000010007384       0x24 CMakeFiles/main_standalone.dir/home/runner/work/firmware/firmware/lib/tinyusb/src/portable/raspberrypi/rp2040/dcd_rp2040.c.obj
                0x0000000010007384                dcd_edpt_xfer
 .text.dcd_edpt_stall
                0x00000000100073a8       0x38 CMakeFiles/main_standalone.dir/home/runner/work/firmware/firmware/lib/tinyusb/src/portable/raspberrypi/rp2040/dcd_rp2040.c.obj
                0x00000000100073a8                dcd_edpt_stall
 .text.dcd_edpt_clear_stall
                0x00000000100073e0       0x30 CMakeFiles/main_standalone.dir/home/runner/work/firmware/firmware/lib/tinyusb/src/portable/raspberrypi/rp2040/dcd_rp2040.c.obj
                0x00000000100073e0                dcd_edpt_clear_stall
 .text.rp2040_usb_init
                0x0000000010007410       0x4c CMakeFiles/main_standalone.dir/home/runner/work/firmware/firmware/lib/tinyusb/src/portable/raspberrypi/rp2040/rp2040_usb.c.obj
                0x0000000010007410                rp2040_usb_init
 .text.hw_endpoint_xfer_start
                0x000000001000745c       0x50 CMakeFiles/main_standalone.dir/home/runner/work/firmware/firmware/lib/tinyusb/src/portable/raspberrypi/rp2040/rp2040_usb.c.obj
                0x000000001000745c                hw_endpoint_xfer_start
 .text.configuration_reset
                0x00000000100074ac       0x9c CMakeFiles/main_standalone.dir/home/runner/work/firmware/firmware/lib/tinyusb/src/device/usbd.c.obj
 .text.tud_mounted
                0x0000000010007548       0x10 CMakeFiles/main_standalone.dir/home/runner/work/firmware/firmware/lib/tinyusb/src/device/usbd.c.obj
                0x0000000010007548                tud_mounted
 .text.tud_suspended
                0x0000000010007558       0x10 CMakeFiles/main_standalone.dir/home/runner/work/firmware/firmware/lib/tinyusb/src/device/usbd.c.obj
                0x0000000010007558                tud_suspended
 .text.tud_init
                0x0000000010007568       0xf0 CMakeFiles/main_standalone.dir/home/runner/work/firmware/firmware/lib/tinyusb/src/device/usbd.c.obj
                0x0000000010007568                tud_init
 .text.tud_task_ext
                0x0000000010007658      0x744 CMakeFiles/main_standalone.dir/home/runner/work/firmware/firmware/lib/tinyusb/src/device/usbd.c.obj
                0x0000000010007658                tud_task_ext
 .text.usbd_open_edpt_pair
                0x0000000010007d9c       0x9c CMakeFiles/main_standalone.dir/home/runner/work/firmware/firmware/lib/tinyusb/src/device/usbd.c.obj
                0x0000000010007d9c                usbd_open_edpt_pair
 .text.usbd_edpt_open
                0x0000000010007e38       0x34 CMakeFiles/main_standalone.dir/home/runner/work/firmware/firmware/lib/tinyusb/src/device/usbd.c.obj
                0x0000000010007e38                usbd_edpt_open
 .text.usbd_edpt_claim
                0x0000000010007e6c       0x28 CMakeFiles/main_standalone.dir/home/runner/work/firmware/firmware/lib/tinyusb/src/device/usbd.c.obj
                0x0000000010007e6c                usbd_edpt_claim
 .text.usbd_edpt_release
                0x0000000010007e94       0x28 CMakeFiles/main_standalone.dir/home/runner/work/firmware/firmware/lib/tinyusb/src/device/usbd.c.obj
                0x0000000010007e94                usbd_edpt_release
 .text.usbd_edpt_xfer
                0x0000000010007ebc       0x4c CMakeFiles/main_standalone.dir/home/runner/work/firmware/firmware/lib/tinyusb/src/device/usbd.c.obj
                0x0000000010007ebc                usbd_edpt_xfer
 .text._data_stage_xact
                0x0000000010007f08       0x54 CMakeFiles/main_standalone.dir/home/runner/work/firmware/firmware/lib/tinyusb/src/device/usbd_control.c.obj
 .text.tud_control_status
                0x0000000010007f5c       0x30 CMakeFiles/main_standalone.dir/home/runner/work/firmware/firmware/lib/tinyusb/src/device/usbd_control.c.obj
                0x0000000010007f5c                tud_control_status
 .text.tud_control_xfer
                0x0000000010007f8c       0x70 CMakeFiles/main_standalone.dir/home/runner/work/firmware/firmware/lib/tinyusb/src/device/usbd_control.c.obj
                0x0000000010007f8c                tud_control_xfer
 .text.usbd_control_reset
                0x0000000010007ffc       0x14 CMakeFiles/main_standalone.dir/home/runner/work/firmware/firmware/lib/tinyusb/src/device/usbd_control.c.obj
                0x0000000010007ffc                usbd_control_reset
 .text.usbd_control_set_complete_callback
                0x0000000010008010        0xc CMakeFiles/main_standalone.dir/home/runner/work/firmware/firmware/lib/tinyusb/src/device/usbd_control.c.obj
                0x0000000010008010                usbd_control_set_complete_callback
 .text.usbd_control_set_request
                0x000000001000801c       0x1c CMakeFiles/main_standalone.dir/home/runner/work/firmware/firmware/lib/tinyusb/src/device/usbd_control.c.obj
                0x000000001000801c                usbd_control_set_request
 .text.usbd_control_xfer_cb
                0x0000000010008038       0xc0 CMakeFiles/main_standalone.dir/home/runner/work/firmware/firmware/lib/tinyusb/src/device/usbd_control.c.obj
                0x0000000010008038                usbd_control_xfer_cb
 .text._prep_out_transaction.isra.0
                0x00000000100080f8       0x44 CMakeFiles/main_standalone.dir/home/runner/work/firmware/firmware/lib/tinyusb/src/class/cdc/cdc_device.c.obj
 .text.tud_cdc_n_connected
                0x000000001000813c       0x34 CMakeFiles/main_standalone.dir/home/runner/work/firmware/firmware/lib/tinyusb/src/class/cdc/cdc_device.c.obj
                0x000000001000813c                tud_cdc_n_connected
 .text.tud_cdc_n_available
                0x0000000010008170       0x20 CMakeFiles/main_standalone.dir/home/runner/work/firmware/firmware/lib/tinyusb/src/class/cdc/cdc_device.c.obj
                0x0000000010008170                tud_cdc_n_available
 .text.tud_cdc_n_read
                0x0000000010008190       0x2c CMakeFiles/main_standalone.dir/home/runner/work/firmware/firmware/lib/tinyusb/src/class/cdc/cdc_device.c.obj
                0x0000000010008190                tud_cdc_n_read
 .text.tud_cdc_n_write_flush
                0x00000000100081bc       0x78 CMakeFiles/main_standalone.dir/home/runner/work/firmware/firmware/lib/tinyusb/src/class/cdc/cdc_device.c.obj
                0x00000000100081bc                tud_cdc_n_write_flush
 .text.cdcd_init
                0x0000000010008234       0x70 CMakeFiles/main_standalone.dir/home/runner/work/firmware/firmware/lib/tinyusb/src/class/cdc/cdc_device.c.obj
                0x0000000010008234                cdcd_init
 .text.cdcd_reset
                0x00000000100082a4       0x2c CMakeFiles/main_standalone.dir/home/runner/work/firmware/firmware/lib/tinyusb/src/class/cdc/cdc_device.c.obj
                0x00000000100082a4                cdcd_reset
 .text.cdcd_open
                0x00000000100082d0       0xb4 CMakeFiles/main_standalone.dir/home/runner/work/firmware/firmware/lib/tinyusb/src/class/cdc/cdc_device.c.obj
                0x00000000100082d0                cdcd_open
 .text.cdcd_control_xfer_cb
                0x0000000010008384       0xe4 CMakeFiles/main_standalone.dir/home/runner/work/firmware/firmware/lib/tinyusb/src/class/cdc/cdc_device.c.obj
                0x0000000010008384                cdcd_control_xfer_cb
 .text.cdcd_xfer_cb
                0x0000000010008468       0xfc CMakeFiles/main_standalone.dir/home/runner/work/firmware/firmware/lib/tinyusb/src/class/cdc/cdc_device.c.obj
                0x0000000010008468                cdcd_xfer_cb
 .text._prep_out_transaction
                0x0000000010008564       0x38 CMakeFiles/main_standalone.dir/home/runner/work/firmware/firmware/lib/tinyusb/src/class/vendor/vendor_device.c.obj
 .text.tud_vendor_n_write_flush
                0x000000001000859c       0x74 CMakeFiles/main_standalone.dir/home/runner/work/firmware/firmware/lib/tinyusb/src/class/vendor/vendor_device.c.obj
                0x000000001000859c                tud_vendor_n_write_flush
 .text.tud_vendor_n_write
                0x0000000010008610       0x38 CMakeFiles/main_standalone.dir/home/runner/work/firmware/firmware/lib/tinyusb/src/class/vendor/vendor_device.c.obj
                0x0000000010008610                tud_vendor_n_write
 .text.vendord_init
                0x0000000010008648       0x5c CMakeFiles/main_standalone.dir/home/runner/work/firmware/firmware/lib/tinyusb/src/class/vendor/vendor_device.c.obj
                0x0000000010008648                vendord_init
 .text.vendord_reset
                0x00000000100086a4       0x1c CMakeFiles/main_standalone.dir/home/runner/work/firmware/firmware/lib/tinyusb/src/class/vendor/vendor_device.c.obj
                0x00000000100086a4                vendord_reset
 .text.vendord_open
                0x00000000100086c0       0x9c CMakeFiles/main_standalone.dir/home/runner/work/firmware/firmware/lib/tinyusb/src/class/vendor/vendor_device.c.obj
                0x00000000100086c0                vendord_open
 .text.vendord_xfer_cb
                0x000000001000875c       0x5c CMakeFiles/main_standalone.dir/home/runner/work/firmware/firmware/lib/tinyusb/src/class/vendor/vendor_device.c.obj
                0x000000001000875c                vendord_xfer_cb
 .text.tu_edpt_claim
                0x00000000100087b8       0x50 CMakeFiles/main_standalone.dir/home/runner/work/firmware/firmware/lib/tinyusb/src/tusb.c.obj
                0x00000000100087b8                tu_edpt_claim
 .text.tu_edpt_release
                0x0000000010008808       0x38 CMakeFiles/main_standalone.dir/home/runner/work/firmware/firmware/lib/tinyusb/src/tusb.c.obj
                0x0000000010008808                tu_edpt_release
 .text.tu_edpt_validate
                0x0000000010008840       0x78 CMakeFiles/main_standalone.dir/home/runner/work/firmware/firmware/lib/tinyusb/src/tusb.c.obj
                0x0000000010008840                tu_edpt_validate
 .text.tu_edpt_bind_driver
                0x00000000100088b8       0x28 CMakeFiles/main_standalone.dir/home/runner/work/firmware/firmware/lib/tinyusb/src/tusb.c.obj
                0x00000000100088b8                tu_edpt_bind_driver
 .text._tu_fifo_peek
                0x00000000100088e0       0x5c CMakeFiles/main_standalone.dir/home/runner/work/firmware/firmware/lib/tinyusb/src/common/tusb_fifo.c.obj
 .text._tu_fifo_peek_n
                0x000000001000893c      0x200 CMakeFiles/main_standalone.dir/home/runner/work/firmware/firmware/lib/tinyusb/src/common/tusb_fifo.c.obj
 .text._tu_fifo_write_n.part.0
                0x0000000010008b3c      0x2b4 CMakeFiles/main_standalone.dir/home/runner/work/firmware/firmware/lib/tinyusb/src/common/tusb_fifo.c.obj
 .text.tu_fifo_config
                0x0000000010008df0       0x70 CMakeFiles/main_standalone.dir/home/runner/work/firmware/firmware/lib/tinyusb/src/common/tusb_fifo.c.obj
                0x0000000010008df0                tu_fifo_config
 .text.tu_fifo_count
                0x0000000010008e60       0x2c CMakeFiles/main_standalone.dir/home/runner/work/firmware/firmware/lib/tinyusb/src/common/tusb_fifo.c.obj
                0x0000000010008e60                tu_fifo_count
 .text.tu_fifo_empty
                0x0000000010008e8c       0x10 CMakeFiles/main_standalone.dir/home/runner/work/firmware/firmware/lib/tinyusb/src/common/tusb_fifo.c.obj
                0x0000000010008e8c                tu_fifo_empty
 .text.tu_fifo_remaining
                0x0000000010008e9c       0x2c CMakeFiles/main_standalone.dir/home/runner/work/firmware/firmware/lib/tinyusb/src/common/tusb_fifo.c.obj
                0x0000000010008e9c                tu_fifo_remaining
 .text.tu_fifo_read
                0x0000000010008ec8       0x50 CMakeFiles/main_standalone.dir/home/runner/work/firmware/firmware/lib/tinyusb/src/common/tusb_fifo.c.obj
                0x0000000010008ec8                tu_fifo_read
 .text.tu_fifo_read_n
                0x0000000010008f18       0x5c CMakeFiles/main_standalone.dir/home/runner/work/firmware/firmware/lib/tinyusb/src/common/tusb_fifo.c.obj
                0x0000000010008f18                tu_fifo_read_n
 .text.tu_fifo_write
                0x0000000010008f74       0x88 CMakeFiles/main_standalone.dir/home/runner/work/firmware/firmware/lib/tinyusb/src/common/tusb_fifo.c.obj
                0x0000000010008f74                tu_fifo_write
 .text.tu_fifo_write_n
                0x0000000010008ffc       0x14 CMakeFiles/main_standalone.dir/home/runner/work/firmware/firmware/lib/tinyusb/src/common/tusb_fifo.c.obj
                0x0000000010008ffc                tu_fifo_write_n
 .text.tu_fifo_clear
                0x0000000010009010       0x40 CMakeFiles/main_standalone.dir/home/runner/work/firmware/firmware/lib/tinyusb/src/common/tusb_fifo.c.obj
                0x0000000010009010                tu_fifo_clear
 .text.tu_fifo_set_overwritable
                0x0000000010009050       0x48 CMakeFiles/main_standalone.dir/home/runner/work/firmware/firmware/lib/tinyusb/src/common/tusb_fifo.c.obj
                0x0000000010009050                tu_fifo_set_overwritable
 .text          0x0000000010009098       0x48 git/libcmake_git_version_tracking.a(git.c.obj)
                0x0000000010009098                git_IsPopulated
                0x000000001000909c                git_AnyUncommittedChanges
                0x00000000100090a0                git_AuthorName
                0x00000000100090a8                git_AuthorEmail
                0x00000000100090b0                git_CommitSHA1
                0x00000000100090b8                git_CommitDate
                0x00000000100090c0                git_CommitSubject
                0x00000000100090c8                git_CommitBody
                0x00000000100090d0                git_Describe
                0x00000000100090d8                git_Branch
 .text          0x00000000100090e0       0x18 /usr/lib/gcc/arm-none-eabi/10.3.1/../../../arm-none-eabi/lib/thumb/v6-m/nofp/libg.a(lib_a-calloc.o)
                0x00000000100090e0                calloc
 .text          0x00000000100090f8       0x5c /usr/lib/gcc/arm-none-eabi/10.3.1/../../../arm-none-eabi/lib/thumb/v6-m/nofp/libg.a(lib_a-callocr.o)
                0x00000000100090f8                _calloc_r
 .text          0x0000000010009154       0x28 /usr/lib/gcc/arm-none-eabi/10.3.1/../../../arm-none-eabi/lib/thumb/v6-m/nofp/libg.a(lib_a-malloc.o)
                0x0000000010009154                malloc
                0x0000000010009168                free
 .text          0x000000001000917c      0x574 /usr/lib/gcc/arm-none-eabi/10.3.1/../../../arm-none-eabi/lib/thumb/v6-m/nofp/libg.a(lib_a-mallocr.o)
                0x000000001000917c                _malloc_r
 .text          0x00000000100096f0        0x8 /usr/lib/gcc/arm-none-eabi/10.3.1/../../../arm-none-eabi/lib/thumb/v6-m/nofp/libg.a(lib_a-mlock.o)
                0x00000000100096f0                __malloc_lock
                0x00000000100096f4                __malloc_unlock
 .text          0x00000000100096f8       0x24 /usr/lib/gcc/arm-none-eabi/10.3.1/../../../arm-none-eabi/lib/thumb/v6-m/nofp/libg.a(lib_a-sbrkr.o)
                0x00000000100096f8                _sbrk_r
 .text          0x000000001000971c       0x10 /usr/lib/gcc/arm-none-eabi/10.3.1/../../../arm-none-eabi/lib/thumb/v6-m/nofp/libg.a(lib_a-strcpy.o)
                0x000000001000971c                strcpy
 .text          0x000000001000972c       0x5c /usr/lib/gcc/arm-none-eabi/10.3.1/../../../arm-none-eabi/lib/thumb/v6-m/nofp/libg.a(lib_a-strlen-stub.o)
                0x000000001000972c                strlen
 .text          0x0000000010009788      0x260 /usr/lib/gcc/arm-none-eabi/10.3.1/../../../arm-none-eabi/lib/thumb/v6-m/nofp/libg.a(lib_a-freer.o)
                0x0000000010009788                _malloc_trim_r
                0x0000000010009824                _free_r
 *(.fini)
 .fini          0x00000000100099e8        0x4 /usr/lib/gcc/arm-none-eabi/10.3.1/thumb/v6-m/nofp/crti.o
                0x00000000100099e8                _fini
 *fill*         0x00000000100099ec        0x4 
 .fini.__stub   0x00000000100099f0       0xd0 linker stubs
 *crtbegin.o(.ctors)
 *crtbegin?.o(.ctors)
 *(EXCLUDE_FILE(*crtend.o *crtend?.o) .ctors)
 *(SORT_BY_NAME(.ctors.*))
 *(.ctors)
 *crtbegin.o(.dtors)
 *crtbegin?.o(.dtors)
 *(EXCLUDE_FILE(*crtend.o *crtend?.o) .dtors)
 *(SORT_BY_NAME(.dtors.*))
 *(.dtors)
 *(.eh_frame*)
 .eh_frame      0x0000000010009ac0        0x0 /usr/lib/gcc/arm-none-eabi/10.3.1/thumb/v6-m/nofp/crtbegin.o
                0x0000000010009ac0                . = ALIGN (0x4)

.glue_7         0x0000000010009ac0        0x0
 .glue_7        0x0000000010009ac0        0x0 linker stubs

.glue_7t        0x0000000010009ac0        0x0
 .glue_7t       0x0000000010009ac0        0x0 linker stubs

.vfp11_veneer   0x0000000010009ac0        0x0
 .vfp11_veneer  0x0000000010009ac0        0x0 linker stubs

.v4_bx          0x0000000010009ac0        0x0
 .v4_bx         0x0000000010009ac0        0x0 linker stubs

.iplt           0x0000000010009ac0        0x0
 .iplt          0x0000000010009ac0        0x0 /usr/lib/gcc/arm-none-eabi/10.3.1/thumb/v6-m/nofp/crtbegin.o

.rodata         0x0000000010009ac0      0x8dc
 *(EXCLUDE_FILE(*libm.a: *libc.a:*lib_a-mem*.o *libgcc.a:) .rodata*)
 .rodata.prvSerialDisplaySystemInfo.str1.4
                0x0000000010009ac0       0xa1 CMakeFiles/main_standalone.dir/core/main.c.obj
 *fill*         0x0000000010009b61        0x3 
 .rodata.main.str1.4
                0x0000000010009b64       0x11 CMakeFiles/main_standalone.dir/core/main.c.obj
 *fill*         0x0000000010009b75        0x3 
 .rodata.pvCreateUsbTasks.str1.4
                0x0000000010009b78        0xc CMakeFiles/main_standalone.dir/core/usb/tasks.c.obj
 .rodata.handle_custom_vendor_req
                0x0000000010009b84       0x18 CMakeFiles/main_standalone.dir/core/usb/vendor_request.c.obj
 .rodata        0x0000000010009b9c        0x6 CMakeFiles/main_standalone.dir/core/usb/vendor_request.c.obj
 *fill*         0x0000000010009ba2        0x2 
 .rodata.unknown
                0x0000000010009ba4        0x2 CMakeFiles/main_standalone.dir/core/usb/vendor_request.c.obj
                0x0000000010009ba4                unknown
 *fill*         0x0000000010009ba6        0x2 
 .rodata.version
                0x0000000010009ba8        0x3 CMakeFiles/main_standalone.dir/core/usb/vendor_request.c.obj
                0x0000000010009ba8                version
 *fill*         0x0000000010009bab        0x1 
 .rodata.desc_url
                0x0000000010009bac       0x38 CMakeFiles/main_standalone.dir/core/usb/webusb.c.obj
                0x0000000010009bac                desc_url
 .rodata.str1.4
                0x0000000010009be4       0x65 CMakeFiles/main_standalone.dir/core/tinyusb-config/usb_descriptors.c.obj
 *fill*         0x0000000010009c49        0x3 
 .rodata.__compound_literal.0
                0x0000000010009c4c        0x2 CMakeFiles/main_standalone.dir/core/tinyusb-config/usb_descriptors.c.obj
 *fill*         0x0000000010009c4e        0x2 
 .rodata.desc_bos
                0x0000000010009c50       0x39 CMakeFiles/main_standalone.dir/core/tinyusb-config/usb_descriptors.c.obj
                0x0000000010009c50                desc_bos
 *fill*         0x0000000010009c89        0x3 
 .rodata.desc_configuration
                0x0000000010009c8c       0x62 CMakeFiles/main_standalone.dir/core/tinyusb-config/usb_descriptors.c.obj
                0x0000000010009c8c                desc_configuration
 *fill*         0x0000000010009cee        0x2 
 .rodata.desc_device
                0x0000000010009cf0       0x12 CMakeFiles/main_standalone.dir/core/tinyusb-config/usb_descriptors.c.obj
                0x0000000010009cf0                desc_device
 *fill*         0x0000000010009d02        0x2 
 .rodata.desc_ms_os_20
                0x0000000010009d04       0xb2 CMakeFiles/main_standalone.dir/core/tinyusb-config/usb_descriptors.c.obj
                0x0000000010009d04                desc_ms_os_20
 *fill*         0x0000000010009db6        0x2 
 .rodata.pvRegisterBulkQueueTask.str1.4
                0x0000000010009db8        0x7 CMakeFiles/main_standalone.dir/core/tasks/bulk.c.obj
 *fill*         0x0000000010009dbf        0x1 
 .rodata.pvCreateBulkQueue.str1.4
                0x0000000010009dc0       0x13 CMakeFiles/main_standalone.dir/core/tasks/bulk.c.obj
 *fill*         0x0000000010009dd3        0x1 
 .rodata.pvRegisterMcuTempTask.str1.4
                0x0000000010009dd4        0x6 CMakeFiles/main_standalone.dir/core/tasks/mcu_temperature.c.obj
 *fill*         0x0000000010009dda        0x2 
 .rodata.spin_lock_claim.str1.4
                0x0000000010009ddc       0x1f CMakeFiles/main_standalone.dir/home/runner/work/firmware/firmware/lib/pico-sdk/src/rp2_common/hardware_sync/sync.c.obj
 *fill*         0x0000000010009dfb        0x1 
 .rodata.spin_lock_claim_unused.str1.4
                0x0000000010009dfc       0x1b CMakeFiles/main_standalone.dir/home/runner/work/firmware/firmware/lib/pico-sdk/src/rp2_common/hardware_sync/sync.c.obj
 *fill*         0x0000000010009e17        0x1 
 .rodata.hardware_alarm_claim.str1.4
                0x0000000010009e18       0x22 CMakeFiles/main_standalone.dir/home/runner/work/firmware/firmware/lib/pico-sdk/src/rp2_common/hardware_timer/timer.c.obj
 *fill*         0x0000000010009e3a        0x2 
 .rodata.panic.str1.4
                0x0000000010009e3c       0x12 CMakeFiles/main_standalone.dir/home/runner/work/firmware/firmware/lib/pico-sdk/src/rp2_common/pico_runtime/runtime.c.obj
 *fill*         0x0000000010009e4e        0x2 
 .rodata.panic_unsupported.str1.4
                0x0000000010009e50        0xe CMakeFiles/main_standalone.dir/home/runner/work/firmware/firmware/lib/pico-sdk/src/rp2_common/pico_runtime/runtime.c.obj
 *fill*         0x0000000010009e5e        0x2 
 .rodata.hard_assertion_failure.str1.4
                0x0000000010009e60        0xc CMakeFiles/main_standalone.dir/home/runner/work/firmware/firmware/lib/pico-sdk/src/rp2_common/pico_runtime/runtime.c.obj
 .rodata._ftoa.str1.4
                0x0000000010009e6c       0x15 CMakeFiles/main_standalone.dir/home/runner/work/firmware/firmware/lib/pico-sdk/src/rp2_common/pico_printf/printf.c.obj
 *fill*         0x0000000010009e81        0x3 
 .rodata._vsnprintf
                0x0000000010009e84      0x1e0 CMakeFiles/main_standalone.dir/home/runner/work/firmware/firmware/lib/pico-sdk/src/rp2_common/pico_printf/printf.c.obj
 *fill*         0x000000001000a064        0x4 
 .rodata.pow10.0
                0x000000001000a068       0x50 CMakeFiles/main_standalone.dir/home/runner/work/firmware/firmware/lib/pico-sdk/src/rp2_common/pico_printf/printf.c.obj
 .rodata.__wrap_malloc.str1.4
                0x000000001000a0b8        0xe CMakeFiles/main_standalone.dir/home/runner/work/firmware/firmware/lib/pico-sdk/src/rp2_common/pico_malloc/pico_malloc.c.obj
 *fill*         0x000000001000a0c6        0x2 
 .rodata.str1.4
                0x000000001000a0c8       0x4c CMakeFiles/main_standalone.dir/home/runner/work/firmware/firmware/lib/pico-sdk/src/rp2_common/pico_standard_link/binary_info.c.obj
 .rodata.__bi_44
                0x000000001000a114        0xc CMakeFiles/main_standalone.dir/home/runner/work/firmware/firmware/lib/pico-sdk/src/rp2_common/pico_standard_link/binary_info.c.obj
 .rodata.__bi_75
                0x000000001000a120        0xc CMakeFiles/main_standalone.dir/home/runner/work/firmware/firmware/lib/pico-sdk/src/rp2_common/pico_standard_link/binary_info.c.obj
 .rodata.__bi_81
                0x000000001000a12c        0xc CMakeFiles/main_standalone.dir/home/runner/work/firmware/firmware/lib/pico-sdk/src/rp2_common/pico_standard_link/binary_info.c.obj
 .rodata.crlf_str.0
                0x000000001000a138        0x2 CMakeFiles/main_standalone.dir/home/runner/work/firmware/firmware/lib/pico-sdk/src/rp2_common/pico_stdio/stdio.c.obj
 *fill*         0x000000001000a13a        0x2 
 .rodata.str1.4
                0x000000001000a13c       0x2c CMakeFiles/main_standalone.dir/home/runner/work/firmware/firmware/lib/pico-sdk/src/rp2_common/pico_stdio_uart/stdio_uart.c.obj
 .rodata.__bi_33.4
                0x000000001000a168        0xc CMakeFiles/main_standalone.dir/home/runner/work/firmware/firmware/lib/pico-sdk/src/rp2_common/pico_stdio_uart/stdio_uart.c.obj
 .rodata.__bi_34.5
                0x000000001000a174        0x8 CMakeFiles/main_standalone.dir/home/runner/work/firmware/firmware/lib/pico-sdk/src/rp2_common/pico_stdio_uart/stdio_uart.c.obj
 .rodata.vTaskStartScheduler.str1.4
                0x000000001000a17c        0x5 CMakeFiles/main_standalone.dir/home/runner/work/firmware/firmware/lib/freertos-smp/tasks.c.obj
 *fill*         0x000000001000a181        0x3 
 .rodata.prvCheckForValidListAndQueue.str1.4
                0x000000001000a184        0x5 CMakeFiles/main_standalone.dir/home/runner/work/firmware/firmware/lib/freertos-smp/timers.c.obj
 *fill*         0x000000001000a189        0x3 
 .rodata.xTimerCreateTimerTask.str1.4
                0x000000001000a18c        0x8 CMakeFiles/main_standalone.dir/home/runner/work/firmware/firmware/lib/freertos-smp/timers.c.obj
 .rodata.prvTimerTask
                0x000000001000a194       0x28 CMakeFiles/main_standalone.dir/home/runner/work/firmware/firmware/lib/freertos-smp/timers.c.obj
 .rodata.str1.4
                0x000000001000a1bc       0x14 CMakeFiles/main_standalone.dir/home/runner/work/firmware/firmware/lib/tinyusb/src/portable/raspberrypi/rp2040/dcd_rp2040.c.obj
 .rodata.str1.4
                0x000000001000a1d0       0x49 CMakeFiles/main_standalone.dir/home/runner/work/firmware/firmware/lib/tinyusb/src/portable/raspberrypi/rp2040/rp2040_usb.c.obj
                                         0x53 (size before relaxing)
 *fill*         0x000000001000a219        0x3 
 .rodata.tud_task_ext
                0x000000001000a21c       0x8c CMakeFiles/main_standalone.dir/home/runner/work/firmware/firmware/lib/tinyusb/src/device/usbd.c.obj
 .rodata._usbd_driver
                0x000000001000a2a8       0x30 CMakeFiles/main_standalone.dir/home/runner/work/firmware/firmware/lib/tinyusb/src/device/usbd.c.obj
 .rodata.str1.4
                0x000000001000a2d8        0x4 CMakeFiles/main_standalone.dir/home/runner/work/firmware/firmware/lib/tinyusb/hw/bsp/rp2040/family.c.obj
 .rodata.__bi_142.0
                0x000000001000a2dc        0xc CMakeFiles/main_standalone.dir/home/runner/work/firmware/firmware/lib/tinyusb/hw/bsp/rp2040/family.c.obj
 .rodata.__bi_152.1
                0x000000001000a2e8        0x8 CMakeFiles/main_standalone.dir/home/runner/work/firmware/firmware/lib/tinyusb/hw/bsp/rp2040/family.c.obj
 .rodata.str1.4
                0x000000001000a2f0       0xa9 git/libcmake_git_version_tracking.a(git.c.obj)
                                         0xad (size before relaxing)
                0x000000001000a39c                . = ALIGN (0x4)
 *fill*         0x000000001000a399        0x3 
 *(SORT_BY_ALIGNMENT(SORT_BY_NAME(.flashdata*)))
                0x000000001000a39c                . = ALIGN (0x4)

.rel.dyn        0x000000001000a39c        0x0
 .rel.iplt      0x000000001000a39c        0x0 /usr/lib/gcc/arm-none-eabi/10.3.1/thumb/v6-m/nofp/crtbegin.o

.ARM.extab
 *(.ARM.extab* .gnu.linkonce.armextab.*)
                0x000000001000a39c                __exidx_start = .

.ARM.exidx
 *(.ARM.exidx* .gnu.linkonce.armexidx.*)
                0x000000001000a39c                __exidx_end = .
                0x000000001000a39c                . = ALIGN (0x4)
                0x000000001000a39c                __binary_info_start = .

.binary_info    0x000000001000a39c       0x2c
 *(.binary_info.keep.*)
 .binary_info.keep.__bi_ptr22
                0x000000001000a39c        0x4 CMakeFiles/main_standalone.dir/home/runner/work/firmware/firmware/lib/pico-sdk/src/rp2_common/pico_standard_link/binary_info.c.obj
 .binary_info.keep.__bi_ptr30
                0x000000001000a3a0        0x4 CMakeFiles/main_standalone.dir/home/runner/work/firmware/firmware/lib/pico-sdk/src/rp2_common/pico_standard_link/binary_info.c.obj
 .binary_info.keep.__bi_ptr38
                0x000000001000a3a4        0x4 CMakeFiles/main_standalone.dir/home/runner/work/firmware/firmware/lib/pico-sdk/src/rp2_common/pico_standard_link/binary_info.c.obj
 .binary_info.keep.__bi_ptr44
                0x000000001000a3a8        0x4 CMakeFiles/main_standalone.dir/home/runner/work/firmware/firmware/lib/pico-sdk/src/rp2_common/pico_standard_link/binary_info.c.obj
 .binary_info.keep.__bi_ptr50
                0x000000001000a3ac        0x4 CMakeFiles/main_standalone.dir/home/runner/work/firmware/firmware/lib/pico-sdk/src/rp2_common/pico_standard_link/binary_info.c.obj
 .binary_info.keep.__bi_ptr75
                0x000000001000a3b0        0x4 CMakeFiles/main_standalone.dir/home/runner/work/firmware/firmware/lib/pico-sdk/src/rp2_common/pico_standard_link/binary_info.c.obj
 .binary_info.keep.__bi_ptr81
                0x000000001000a3b4        0x4 CMakeFiles/main_standalone.dir/home/runner/work/firmware/firmware/lib/pico-sdk/src/rp2_common/pico_standard_link/binary_info.c.obj
 .binary_info.keep.__bi_ptr142
                0x000000001000a3b8        0x4 CMakeFiles/main_standalone.dir/home/runner/work/firmware/firmware/lib/tinyusb/hw/bsp/rp2040/family.c.obj
 .binary_info.keep.__bi_ptr152
                0x000000001000a3bc        0x4 CMakeFiles/main_standalone.dir/home/runner/work/firmware/firmware/lib/tinyusb/hw/bsp/rp2040/family.c.obj
 *(.binary_info.*)
 .binary_info.__bi_ptr33
                0x000000001000a3c0        0x4 CMakeFiles/main_standalone.dir/home/runner/work/firmware/firmware/lib/pico-sdk/src/rp2_common/pico_stdio_uart/stdio_uart.c.obj
 .binary_info.__bi_ptr34
                0x000000001000a3c4        0x4 CMakeFiles/main_standalone.dir/home/runner/work/firmware/firmware/lib/pico-sdk/src/rp2_common/pico_stdio_uart/stdio_uart.c.obj
                0x000000001000a3c8                __binary_info_end = .
                0x000000001000a3c8                . = ALIGN (0x4)
                0x000000001000a3c8                __etext = .

.ram_vector_table
                0x0000000020000000       0xc0
 *(.ram_vector_table)
 .ram_vector_table
                0x0000000020000000       0xc0 CMakeFiles/main_standalone.dir/home/runner/work/firmware/firmware/lib/pico-sdk/src/rp2_common/pico_runtime/runtime.c.obj
                0x0000000020000000                ram_vector_table
